Component: ARM Compiler 5.06 update 7 (build 960) Tool: armlink [4d3601]

==============================================================================

Section Cross References

    main.o(.text) refers to delay.o(.text) for delay_init
    main.o(.text) refers to misc.o(.text) for NVIC_PriorityGroupConfig
    main.o(.text) refers to usart.o(.text) for uart_init
    main.o(.text) refers to led.o(.text) for LED_Init
    main.o(.text) refers to lcd.o(.text) for LCD_Init
    main.o(.text) refers to key.o(.text) for KEY_Init
    main.o(.text) refers to 24cxx.o(.text) for AT24CXX_Init
    main.o(.text) refers to lcd.o(.data) for POINT_COLOR
    main.o(.text) refers to main.o(.constdata) for TEXT_Buffer
    system_stm32f10x.o(.text) refers to system_stm32f10x.o(.data) for SystemCoreClock
    led.o(.text) refers to stm32f10x_rcc.o(.text) for RCC_APB2PeriphClockCmd
    led.o(.text) refers to stm32f10x_gpio.o(.text) for GPIO_Init
    key.o(.text) refers to stm32f10x_rcc.o(.text) for RCC_APB2PeriphClockCmd
    key.o(.text) refers to stm32f10x_gpio.o(.text) for GPIO_Init
    key.o(.text) refers to delay.o(.text) for delay_ms
    key.o(.text) refers to key.o(.data) for key_up
    lcd.o(.text) refers to _printf_percent.o(.ARM.Collect$$_printf_percent$$00000000) for _printf_percent
    lcd.o(.text) refers to _printf_x.o(.ARM.Collect$$_printf_percent$$0000000C) for _printf_x
    lcd.o(.text) refers to _printf_hex_int.o(.text) for _printf_longlong_hex
    lcd.o(.text) refers to delay.o(.text) for delay_us
    lcd.o(.text) refers to lcd.o(.bss) for lcddev
    lcd.o(.text) refers to lcd.o(.data) for POINT_COLOR
    lcd.o(.text) refers to dflt_clz.o(x$fpl$dfltu) for __aeabi_ui2d
    lcd.o(.text) refers to dmul.o(x$fpl$dmul) for __aeabi_dmul
    lcd.o(.text) refers to dfixu.o(x$fpl$dfixu) for __aeabi_d2uiz
    lcd.o(.text) refers to stm32f10x_rcc.o(.text) for RCC_AHBPeriphClockCmd
    lcd.o(.text) refers to stm32f10x_gpio.o(.text) for GPIO_Init
    lcd.o(.text) refers to stm32f10x_fsmc.o(.text) for FSMC_NORSRAMInit
    lcd.o(.text) refers to noretval__2printf.o(.text) for __2printf
    lcd.o(.text) refers to lcd.o(.constdata) for asc2_1206
    myiic.o(.text) refers to stm32f10x_rcc.o(.text) for RCC_APB2PeriphClockCmd
    myiic.o(.text) refers to stm32f10x_gpio.o(.text) for GPIO_Init
    myiic.o(.text) refers to delay.o(.text) for delay_us
    24cxx.o(.text) refers to myiic.o(.text) for IIC_Init
    24cxx.o(.text) refers to delay.o(.text) for delay_ms
    delay.o(.text) refers to misc.o(.text) for SysTick_CLKSourceConfig
    delay.o(.text) refers to system_stm32f10x.o(.data) for SystemCoreClock
    delay.o(.text) refers to delay.o(.data) for fac_us
    usart.o(.text) refers (Special) to use_no_semi_2.o(.text) for __use_no_semihosting
    usart.o(.text) refers to stm32f10x_rcc.o(.text) for RCC_APB2PeriphClockCmd
    usart.o(.text) refers to stm32f10x_gpio.o(.text) for GPIO_Init
    usart.o(.text) refers to misc.o(.text) for NVIC_Init
    usart.o(.text) refers to stm32f10x_usart.o(.text) for USART_Init
    usart.o(.text) refers to usart.o(.data) for USART_RX_STA
    usart.o(.text) refers to usart.o(.bss) for USART_RX_BUF
    usart.o(.bss) refers (Special) to use_no_semi_2.o(.text) for __use_no_semihosting
    usart.o(.data) refers (Special) to use_no_semi_2.o(.text) for __use_no_semihosting
    startup_stm32f10x_hd.o(STACK) refers (Special) to heapauxi.o(.text) for __use_two_region_memory
    startup_stm32f10x_hd.o(HEAP) refers (Special) to heapauxi.o(.text) for __use_two_region_memory
    startup_stm32f10x_hd.o(RESET) refers (Special) to heapauxi.o(.text) for __use_two_region_memory
    startup_stm32f10x_hd.o(RESET) refers to startup_stm32f10x_hd.o(STACK) for __initial_sp
    startup_stm32f10x_hd.o(RESET) refers to startup_stm32f10x_hd.o(.text) for Reset_Handler
    startup_stm32f10x_hd.o(RESET) refers to stm32f10x_it.o(.text) for NMI_Handler
    startup_stm32f10x_hd.o(RESET) refers to usmart.o(.text) for TIM4_IRQHandler
    startup_stm32f10x_hd.o(RESET) refers to usart.o(.text) for USART1_IRQHandler
    startup_stm32f10x_hd.o(.text) refers (Special) to heapauxi.o(.text) for __use_two_region_memory
    startup_stm32f10x_hd.o(.text) refers to system_stm32f10x.o(.text) for SystemInit
    startup_stm32f10x_hd.o(.text) refers to __main.o(!!!main) for __main
    startup_stm32f10x_hd.o(.text) refers to startup_stm32f10x_hd.o(HEAP) for Heap_Mem
    startup_stm32f10x_hd.o(.text) refers to startup_stm32f10x_hd.o(STACK) for Stack_Mem
    stm32f10x_gpio.o(.text) refers to stm32f10x_rcc.o(.text) for RCC_APB2PeriphResetCmd
    stm32f10x_rcc.o(.text) refers to stm32f10x_rcc.o(.data) for APBAHBPrescTable
    stm32f10x_usart.o(.text) refers to stm32f10x_rcc.o(.text) for RCC_APB2PeriphResetCmd
    stm32f10x_tim.o(.text) refers to stm32f10x_rcc.o(.text) for RCC_APB2PeriphResetCmd
    usmart.o(.text) refers to _printf_percent.o(.ARM.Collect$$_printf_percent$$00000000) for _printf_percent
[...]
    libinit2.o(.ARM.Collect$$libinit$$00000014) refers to libinit2.o(.ARM.Collect$$libinit$$0000000F) for .ARM.Collect$$libinit$$0000000F
    libinit2.o(.ARM.Collect$$libinit$$00000016) refers to libinit2.o(.ARM.Collect$$libinit$$0000000F) for .ARM.Collect$$libinit$$0000000F
    libinit2.o(.ARM.Collect$$libinit$$00000018) refers to libinit2.o(.ARM.Collect$$libinit$$0000000F) for .ARM.Collect$$libinit$$0000000F
    libinit2.o(.ARM.Collect$$libinit$$00000026) refers to argv_veneer.o(.emb_text) for __ARM_argv_veneer
    libinit2.o(.ARM.Collect$$libinit$$00000027) refers to argv_veneer.o(.emb_text) for __ARM_argv_veneer
    rtexit2.o(.ARM.Collect$$rtexit$$00000003) refers to libshutdown.o(.ARM.Collect$$libshutdown$$00000000) for __rt_lib_shutdown
    rtexit2.o(.ARM.Collect$$rtexit$$00000004) refers to usart.o(.text) for _sys_exit
    rtexit2.o(.ARM.exidx) refers to rtexit2.o(.ARM.Collect$$rtexit$$00000001) for .ARM.Collect$$rtexit$$00000001
    rtexit2.o(.ARM.exidx) refers to rtexit2.o(.ARM.Collect$$rtexit$$00000003) for .ARM.Collect$$rtexit$$00000003
    rtexit2.o(.ARM.exidx) refers to rtexit2.o(.ARM.Collect$$rtexit$$00000004) for .ARM.Collect$$rtexit$$00000004
    argv_veneer.o(.emb_text) refers to no_argv.o(.text) for __ARM_get_argv
    _get_argv_nomalloc.o(.text) refers (Special) to hrguard.o(.text) for __heap_region$guard
    _get_argv_nomalloc.o(.text) refers to defsig_rtmem_outer.o(.text) for __rt_SIGRTMEM
    _get_argv_nomalloc.o(.text) refers to sys_command.o(.text) for _sys_command_string
    libshutdown.o(.ARM.Collect$$libshutdown$$00000000) refers (Special) to libshutdown2.o(.ARM.Collect$$libshutdown$$00000004) for __rt_lib_shutdown_cpp_1
    libshutdown.o(.ARM.Collect$$libshutdown$$00000000) refers (Special) to libshutdown2.o(.ARM.Collect$$libshutdown$$00000002) for __rt_lib_shutdown_fini_1
    libshutdown.o(.ARM.Collect$$libshutdown$$00000000) refers (Special) to libshutdown2.o(.ARM.Collect$$libshutdown$$00000009) for __rt_lib_shutdown_fp_trap_1
    libshutdown.o(.ARM.Collect$$libshutdown$$00000000) refers (Special) to libshutdown2.o(.ARM.Collect$$libshutdown$$00000011) for __rt_lib_shutdown_heap_1
    libshutdown.o(.ARM.Collect$$libshutdown$$00000000) refers (Special) to libshutdown2.o(.ARM.Collect$$libshutdown$$00000012) for __rt_lib_shutdown_return
    libshutdown.o(.ARM.Collect$$libshutdown$$00000000) refers (Special) to libshutdown2.o(.ARM.Collect$$libshutdown$$0000000C) for __rt_lib_shutdown_signal_1
    libshutdown.o(.ARM.Collect$$libshutdown$$00000000) refers (Special) to libshutdown2.o(.ARM.Collect$$libshutdown$$00000006) for __rt_lib_shutdown_stdio_1
    libshutdown.o(.ARM.Collect$$libshutdown$$00000000) refers (Special) to libshutdown2.o(.ARM.Collect$$libshutdown$$0000000E) for __rt_lib_shutdown_user_alloc_1
    sys_command.o(.text) refers (Special) to use_no_semi.o(.text) for __I$use$semihosting
    sys_command.o(.text) refers (Special) to indicate_semi.o(.text) for __semihosting_library_function
    defsig_rtmem_outer.o(.text) refers to defsig_rtmem_inner.o(.text) for __rt_SIGRTMEM_inner
    defsig_rtmem_outer.o(.text) refers to defsig_exit.o(.text) for __sig_exit
    defsig_rtmem_formal.o(.text) refers to rt_raise.o(.text) for __rt_raise
    rt_raise.o(.text) refers to __raise.o(.text) for __raise
    rt_raise.o(.text) refers to usart.o(.text) for _sys_exit
    defsig_exit.o(.text) refers to usart.o(.text) for _sys_exit
    defsig_rtmem_inner.o(.text) refers to defsig_general.o(.text) for __default_signal_display
    __raise.o(.text) refers to defsig.o(CL$$defsig) for __default_signal_handler
    defsig_general.o(.text) refers to sys_wrch.o(.text) for _ttywrch
    sys_wrch.o(.text) refers (Special) to use_no_semi.o(.text) for __I$use$semihosting
    sys_wrch.o(.text) refers (Special) to indicate_semi.o(.text) for __semihosting_library_function
    defsig.o(CL$$defsig) refers to defsig_rtmem_inner.o(.text) for __rt_SIGRTMEM_inner
    defsig_abrt_inner.o(.text) refers to defsig_general.o(.text) for __default_signal_display
    defsig_fpe_inner.o(.text) refers to defsig_general.o(.text) for __default_signal_display
    defsig_rtred_inner.o(.text) refers to defsig_general.o(.text) for __default_signal_display
    defsig_stak_inner.o(.text) refers to defsig_general.o(.text) for __default_signal_display
    defsig_pvfn_inner.o(.text) refers to defsig_general.o(.text) for __default_signal_display
    defsig_cppl_inner.o(.text) refers to defsig_general.o(.text) for __default_signal_display
    defsig_segv_inner.o(.text) refers to defsig_general.o(.text) for __default_signal_display
    defsig_other.o(.text) refers to defsig_general.o(.text) for __default_signal_display


==============================================================================

Removing Unused input sections from the image.

    Removing sys.o(.emb_text), (6 bytes).
    Removing sys.o(.text), (12 bytes).
    Removing core_cm3.o(.emb_text), (32 bytes).

3 unused section(s) (total 50 bytes) removed from the image.

==============================================================================

Image Symbol Table

    Local Symbols

    Symbol Name                              Value     Ov Type        Size  Object(Section)

    ../clib/angel/boardlib.s                 0x00000000   Number         0  boardinit2.o ABSOLUTE
    ../clib/angel/boardlib.s                 0x00000000   Number         0  boardinit3.o ABSOLUTE
    ../clib/angel/boardlib.s                 0x00000000   Number         0  boardinit1.o ABSOLUTE
    ../clib/angel/boardlib.s                 0x00000000   Number         0  boardshut.o ABSOLUTE
    ../clib/angel/dczerorl2.s                0x00000000   Number         0  __dczerorl2.o ABSOLUTE
    ../clib/angel/handlers.s                 0x00000000   Number         0  __scatter_zi.o ABSOLUTE
    ../clib/angel/kernel.s                   0x00000000   Number         0  __rtentry.o ABSOLUTE
    ../clib/angel/kernel.s                   0x00000000   Number         0  __rtentry2.o ABSOLUTE
    ../clib/angel/kernel.s                   0x00000000   Number         0  __rtentry4.o ABSOLUTE
    ../clib/angel/kernel.s                   0x00000000   Number         0  rtexit.o ABSOLUTE
    ../clib/angel/kernel.s                   0x00000000   Number         0  rtexit2.o ABSOLUTE
    ../clib/angel/rt.s                       0x00000000   Number         0  rt_raise.o ABSOLUTE
    ../clib/angel/scatter.s                  0x00000000   Number         0  __scatter.o ABSOLUTE
    ../clib/angel/startup.s                  0x00000000   Number         0  __main.o ABSOLUTE
    ../clib/angel/sys.s                      0x00000000   Number         0  use_no_semi.o ABSOLUTE
    ../clib/angel/sys.s                      0x00000000   Number         0  sys_stackheap_outer.o ABSOLUTE
    ../clib/angel/sys.s                      0x00000000   Number         0  use_no_semi_2.o ABSOLUTE
    ../clib/angel/sys.s                      0x00000000   Number         0  indicate_semi.o ABSOLUTE
    ../clib/angel/sys.s                      0x00000000   Number         0  libspace.o ABSOLUTE
    ../clib/angel/sysapp.c                   0x00000000   Number         0  sys_wrch.o ABSOLUTE
    ../clib/angel/sysapp.c                   0x00000000   Number         0  sys_command.o ABSOLUTE
    ../clib/armsys.c                         0x00000000   Number         0  argv_veneer.o ABSOLUTE
    ../clib/armsys.c                         0x00000000   Number         0  no_argv.o ABSOLUTE
    ../clib/armsys.c                         0x00000000   Number         0  _get_argv_nomalloc.o ABSOLUTE
    ../clib/armsys.c                         0x00000000   Number         0  argv_veneer.o ABSOLUTE
    ../clib/heapalloc.c                      0x00000000   Number         0  hrguard.o ABSOLUTE
    ../clib/heapaux.c                        0x00000000   Number         0  heapauxi.o ABSOLUTE
    ../clib/libinit.s                        0x00000000   Number         0  libinit.o ABSOLUTE
    ../clib/libinit.s                        0x00000000   Number         0  libshutdown2.o ABSOLUTE
    ../clib/libinit.s                        0x00000000   Number         0  libinit2.o ABSOLUTE
    ../clib/libinit.s                        0x00000000   Number         0  libshutdown.o ABSOLUTE
    ../clib/misc.s                           0x00000000   Number         0  printf_stubs.o ABSOLUTE
    ../clib/printf.c                         0x00000000   Number         0  _printf_char_common.o ABSOLUTE
    ../clib/printf.c                         0x00000000   Number         0  __printf_nopercent.o ABSOLUTE
    ../clib/printf.c                         0x00000000   Number         0  __2printf.o ABSOLUTE
    ../clib/printf.c                         0x00000000   Number         0  noretval__2printf.o ABSOLUTE
    ../clib/printf.c                         0x00000000   Number         0  __printf.o ABSOLUTE
    ../clib/printf.c                         0x00000000   Number         0  _printf_pad.o ABSOLUTE
    ../clib/printf.c                         0x00000000   Number         0  _printf_str.o ABSOLUTE
    ../clib/printf.c                         0x00000000   Number         0  _printf_dec.o ABSOLUTE
    ../clib/printf.c                         0x00000000   Number         0  _printf_hex_ll.o ABSOLUTE
    ../clib/printf.c                         0x00000000   Number         0  _printf_hex_int.o ABSOLUTE
    ../clib/printf.c                         0x00000000   Number         0  _printf_hex_int_ll.o ABSOLUTE
    ../clib/printf.c                         0x00000000   Number         0  _printf_hex_ptr.o ABSOLUTE
    ../clib/printf.c                         0x00000000   Number         0  _printf_hex_int_ptr.o ABSOLUTE
    ../clib/printf.c                         0x00000000   Number         0  _printf_hex_ll_ptr.o ABSOLUTE
    ../clib/printf.c                         0x00000000   Number         0  _printf_hex_int_ll_ptr.o ABSOLUTE
    ../clib/printf.c                         0x00000000   Number         0  __printf_flags.o ABSOLUTE
    ../clib/printf.c                         0x00000000   Number         0  __printf_ss.o ABSOLUTE
    ../clib/printf.c                         0x00000000   Number         0  __printf_wp.o ABSOLUTE
    ../clib/printf.c                         0x00000000   Number         0  __printf_flags_wp.o ABSOLUTE
    ../clib/printf.c                         0x00000000   Number         0  __printf_ss_wp.o ABSOLUTE
    ../clib/printf.c                         0x00000000   Number         0  __printf_flags_ss_wp.o ABSOLUTE
    ../clib/printf.c                         0x00000000   Number         0  _printf_char_file.o ABSOLUTE
    ../clib/printf.c                         0x00000000   Number         0  _printf_char.o ABSOLUTE
    ../clib/printf.c                         0x00000000   Number         0  _printf_intcommon.o ABSOLUTE
    ../clib/printf.c                         0x00000000   Number         0  __printf_flags_ss.o ABSOLUTE
    ../clib/printf_percent.s                 0x00000000   Number         0  _printf_d.o ABSOLUTE
    ../clib/printf_percent.s                 0x00000000   Number         0  _printf_u.o ABSOLUTE
    ../clib/printf_percent.s                 0x00000000   Number         0  _printf_percent.o ABSOLUTE
    ../clib/printf_percent.s                 0x00000000   Number         0  _printf_x.o ABSOLUTE
    ../clib/printf_percent.s                 0x00000000   Number         0  _printf_s.o ABSOLUTE
    ../clib/printf_percent.s                 0x00000000   Number         0  _printf_c.o ABSOLUTE
    ../clib/printf_percent.s                 0x00000000   Number         0  _printf_percent_end.o ABSOLUTE
    ../clib/signal.c                         0x00000000   Number         0  __raise.o ABSOLUTE
    ../clib/signal.c                         0x00000000   Number         0  defsig_rtmem_outer.o ABSOLUTE
    ../clib/signal.c                         0x00000000   Number         0  defsig_rtmem_formal.o ABSOLUTE
    ../clib/signal.c                         0x00000000   Number         0  defsig_other.o ABSOLUTE
    ../clib/signal.c                         0x00000000   Number         0  defsig_segv_inner.o ABSOLUTE
    ../clib/signal.c                         0x00000000   Number         0  defsig_cppl_inner.o ABSOLUTE
    ../clib/signal.c                         0x00000000   Number         0  defsig_pvfn_inner.o ABSOLUTE
    ../clib/signal.c                         0x00000000   Number         0  defsig_abrt_inner.o ABSOLUTE
    ../clib/signal.c                         0x00000000   Number         0  defsig_stak_inner.o ABSOLUTE
    ../clib/signal.c                         0x00000000   Number         0  defsig_rtred_inner.o ABSOLUTE
    ../clib/signal.c                         0x00000000   Number         0  defsig_fpe_inner.o ABSOLUTE
    ../clib/signal.c                         0x00000000   Number         0  defsig_rtmem_inner.o ABSOLUTE
    ../clib/signal.c                         0x00000000   Number         0  defsig_exit.o ABSOLUTE
    ../clib/signal.c                         0x00000000   Number         0  defsig_general.o ABSOLUTE
    ../clib/signal.s                         0x00000000   Number         0  defsig.o ABSOLUTE
    ../clib/stdio.c                          0x00000000   Number         0  ferror_locked.o ABSOLUTE
    ../clib/stdio.c                          0x00000000   Number         0  ferror.o ABSOLUTE
    ../clib/stdlib.c                         0x00000000   Number         0  exit.o ABSOLUTE
    ../fplib/dfixu.s                         0x00000000   Number         0  dfixu.o ABSOLUTE
    ../fplib/dflt.s                          0x00000000   Number         0  dflt_clz.o ABSOLUTE
    ../fplib/dmul.s                          0x00000000   Number         0  dmul.o ABSOLUTE
    ../fplib/dnaninf.s                       0x00000000   Number         0  dnaninf.o ABSOLUTE
    ../fplib/dretinf.s                       0x00000000   Number         0  dretinf.o ABSOLUTE
    ../fplib/fpinit.s                        0x00000000   Number         0  fpinit.o ABSOLUTE
    ../fplib/usenofp.s                       0x00000000   Number         0  usenofp.o ABSOLUTE
    ..\CORE\core_cm3.c                       0x00000000   Number         0  core_cm3.o ABSOLUTE
    ..\CORE\startup_stm32f10x_hd.s           0x00000000   Number         0  startup_stm32f10x_hd.o ABSOLUTE
    ..\HARDWARE\24CXX\24cxx.c                0x00000000   Number         0  24cxx.o ABSOLUTE
    ..\HARDWARE\IIC\myiic.c                  0x00000000   Number         0  myiic.o ABSOLUTE
    ..\HARDWARE\KEY\key.c                    0x00000000   Number         0  key.o ABSOLUTE
    ..\HARDWARE\LCD\lcd.c                    0x00000000   Number         0  lcd.o ABSOLUTE
    ..\HARDWARE\LED\led.c                    0x00000000   Number         0  led.o ABSOLUTE
    ..\STM32F10x_FWLib\src\misc.c            0x00000000   Number         0  misc.o ABSOLUTE
    ..\STM32F10x_FWLib\src\stm32f10x_fsmc.c  0x00000000   Number         0  stm32f10x_fsmc.o ABSOLUTE
    ..\STM32F10x_FWLib\src\stm32f10x_gpio.c  0x00000000   Number         0  stm32f10x_gpio.o ABSOLUTE
    ..\STM32F10x_FWLib\src\stm32f10x_rcc.c   0x00000000   Number         0  stm32f10x_rcc.o ABSOLUTE
    ..\STM32F10x_FWLib\src\stm32f10x_tim.c   0x00000000   Number         0  stm32f10x_tim.o ABSOLUTE
    ..\STM32F10x_FWLib\src\stm32f10x_usart.c 0x00000000   Number         0  stm32f10x_usart.o ABSOLUTE
    ..\SYSTEM\delay\delay.c                  0x00000000   Number         0  delay.o ABSOLUTE
    ..\SYSTEM\sys\sys.c                      0x00000000   Number         0  sys.o ABSOLUTE
    ..\SYSTEM\usart\usart.c                  0x00000000   Number         0  usart.o ABSOLUTE
    ..\USMART\usmart.c                       0x00000000   Number         0  usmart.o ABSOLUTE
    ..\USMART\usmart_config.c                0x00000000   Number         0  usmart_config.o ABSOLUTE
    ..\USMART\usmart_str.c                   0x00000000   Number         0  usmart_str.o ABSOLUTE
    ..\\CORE\\core_cm3.c                     0x00000000   Number         0  core_cm3.o ABSOLUTE
    ..\\SYSTEM\\sys\\sys.c                   0x00000000   Number         0  sys.o ABSOLUTE
    dc.s                                     0x00000000   Number         0  dc.o ABSOLUTE
    main.c                                   0x00000000   Number         0  main.o ABSOLUTE
    stm32f10x_it.c                           0x00000000   Number         0  stm32f10x_it.o ABSOLUTE
    system_stm32f10x.c                       0x00000000   Number         0  system_stm32f10x.o ABSOLUTE
    RESET                                    0x08000000   Section      304  startup_stm32f10x_hd.o(RESET)
    !!!main                                  0x08000130   Section        8  __main.o(!!!main)
    !!!scatter                               0x08000138   Section       52  __scatter.o(!!!scatter)
    !!dczerorl2                              0x0800016c   Section       90  __dczerorl2.o(!!dczerorl2)
    !!handler_zi                             0x080001c8   Section       28  __scatter_zi.o(!!handler_zi)
    .ARM.Collect$$_printf_percent$$00000000  0x080001e4   Section        0  _printf_percent.o(.ARM.Collect$$_printf_percent$$00000000)
    .ARM.Collect$$_printf_percent$$00000009  0x080001e4   Section        6  _printf_d.o(.ARM.Collect$$_printf_percent$$00000009)
    .ARM.Collect$$_printf_percent$$0000000A  0x080001ea   Section        6  _printf_u.o(.ARM.Collect$$_printf_percent$$0000000A)
    .ARM.Collect$$_printf_percent$$0000000C  0x080001f0   Section        6  _printf_x.o(.ARM.Collect$$_printf_percent$$0000000C)
    .ARM.Collect$$_printf_percent$$00000013  0x080001f6   Section        6  _printf_c.o(.ARM.Collect$$_printf_percent$$00000013)
    .ARM.Collect$$_printf_percent$$00000014  0x080001fc   Section        6  _printf_s.o(.ARM.Collect$$_printf_percent$$00000014)
    .ARM.Collect$$_printf_percent$$00000017  0x08000202   Section        4  _printf_percent_end.o(.ARM.Collect$$_printf_percent$$00000017)
    .ARM.Collect$$libinit$$00000000          0x08000206   Section        2  libinit.o(.ARM.Collect$$libinit$$00000000)
    .ARM.Collect$$libinit$$00000002          0x08000208   Section        0  libinit2.o(.ARM.Collect$$libinit$$00000002)
    .ARM.Collect$$libinit$$00000004          0x08000208   Section        0  libinit2.o(.ARM.Collect$$libinit$$00000004)
    .ARM.Collect$$libinit$$0000000A          0x08000208   Section        0  libinit2.o(.ARM.Collect$$libinit$$0000000A)
    .ARM.Collect$$libinit$$0000000C          0x08000208   Section        0  libinit2.o(.ARM.Collect$$libinit$$0000000C)
    .ARM.Collect$$libinit$$0000000E          0x08000208   Section        0  libinit2.o(.ARM.Collect$$libinit$$0000000E)
    .ARM.Collect$$libinit$$00000011          0x08000208   Section        0  libinit2.o(.ARM.Collect$$libinit$$00000011)
    .ARM.Collect$$libinit$$00000013          0x08000208   Section        0  libinit2.o(.ARM.Collect$$libinit$$00000013)
    .ARM.Collect$$libinit$$00000015          0x08000208   Section        0  libinit2.o(.ARM.Collect$$libinit$$00000015)
    .ARM.Collect$$libinit$$00000017          0x08000208   Section        0  libinit2.o(.ARM.Collect$$libinit$$00000017)
    .ARM.Collect$$libinit$$00000019          0x08000208   Section        0  libinit2.o(.ARM.Collect$$libinit$$00000019)
    .ARM.Collect$$libinit$$0000001B          0x08000208   Section        0  libinit2.o(.ARM.Collect$$libinit$$0000001B)
    .ARM.Collect$$libinit$$0000001D          0x08000208   Section        0  libinit2.o(.ARM.Collect$$libinit$$0000001D)
    .ARM.Collect$$libinit$$0000001F          0x08000208   Section        0  libinit2.o(.ARM.Collect$$libinit$$0000001F)
    .ARM.Collect$$libinit$$00000021          0x08000208   Section        0  libinit2.o(.ARM.Collect$$libinit$$00000021)
    .ARM.Collect$$libinit$$00000023          0x08000208   Section        0  libinit2.o(.ARM.Collect$$libinit$$00000023)
    .ARM.Collect$$libinit$$00000025          0x08000208   Section        0  libinit2.o(.ARM.Collect$$libinit$$00000025)
    .ARM.Collect$$libinit$$0000002C          0x08000208   Section        0  libinit2.o(.ARM.Collect$$libinit$$0000002C)
    .ARM.Collect$$libinit$$0000002E          0x08000208   Section        0  libinit2.o(.ARM.Collect$$libinit$$0000002E)
    .ARM.Collect$$libinit$$00000030          0x08000208   Section        0  libinit2.o(.ARM.Collect$$libinit$$00000030)
    .ARM.Collect$$libinit$$00000032          0x08000208   Section        0  libinit2.o(.ARM.Collect$$libinit$$00000032)
    .ARM.Collect$$libinit$$00000033          0x08000208   Section        2  libinit2.o(.ARM.Collect$$libinit$$00000033)
    .ARM.Collect$$libshutdown$$00000000      0x0800020a   Section        2  libshutdown.o(.ARM.Collect$$libshutdown$$00000000)
    .ARM.Collect$$libshutdown$$00000002      0x0800020c   Section        0  libshutdown2.o(.ARM.Collect$$libshutdown$$00000002)
    .ARM.Collect$$libshutdown$$00000004      0x0800020c   Section        0  libshutdown2.o(.ARM.Collect$$libshutdown$$00000004)
    .ARM.Collect$$libshutdown$$00000006      0x0800020c   Section        0  libshutdown2.o(.ARM.Collect$$libshutdown$$00000006)
    .ARM.Collect$$libshutdown$$00000009      0x0800020c   Section        0  libshutdown2.o(.ARM.Collect$$libshutdown$$00000009)
    .ARM.Collect$$libshutdown$$0000000C      0x0800020c   Section        0  libshutdown2.o(.ARM.Collect$$libshutdown$$0000000C)
    .ARM.Collect$$libshutdown$$0000000E      0x0800020c   Section        0  libshutdown2.o(.ARM.Collect$$libshutdown$$0000000E)
    .ARM.Collect$$libshutdown$$00000011      0x0800020c   Section        0  libshutdown2.o(.ARM.Collect$$libshutdown$$00000011)
    .ARM.Collect$$libshutdown$$00000012      0x0800020c   Section        2  libshutdown2.o(.ARM.Collect$$libshutdown$$00000012)
    .ARM.Collect$$rtentry$$00000000          0x0800020e   Section        0  __rtentry.o(.ARM.Collect$$rtentry$$00000000)
    .ARM.Collect$$rtentry$$00000002          0x0800020e   Section        0  __rtentry2.o(.ARM.Collect$$rtentry$$00000002)
    .ARM.Collect$$rtentry$$00000004          0x0800020e   Section        6  __rtentry4.o(.ARM.Collect$$rtentry$$00000004)
    .ARM.Collect$$rtentry$$00000009          0x08000214   Section        0  __rtentry2.o(.ARM.Collect$$rtentry$$00000009)
    .ARM.Collect$$rtentry$$0000000A          0x08000214   Section        4  __rtentry2.o(.ARM.Collect$$rtentry$$0000000A)
    .ARM.Collect$$rtentry$$0000000C          0x08000218   Section        0  __rtentry2.o(.ARM.Collect$$rtentry$$0000000C)
    .ARM.Collect$$rtentry$$0000000D          0x08000218   Section        8  __rtentry2.o(.ARM.Collect$$rtentry$$0000000D)
    .ARM.Collect$$rtexit$$00000000           0x08000220   Section        2  rtexit.o(.ARM.Collect$$rtexit$$00000000)
    .ARM.Collect$$rtexit$$00000002           0x08000222   Section        0  rtexit2.o(.ARM.Collect$$rtexit$$00000002)
    .ARM.Collect$$rtexit$$00000003           0x08000222   Section        4  rtexit2.o(.ARM.Collect$$rtexit$$00000003)
    .ARM.Collect$$rtexit$$00000004           0x08000226   Section        6  rtexit2.o(.ARM.Collect$$rtexit$$00000004)
    .text                                    0x0800022c   Section        0  main.o(.text)
    .text                                    0x080004dc   Section        0  stm32f10x_it.o(.text)
    .text                                    0x080004f8   Section        0  system_stm32f10x.o(.text)
    SetSysClockTo72                          0x080004f9   Thumb Code   214  system_stm32f10x.o(.text)
    SetSysClock                              0x080005cf   Thumb Code     8  system_stm32f10x.o(.text)
    .text                                    0x080006d8   Section        0  led.o(.text)
    .text                                    0x08000724   Section        0  key.o(.text)
    .text                                    0x080007fc   Section        0  lcd.o(.text)
    .text                                    0x08005254   Section        0  myiic.o(.text)
    .text                                    0x080054b4   Section        0  24cxx.o(.text)
    .text                                    0x08005630   Section        0  delay.o(.text)
    .text                                    0x08005704   Section        0  usart.o(.text)
    .text                                    0x08005844   Section       64  startup_stm32f10x_hd.o(.text)
    .text                                    0x08005884   Section        0  misc.o(.text)
    .text                                    0x08005960   Section        0  stm32f10x_fsmc.o(.text)
    .text                                    0x08005f6c   Section        0  stm32f10x_gpio.o(.text)
    .text                                    0x080062c8   Section        0  stm32f10x_rcc.o(.text)
    .text                                    0x0800666c   Section        0  stm32f10x_usart.o(.text)
    .text                                    0x08006a74   Section        0  stm32f10x_tim.o(.text)
    TI4_Config                               0x08006f1b   Thumb Code   130  stm32f10x_tim.o(.text)
    TI3_Config                               0x08006faf   Thumb Code   122  stm32f10x_tim.o(.text)
    TI2_Config                               0x08007043   Thumb Code   130  stm32f10x_tim.o(.text)
    TI1_Config                               0x080070d7   Thumb Code   108  stm32f10x_tim.o(.text)
    .text                                    0x08007890   Section        0  usmart.o(.text)
    .text                                    0x080084c8   Section        0  usmart_str.o(.text)
    .text                                    0x080089f0   Section        2  use_no_semi_2.o(.text)
    .text                                    0x080089f4   Section        0  noretval__2printf.o(.text)
    .text                                    0x08008a0c   Section        0  _printf_pad.o(.text)
    .text                                    0x08008a5a   Section        0  _printf_str.o(.text)
    .text                                    0x08008aac   Section        0  _printf_dec.o(.text)
    .text                                    0x08008b24   Section        0  _printf_hex_int.o(.text)
    .text                                    0x08008b7c   Section        0  __printf_flags_ss_wp.o(.text)
    .text                                    0x08008d04   Section        0  heapauxi.o(.text)
    .text                                    0x08008d0a   Section        2  use_no_semi.o(.text)
    .text                                    0x08008d0c   Section        0  _printf_intcommon.o(.text)
    .text                                    0x08008dbe   Section        0  _printf_char.o(.text)
    .text                                    0x08008dec   Section        0  _printf_char_file.o(.text)
    .text                                    0x08008e10   Section        0  _printf_char_common.o(.text)
    _printf_input_char                       0x08008e11   Thumb Code    10  _printf_char_common.o(.text)
    .text                                    0x08008e40   Section        0  ferror.o(.text)
    .text                                    0x08008e48   Section       74  sys_stackheap_outer.o(.text)
    .text                                    0x08008e92   Section        0  exit.o(.text)
    .text                                    0x08008ea4   Section        8  libspace.o(.text)
    i._is_digit                              0x08008eac   Section        0  __printf_wp.o(i._is_digit)
    x$fpl$dfixu                              0x08008ebc   Section       90  dfixu.o(x$fpl$dfixu)
    x$fpl$dfltu                              0x08008f16   Section       38  dflt_clz.o(x$fpl$dfltu)
    x$fpl$dmul                               0x08008f3c   Section      340  dmul.o(x$fpl$dmul)
    x$fpl$dnaninf                            0x08009090   Section      156  dnaninf.o(x$fpl$dnaninf)
    x$fpl$dretinf                            0x0800912c   Section       12  dretinf.o(x$fpl$dretinf)
    .constdata                               0x08009138   Section       21  main.o(.constdata)
    x$fpl$usenofp                            0x08009138   Section        0  usenofp.o(x$fpl$usenofp)
    .constdata                               0x0800914d   Section     6080  lcd.o(.constdata)
    .constdata                               0x0800a90d   Section       40  _printf_hex_int.o(.constdata)
    uc_hextab                                0x0800a90d   Data          20  _printf_hex_int.o(.constdata)
    lc_hextab                                0x0800a921   Data          20  _printf_hex_int.o(.constdata)
    .constdata                               0x0800a935   Section       17  __printf_flags_ss_wp.o(.constdata)
    maptable                                 0x0800a935   Data          17  __printf_flags_ss_wp.o(.constdata)
    .conststring                             0x0800a948   Section       40  usmart.o(.conststring)
    .conststring                             0x0800a970   Section      203  usmart_config.o(.conststring)
    .data                                    0x20000000   Section       20  system_stm32f10x.o(.data)
    .data                                    0x20000014   Section        1  key.o(.data)
    key_up                                   0x20000014   Data           1  key.o(.data)
    .data                                    0x20000016   Section        4  lcd.o(.data)
    .data                                    0x2000001a   Section        4  delay.o(.data)
    fac_us                                   0x2000001a   Data           1  delay.o(.data)
    fac_ms                                   0x2000001c   Data           2  delay.o(.data)
    .data                                    0x20000020   Section        6  usart.o(.data)
    .data                                    0x20000026   Section       20  stm32f10x_rcc.o(.data)
    APBAHBPrescTable                         0x20000026   Data          16  stm32f10x_rcc.o(.data)
    ADCPrescTable                            0x20000036   Data           4  stm32f10x_rcc.o(.data)
    .data                                    0x2000003c   Section       28  usmart.o(.data)
    .data                                    0x20000058   Section      292  usmart_config.o(.data)
    .bss                                     0x2000017c   Section       14  lcd.o(.bss)
    .bss                                     0x2000018a   Section      200  usart.o(.bss)
    .bss                                     0x20000254   Section       96  libspace.o(.bss)
    HEAP                                     0x200002b8   Section      512  startup_stm32f10x_hd.o(HEAP)
    Heap_Mem                                 0x200002b8   Data         512  startup_stm32f10x_hd.o(HEAP)
    STACK                                    0x200004b8   Section     1024  startup_stm32f10x_hd.o(STACK)
    Stack_Mem                                0x200004b8   Data        1024  startup_stm32f10x_hd.o(STACK)
    __initial_sp                             0x200008b8   Data           0  startup_stm32f10x_hd.o(STACK)

    Global Symbols

    Symbol Name                              Value     Ov Type        Size  Object(Section)

    BuildAttributes$$THM_ISAv4$P$D$K$B$S$PE$A:L22UL41UL21$X:L11$S22US41US21$IEEE1$IW$USESV6$~STKCKD$USESV7$~SHL$OSPACE$ROPI$EBA8$UX$STANDARDLIB$REQ8$PRES8$EABIv2 0x00000000   Number         0  anon$$obj.o ABSOLUTE
    __ARM_use_no_argv                        0x00000000   Number         0  main.o ABSOLUTE
    _printf_flags                            0x00000000   Number         0  printf_stubs.o ABSOLUTE
    _printf_return_value                     0x00000000   Number         0  printf_stubs.o ABSOLUTE
    _printf_sizespec                         0x00000000   Number         0  printf_stubs.o ABSOLUTE
    _printf_widthprec                        0x00000000   Number         0  printf_stubs.o ABSOLUTE
    __ARM_exceptions_init                     - Undefined Weak Reference
    __alloca_initialize                       - Undefined Weak Reference
    __arm_fini_                               - Undefined Weak Reference
    __arm_preinit_                            - Undefined Weak Reference
    __cpp_initialize__aeabi_                  - Undefined Weak Reference
    __cxa_finalize                            - Undefined Weak Reference
    __rt_locale                               - Undefined Weak Reference
    __sigvec_lookup                           - Undefined Weak Reference
    _atexit_init                              - Undefined Weak Reference
    _call_atexit_fns                          - Undefined Weak Reference
    _clock_init                               - Undefined Weak Reference
    _fp_trap_init                             - Undefined Weak Reference
    _fp_trap_shutdown                         - Undefined Weak Reference
    _get_lc_collate                           - Undefined Weak Reference
    _get_lc_ctype                             - Undefined Weak Reference
    _get_lc_monetary                          - Undefined Weak Reference
    _get_lc_numeric                           - Undefined Weak Reference
    _get_lc_time                              - Undefined Weak Reference
    _getenv_init                              - Undefined Weak Reference
    _handle_redirection                       - Undefined Weak Reference
    _init_alloc                               - Undefined Weak Reference
    _init_user_alloc                          - Undefined Weak Reference
    _initio                                   - Undefined Weak Reference
    _mutex_acquire                            - Undefined Weak Reference
    _mutex_release                            - Undefined Weak Reference
    _printf_mbtowc                            - Undefined Weak Reference
    _printf_truncate_signed                   - Undefined Weak Reference
    _printf_truncate_unsigned                 - Undefined Weak Reference
    _rand_init                                - Undefined Weak Reference
    _signal_finish                            - Undefined Weak Reference
    _signal_init                              - Undefined Weak Reference
    _terminate_alloc                          - Undefined Weak Reference
    _terminate_user_alloc                     - Undefined Weak Reference
    _terminateio                              - Undefined Weak Reference
    __Vectors_Size                           0x00000130   Number         0  startup_stm32f10x_hd.o ABSOLUTE
    __Vectors                                0x08000000   Data           4  startup_stm32f10x_hd.o(RESET)
    __Vectors_End                            0x08000130   Data           0  startup_stm32f10x_hd.o(RESET)
    __main                                   0x08000131   Thumb Code     8  __main.o(!!!main)
    __scatterload                            0x08000139   Thumb Code     0  __scatter.o(!!!scatter)
    __scatterload_rt2                        0x08000139   Thumb Code    44  __scatter.o(!!!scatter)
    __scatterload_rt2_thumb_only             0x08000139   Thumb Code     0  __scatter.o(!!!scatter)
    __scatterload_null                       0x08000147   Thumb Code     0  __scatter.o(!!!scatter)
    __decompress                             0x0800016d   Thumb Code    90  __dczerorl2.o(!!dczerorl2)
    __decompress1                            0x0800016d   Thumb Code     0  __dczerorl2.o(!!dczerorl2)
    __scatterload_zeroinit                   0x080001c9   Thumb Code    28  __scatter_zi.o(!!handler_zi)
    _printf_d                                0x080001e5   Thumb Code     0  _printf_d.o(.ARM.Collect$$_printf_percent$$00000009)
    _printf_percent                          0x080001e5   Thumb Code     0  _printf_percent.o(.ARM.Collect$$_printf_percent$$00000000)
    _printf_u                                0x080001eb   Thumb Code     0  _printf_u.o(.ARM.Collect$$_printf_percent$$0000000A)
    _printf_x                                0x080001f1   Thumb Code     0  _printf_x.o(.ARM.Collect$$_printf_percent$$0000000C)
    _printf_c                                0x080001f7   Thumb Code     0  _printf_c.o(.ARM.Collect$$_printf_percent$$00000013)
    _printf_s                                0x080001fd   Thumb Code     0  _printf_s.o(.ARM.Collect$$_printf_percent$$00000014)
    _printf_percent_end                      0x08000203   Thumb Code     0  _printf_percent_end.o(.ARM.Collect$$_printf_percent$$00000017)
    __rt_lib_init                            0x08000207   Thumb Code     0  libinit.o(.ARM.Collect$$libinit$$00000000)
    __rt_lib_init_alloca_1                   0x08000209   Thumb Code     0  libinit2.o(.ARM.Collect$$libinit$$0000002E)
    __rt_lib_init_argv_1                     0x08000209   Thumb Code     0  libinit2.o(.ARM.Collect$$libinit$$0000002C)
    __rt_lib_init_atexit_1                   0x08000209   Thumb Code     0  libinit2.o(.ARM.Collect$$libinit$$0000001B)
    __rt_lib_init_clock_1                    0x08000209   Thumb Code     0  libinit2.o(.ARM.Collect$$libinit$$00000021)
    __rt_lib_init_cpp_1                      0x08000209   Thumb Code     0  libinit2.o(.ARM.Collect$$libinit$$00000032)
    __rt_lib_init_exceptions_1               0x08000209   Thumb Code     0  libinit2.o(.ARM.Collect$$libinit$$00000030)
    __rt_lib_init_fp_1                       0x08000209   Thumb Code     0  libinit2.o(.ARM.Collect$$libinit$$00000002)
    __rt_lib_init_fp_trap_1                  0x08000209   Thumb Code     0  libinit2.o(.ARM.Collect$$libinit$$0000001F)
    __rt_lib_init_getenv_1                   0x08000209   Thumb Code     0  libinit2.o(.ARM.Collect$$libinit$$00000023)
    __rt_lib_init_heap_1                     0x08000209   Thumb Code     0  libinit2.o(.ARM.Collect$$libinit$$0000000A)
    __rt_lib_init_lc_collate_1               0x08000209   Thumb Code     0  libinit2.o(.ARM.Collect$$libinit$$00000011)
    __rt_lib_init_lc_ctype_1                 0x08000209   Thumb Code     0  libinit2.o(.ARM.Collect$$libinit$$00000013)
    __rt_lib_init_lc_monetary_1              0x08000209   Thumb Code     0  libinit2.o(.ARM.Collect$$libinit$$00000015)
    __rt_lib_init_lc_numeric_1               0x08000209   Thumb Code     0  libinit2.o(.ARM.Collect$$libinit$$00000017)
    __rt_lib_init_lc_time_1                  0x08000209   Thumb Code     0  libinit2.o(.ARM.Collect$$libinit$$00000019)
    __rt_lib_init_preinit_1                  0x08000209   Thumb Code     0  libinit2.o(.ARM.Collect$$libinit$$00000004)
    __rt_lib_init_rand_1                     0x08000209   Thumb Code     0  libinit2.o(.ARM.Collect$$libinit$$0000000E)
    __rt_lib_init_return                     0x08000209   Thumb Code     0  libinit2.o(.ARM.Collect$$libinit$$00000033)
    __rt_lib_init_signal_1                   0x08000209   Thumb Code     0  libinit2.o(.ARM.Collect$$libinit$$0000001D)
    __rt_lib_init_stdio_1                    0x08000209   Thumb Code     0  libinit2.o(.ARM.Collect$$libinit$$00000025)
    __rt_lib_init_user_alloc_1               0x08000209   Thumb Code     0  libinit2.o(.ARM.Collect$$libinit$$0000000C)
    __rt_lib_shutdown                        0x0800020b   Thumb Code     0  libshutdown.o(.ARM.Collect$$libshutdown$$00000000)
    __rt_lib_shutdown_cpp_1                  0x0800020d   Thumb Code     0  libshutdown2.o(.ARM.Collect$$libshutdown$$00000004)
    __rt_lib_shutdown_fini_1                 0x0800020d   Thumb Code     0  libshutdown2.o(.ARM.Collect$$libshutdown$$00000002)
    __rt_lib_shutdown_fp_trap_1              0x0800020d   Thumb Code     0  libshutdown2.o(.ARM.Collect$$libshutdown$$00000009)
    __rt_lib_shutdown_heap_1                 0x0800020d   Thumb Code     0  libshutdown2.o(.ARM.Collect$$libshutdown$$00000011)
    __rt_lib_shutdown_return                 0x0800020d   Thumb Code     0  libshutdown2.o(.ARM.Collect$$libshutdown$$00000012)
    __rt_lib_shutdown_signal_1               0x0800020d   Thumb Code     0  libshutdown2.o(.ARM.Collect$$libshutdown$$0000000C)
    __rt_lib_shutdown_stdio_1                0x0800020d   Thumb Code     0  libshutdown2.o(.ARM.Collect$$libshutdown$$00000006)
    __rt_lib_shutdown_user_alloc_1           0x0800020d   Thumb Code     0  libshutdown2.o(.ARM.Collect$$libshutdown$$0000000E)
    __rt_entry                               0x0800020f   Thumb Code     0  __rtentry.o(.ARM.Collect$$rtentry$$00000000)
    __rt_entry_presh_1                       0x0800020f   Thumb Code     0  __rtentry2.o(.ARM.Collect$$rtentry$$00000002)
    __rt_entry_sh                            0x0800020f   Thumb Code     0  __rtentry4.o(.ARM.Collect$$rtentry$$00000004)
    __rt_entry_li                            0x08000215   Thumb Code     0  __rtentry2.o(.ARM.Collect$$rtentry$$0000000A)
    __rt_entry_postsh_1                      0x08000215   Thumb Code     0  __rtentry2.o(.ARM.Collect$$rtentry$$00000009)
    __rt_entry_main                          0x08000219   Thumb Code     0  __rtentry2.o(.ARM.Collect$$rtentry$$0000000D)
    __rt_entry_postli_1                      0x08000219   Thumb Code     0  __rtentry2.o(.ARM.Collect$$rtentry$$0000000C)
    __rt_exit                                0x08000221   Thumb Code     0  rtexit.o(.ARM.Collect$$rtexit$$00000000)
    __rt_exit_ls                             0x08000223   Thumb Code     0  rtexit2.o(.ARM.Collect$$rtexit$$00000003)
    __rt_exit_prels_1                        0x08000223   Thumb Code     0  rtexit2.o(.ARM.Collect$$rtexit$$00000002)
    __rt_exit_exit                           0x08000227   Thumb Code     0  rtexit2.o(.ARM.Collect$$rtexit$$00000004)
    main                                     0x0800022d   Thumb Code   448  main.o(.text)
    NMI_Handler                              0x080004dd   Thumb Code     2  stm32f10x_it.o(.text)
    HardFault_Handler                        0x080004df   Thumb Code     4  stm32f10x_it.o(.text)
    MemManage_Handler                        0x080004e3   Thumb Code     4  stm32f10x_it.o(.text)
    BusFault_Handler                         0x080004e7   Thumb Code     4  stm32f10x_it.o(.text)
    UsageFault_Handler                       0x080004eb   Thumb Code     4  stm32f10x_it.o(.text)
    SVC_Handler                              0x080004ef   Thumb Code     2  stm32f10x_it.o(.text)
    DebugMon_Handler                         0x080004f1   Thumb Code     2  stm32f10x_it.o(.text)
    PendSV_Handler                           0x080004f3   Thumb Code     2  stm32f10x_it.o(.text)
    SysTick_Handler                          0x080004f5   Thumb Code     2  stm32f10x_it.o(.text)
    SystemInit                               0x080005d7   Thumb Code    78  system_stm32f10x.o(.text)
    SystemCoreClockUpdate                    0x08000625   Thumb Code   142  system_stm32f10x.o(.text)
    LED_Init                                 0x080006d9   Thumb Code    68  led.o(.text)
    KEY_Init                                 0x08000725   Thumb Code    52  key.o(.text)
    KEY_Scan                                 0x08000759   Thumb Code   150  key.o(.text)
    LCD_WR_REG                               0x080007fd   Thumb Code     6  lcd.o(.text)
    LCD_WR_DATA                              0x08000803   Thumb Code     8  lcd.o(.text)
    LCD_RD_DATA                              0x0800080b   Thumb Code    16  lcd.o(.text)
    LCD_WriteReg                             0x0800081b   Thumb Code    10  lcd.o(.text)
    LCD_ReadReg                              0x08000825   Thumb Code    22  lcd.o(.text)
    LCD_WriteRAM_Prepare                     0x0800083b   Thumb Code    10  lcd.o(.text)
    LCD_WriteRAM                             0x08000845   Thumb Code     8  lcd.o(.text)
    LCD_BGR2RGB                              0x0800084d   Thumb Code    26  lcd.o(.text)
    opt_delay                                0x08000867   Thumb Code    14  lcd.o(.text)
    LCD_SetCursor                            0x08000875   Thumb Code   418  lcd.o(.text)
    LCD_ReadPoint                            0x08000a17   Thumb Code   360  lcd.o(.text)
    LCD_DisplayOn                            0x08000b7f   Thumb Code   102  lcd.o(.text)
    LCD_DisplayOff                           0x08000be5   Thumb Code    90  lcd.o(.text)
    LCD_Scan_Dir                             0x08000c3f   Thumb Code   744  lcd.o(.text)
    LCD_DrawPoint                            0x08000f27   Thumb Code    28  lcd.o(.text)
    LCD_Fast_DrawPoint                       0x08000f43   Thumb Code   384  lcd.o(.text)
    LCD_SSD_BackLightSet                     0x080010c3   Thumb Code    80  lcd.o(.text)
    LCD_Display_Dir                          0x08001113   Thumb Code   444  lcd.o(.text)
    LCD_Set_Window                           0x080012cf   Thumb Code   540  lcd.o(.text)
    LCD_Clear                                0x080014eb   Thumb Code   100  lcd.o(.text)
    LCD_Init                                 0x0800154f   Thumb Code 14184  lcd.o(.text)
    LCD_Fill                                 0x08004cb7   Thumb Code   178  lcd.o(.text)
    LCD_Color_Fill                           0x08004d69   Thumb Code   106  lcd.o(.text)
    LCD_DrawLine                             0x08004dd3   Thumb Code   176  lcd.o(.text)
    LCD_DrawRectangle                        0x08004e83   Thumb Code    60  lcd.o(.text)
    LCD_Draw_Circle                          0x08004ebf   Thumb Code   152  lcd.o(.text)
    LCD_ShowChar                             0x08004f57   Thumb Code   272  lcd.o(.text)
    LCD_Pow                                  0x08005067   Thumb Code    22  lcd.o(.text)
    LCD_ShowNum                              0x0800507d   Thumb Code   148  lcd.o(.text)
    LCD_ShowxNum                             0x08005111   Thumb Code   220  lcd.o(.text)
    LCD_ShowString                           0x080051ed   Thumb Code   102  lcd.o(.text)
    IIC_Init                                 0x08005255   Thumb Code    46  myiic.o(.text)
    IIC_Start                                0x08005283   Thumb Code    64  myiic.o(.text)
    IIC_Stop                                 0x080052c3   Thumb Code    66  myiic.o(.text)
    IIC_Wait_Ack                             0x08005305   Thumb Code    86  myiic.o(.text)
    IIC_Ack                                  0x0800535b   Thumb Code    70  myiic.o(.text)
    IIC_NAck                                 0x080053a1   Thumb Code    70  myiic.o(.text)
    IIC_Send_Byte                            0x080053e7   Thumb Code    92  myiic.o(.text)
    IIC_Read_Byte                            0x08005443   Thumb Code   100  myiic.o(.text)
    AT24CXX_Init                             0x080054b5   Thumb Code     8  24cxx.o(.text)
    AT24CXX_ReadOneByte                      0x080054bd   Thumb Code    88  24cxx.o(.text)
    AT24CXX_WriteOneByte                     0x08005515   Thumb Code    80  24cxx.o(.text)
    AT24CXX_WriteLenByte                     0x08005565   Thumb Code    42  24cxx.o(.text)
    AT24CXX_ReadLenByte                      0x0800558f   Thumb Code    44  24cxx.o(.text)
    AT24CXX_Check                            0x080055bb   Thumb Code    46  24cxx.o(.text)
    AT24CXX_Read                             0x080055e9   Thumb Code    34  24cxx.o(.text)
    AT24CXX_Write                            0x0800560b   Thumb Code    36  24cxx.o(.text)
    delay_init                               0x08005631   Thumb Code    50  delay.o(.text)
    delay_us                                 0x08005663   Thumb Code    72  delay.o(.text)
    delay_ms                                 0x080056ab   Thumb Code    72  delay.o(.text)
    _sys_exit                                0x08005705   Thumb Code     4  usart.o(.text)
    fputc                                    0x08005709   Thumb Code    24  usart.o(.text)
    uart_init                                0x08005721   Thumb Code   152  usart.o(.text)
    USART1_IRQHandler                        0x080057b9   Thumb Code   122  usart.o(.text)
    Reset_Handler                            0x08005845   Thumb Code     8  startup_stm32f10x_hd.o(.text)
    ADC1_2_IRQHandler                        0x0800585f   Thumb Code     0  startup_stm32f10x_hd.o(.text)
    ADC3_IRQHandler                          0x0800585f   Thumb Code     0  startup_stm32f10x_hd.o(.text)
    CAN1_RX1_IRQHandler                      0x0800585f   Thumb Code     0  startup_stm32f10x_hd.o(.text)
    CAN1_SCE_IRQHandler                      0x0800585f   Thumb Code     0  startup_stm32f10x_hd.o(.text)
    DMA1_Channel1_IRQHandler                 0x0800585f   Thumb Code     0  startup_stm32f10x_hd.o(.text)
    DMA1_Channel2_IRQHandler                 0x0800585f   Thumb Code     0  startup_stm32f10x_hd.o(.text)
    DMA1_Channel3_IRQHandler                 0x0800585f   Thumb Code     0  startup_stm32f10x_hd.o(.text)
    DMA1_Channel4_IRQHandler                 0x0800585f   Thumb Code     0  startup_stm32f10x_hd.o(.text)
    DMA1_Channel5_IRQHandler                 0x0800585f   Thumb Code     0  startup_stm32f10x_hd.o(.text)
    DMA1_Channel6_IRQHandler                 0x0800585f   Thumb Code     0  startup_stm32f10x_hd.o(.text)
    DMA1_Channel7_IRQHandler                 0x0800585f   Thumb Code     0  startup_stm32f10x_hd.o(.text)
    DMA2_Channel1_IRQHandler                 0x0800585f   Thumb Code     0  startup_stm32f10x_hd.o(.text)
    DMA2_Channel2_IRQHandler                 0x0800585f   Thumb Code     0  startup_stm32f10x_hd.o(.text)
    DMA2_Channel3_IRQHandler                 0x0800585f   Thumb Code     0  startup_stm32f10x_hd.o(.text)
    DMA2_Channel4_5_IRQHandler               0x0800585f   Thumb Code     0  startup_stm32f10x_hd.o(.text)
    EXTI0_IRQHandler                         0x0800585f   Thumb Code     0  startup_stm32f10x_hd.o(.text)
    EXTI15_10_IRQHandler                     0x0800585f   Thumb Code     0  startup_stm32f10x_hd.o(.text)
    EXTI1_IRQHandler                         0x0800585f   Thumb Code     0  startup_stm32f10x_hd.o(.text)
    EXTI2_IRQHandler                         0x0800585f   Thumb Code     0  startup_stm32f10x_hd.o(.text)
    EXTI3_IRQHandler                         0x0800585f   Thumb Code     0  startup_stm32f10x_hd.o(.text)
    EXTI4_IRQHandler                         0x0800585f   Thumb Code     0  startup_stm32f10x_hd.o(.text)
    EXTI9_5_IRQHandler                       0x0800585f   Thumb Code     0  startup_stm32f10x_hd.o(.text)
    FLASH_IRQHandler                         0x0800585f   Thumb Code     0  startup_stm32f10x_hd.o(.text)
    FSMC_IRQHandler                          0x0800585f   Thumb Code     0  startup_stm32f10x_hd.o(.text)
    I2C1_ER_IRQHandler                       0x0800585f   Thumb Code     0  startup_stm32f10x_hd.o(.text)
    I2C1_EV_IRQHandler                       0x0800585f   Thumb Code     0  startup_stm32f10x_hd.o(.text)
    I2C2_ER_IRQHandler                       0x0800585f   Thumb Code     0  startup_stm32f10x_hd.o(.text)
    I2C2_EV_IRQHandler                       0x0800585f   Thumb Code     0  startup_stm32f10x_hd.o(.text)
    PVD_IRQHandler                           0x0800585f   Thumb Code     0  startup_stm32f10x_hd.o(.text)
    RCC_IRQHandler                           0x0800585f   Thumb Code     0  startup_stm32f10x_hd.o(.text)
    RTCAlarm_IRQHandler                      0x0800585f   Thumb Code     0  startup_stm32f10x_hd.o(.text)
    RTC_IRQHandler                           0x0800585f   Thumb Code     0  startup_stm32f10x_hd.o(.text)
    SDIO_IRQHandler                          0x0800585f   Thumb Code     0  startup_stm32f10x_hd.o(.text)
    SPI1_IRQHandler                          0x0800585f   Thumb Code     0  startup_stm32f10x_hd.o(.text)
    SPI2_IRQHandler                          0x0800585f   Thumb Code     0  startup_stm32f10x_hd.o(.text)
    SPI3_IRQHandler                          0x0800585f   Thumb Code     0  startup_stm32f10x_hd.o(.text)
    TAMPER_IRQHandler                        0x0800585f   Thumb Code     0  startup_stm32f10x_hd.o(.text)
    TIM1_BRK_IRQHandler                      0x0800585f   Thumb Code     0  startup_stm32f10x_hd.o(.text)
    TIM1_CC_IRQHandler                       0x0800585f   Thumb Code     0  startup_stm32f10x_hd.o(.text)
    TIM1_TRG_COM_IRQHandler                  0x0800585f   Thumb Code     0  startup_stm32f10x_hd.o(.text)
    TIM1_UP_IRQHandler                       0x0800585f   Thumb Code     0  startup_stm32f10x_hd.o(.text)
    TIM2_IRQHandler                          0x0800585f   Thumb Code     0  startup_stm32f10x_hd.o(.text)
    TIM3_IRQHandler                          0x0800585f   Thumb Code     0  startup_stm32f10x_hd.o(.text)
    TIM5_IRQHandler                          0x0800585f   Thumb Code     0  startup_stm32f10x_hd.o(.text)
    TIM6_IRQHandler                          0x0800585f   Thumb Code     0  startup_stm32f10x_hd.o(.text)
    TIM7_IRQHandler                          0x0800585f   Thumb Code     0  startup_stm32f10x_hd.o(.text)
    TIM8_BRK_IRQHandler                      0x0800585f   Thumb Code     0  startup_stm32f10x_hd.o(.text)
    TIM8_CC_IRQHandler                       0x0800585f   Thumb Code     0  startup_stm32f10x_hd.o(.text)
    TIM8_TRG_COM_IRQHandler                  0x0800585f   Thumb Code     0  startup_stm32f10x_hd.o(.text)
    TIM8_UP_IRQHandler                       0x0800585f   Thumb Code     0  startup_stm32f10x_hd.o(.text)
    UART4_IRQHandler                         0x0800585f   Thumb Code     0  startup_stm32f10x_hd.o(.text)
    UART5_IRQHandler                         0x0800585f   Thumb Code     0  startup_stm32f10x_hd.o(.text)
    USART2_IRQHandler                        0x0800585f   Thumb Code     0  startup_stm32f10x_hd.o(.text)
    USART3_IRQHandler                        0x0800585f   Thumb Code     0  startup_stm32f10x_hd.o(.text)
    USBWakeUp_IRQHandler                     0x0800585f   Thumb Code     0  startup_stm32f10x_hd.o(.text)
    USB_HP_CAN1_TX_IRQHandler                0x0800585f   Thumb Code     0  startup_stm32f10x_hd.o(.text)
    USB_LP_CAN1_RX0_IRQHandler               0x0800585f   Thumb Code     0  startup_stm32f10x_hd.o(.text)
    WWDG_IRQHandler                          0x0800585f   Thumb Code     0  startup_stm32f10x_hd.o(.text)
    __user_initial_stackheap                 0x08005861   Thumb Code     0  startup_stm32f10x_hd.o(.text)
    NVIC_PriorityGroupConfig                 0x08005885   Thumb Code    10  misc.o(.text)
    NVIC_Init                                0x0800588f   Thumb Code   100  misc.o(.text)
    NVIC_SetVectorTable                      0x080058f3   Thumb Code    14  misc.o(.text)
    NVIC_SystemLPConfig                      0x08005901   Thumb Code    34  misc.o(.text)
    SysTick_CLKSourceConfig                  0x08005923   Thumb Code    40  misc.o(.text)
    FSMC_NORSRAMDeInit                       0x08005961   Thumb Code    54  stm32f10x_fsmc.o(.text)
    FSMC_NANDDeInit                          0x08005997   Thumb Code    62  stm32f10x_fsmc.o(.text)
    FSMC_PCCARDDeInit                        0x080059d5   Thumb Code    36  stm32f10x_fsmc.o(.text)
    FSMC_NORSRAMInit                         0x080059f9   Thumb Code   230  stm32f10x_fsmc.o(.text)
    FSMC_NANDInit                            0x08005adf   Thumb Code   132  stm32f10x_fsmc.o(.text)
    FSMC_PCCARDInit                          0x08005b63   Thumb Code   130  stm32f10x_fsmc.o(.text)
    FSMC_NORSRAMStructInit                   0x08005be5   Thumb Code   114  stm32f10x_fsmc.o(.text)
    FSMC_NANDStructInit                      0x08005c57   Thumb Code    54  stm32f10x_fsmc.o(.text)
    FSMC_PCCARDStructInit                    0x08005c8d   Thumb Code    60  stm32f10x_fsmc.o(.text)
    FSMC_NORSRAMCmd                          0x08005cc9   Thumb Code    46  stm32f10x_fsmc.o(.text)
    FSMC_NANDCmd                             0x08005cf7   Thumb Code    86  stm32f10x_fsmc.o(.text)
    FSMC_PCCARDCmd                           0x08005d4d   Thumb Code    44  stm32f10x_fsmc.o(.text)
    FSMC_NANDECCCmd                          0x08005d79   Thumb Code    90  stm32f10x_fsmc.o(.text)
    FSMC_GetECC                              0x08005dd3   Thumb Code    24  stm32f10x_fsmc.o(.text)
    FSMC_ITConfig                            0x08005deb   Thumb Code   128  stm32f10x_fsmc.o(.text)
    FSMC_GetFlagStatus                       0x08005e6b   Thumb Code    54  stm32f10x_fsmc.o(.text)
    FSMC_ClearFlag                           0x08005ea1   Thumb Code    62  stm32f10x_fsmc.o(.text)
    FSMC_GetITStatus                         0x08005edf   Thumb Code    64  stm32f10x_fsmc.o(.text)
    FSMC_ClearITPendingBit                   0x08005f1f   Thumb Code    68  stm32f10x_fsmc.o(.text)
    GPIO_DeInit                              0x08005f6d   Thumb Code   172  stm32f10x_gpio.o(.text)
    GPIO_AFIODeInit                          0x08006019   Thumb Code    20  stm32f10x_gpio.o(.text)
    GPIO_Init                                0x0800602d   Thumb Code   278  stm32f10x_gpio.o(.text)
    GPIO_StructInit                          0x08006143   Thumb Code    16  stm32f10x_gpio.o(.text)
    GPIO_ReadInputDataBit                    0x08006153   Thumb Code    18  stm32f10x_gpio.o(.text)
    GPIO_ReadInputData                       0x08006165   Thumb Code     8  stm32f10x_gpio.o(.text)
    GPIO_ReadOutputDataBit                   0x0800616d   Thumb Code    18  stm32f10x_gpio.o(.text)
    GPIO_ReadOutputData                      0x0800617f   Thumb Code     8  stm32f10x_gpio.o(.text)
    GPIO_SetBits                             0x08006187   Thumb Code     4  stm32f10x_gpio.o(.text)
    GPIO_ResetBits                           0x0800618b   Thumb Code     4  stm32f10x_gpio.o(.text)
    GPIO_WriteBit                            0x0800618f   Thumb Code    10  stm32f10x_gpio.o(.text)
    GPIO_Write                               0x08006199   Thumb Code     4  stm32f10x_gpio.o(.text)
    GPIO_PinLockConfig                       0x0800619d   Thumb Code    18  stm32f10x_gpio.o(.text)
    GPIO_EventOutputConfig                   0x080061af   Thumb Code    26  stm32f10x_gpio.o(.text)
    GPIO_EventOutputCmd                      0x080061c9   Thumb Code     6  stm32f10x_gpio.o(.text)
    GPIO_PinRemapConfig                      0x080061cf   Thumb Code   138  stm32f10x_gpio.o(.text)
    GPIO_EXTILineConfig                      0x08006259   Thumb Code    66  stm32f10x_gpio.o(.text)
    GPIO_ETH_MediaInterfaceConfig            0x0800629b   Thumb Code     8  stm32f10x_gpio.o(.text)
    RCC_DeInit                               0x080062c9   Thumb Code    64  stm32f10x_rcc.o(.text)
    RCC_HSEConfig                            0x08006309   Thumb Code    70  stm32f10x_rcc.o(.text)
    RCC_GetFlagStatus                        0x0800634f   Thumb Code    56  stm32f10x_rcc.o(.text)
    RCC_WaitForHSEStartUp                    0x08006387   Thumb Code    56  stm32f10x_rcc.o(.text)
    RCC_AdjustHSICalibrationValue            0x080063bf   Thumb Code    20  stm32f10x_rcc.o(.text)
    RCC_HSICmd                               0x080063d3   Thumb Code     6  stm32f10x_rcc.o(.text)
    RCC_PLLConfig                            0x080063d9   Thumb Code    24  stm32f10x_rcc.o(.text)
    RCC_PLLCmd                               0x080063f1   Thumb Code     6  stm32f10x_rcc.o(.text)
    RCC_SYSCLKConfig                         0x080063f7   Thumb Code    18  stm32f10x_rcc.o(.text)
    RCC_GetSYSCLKSource                      0x08006409   Thumb Code    10  stm32f10x_rcc.o(.text)
    RCC_HCLKConfig                           0x08006413   Thumb Code    18  stm32f10x_rcc.o(.text)
    RCC_PCLK1Config                          0x08006425   Thumb Code    18  stm32f10x_rcc.o(.text)
    RCC_PCLK2Config                          0x08006437   Thumb Code    20  stm32f10x_rcc.o(.text)
    RCC_ITConfig                             0x0800644b   Thumb Code    26  stm32f10x_rcc.o(.text)
    RCC_USBCLKConfig                         0x08006465   Thumb Code     8  stm32f10x_rcc.o(.text)
    RCC_ADCCLKConfig                         0x0800646d   Thumb Code    18  stm32f10x_rcc.o(.text)
    RCC_LSEConfig                            0x0800647f   Thumb Code    50  stm32f10x_rcc.o(.text)
    RCC_LSICmd                               0x080064b1   Thumb Code     6  stm32f10x_rcc.o(.text)
    RCC_RTCCLKConfig                         0x080064b7   Thumb Code    12  stm32f10x_rcc.o(.text)
    RCC_RTCCLKCmd                            0x080064c3   Thumb Code     8  stm32f10x_rcc.o(.text)
    RCC_GetClocksFreq                        0x080064cb   Thumb Code   192  stm32f10x_rcc.o(.text)
    RCC_AHBPeriphClockCmd                    0x0800658b   Thumb Code    26  stm32f10x_rcc.o(.text)
    RCC_APB2PeriphClockCmd                   0x080065a5   Thumb Code    26  stm32f10x_rcc.o(.text)
    RCC_APB1PeriphClockCmd                   0x080065bf   Thumb Code    26  stm32f10x_rcc.o(.text)
    RCC_APB2PeriphResetCmd                   0x080065d9   Thumb Code    26  stm32f10x_rcc.o(.text)
    RCC_APB1PeriphResetCmd                   0x080065f3   Thumb Code    26  stm32f10x_rcc.o(.text)
    RCC_BackupResetCmd                       0x0800660d   Thumb Code     8  stm32f10x_rcc.o(.text)
    RCC_ClockSecuritySystemCmd               0x08006615   Thumb Code     6  stm32f10x_rcc.o(.text)
    RCC_MCOConfig                            0x0800661b   Thumb Code     6  stm32f10x_rcc.o(.text)
    RCC_ClearFlag                            0x08006621   Thumb Code    14  stm32f10x_rcc.o(.text)
    RCC_GetITStatus                          0x0800662f   Thumb Code    20  stm32f10x_rcc.o(.text)
    RCC_ClearITPendingBit                    0x08006643   Thumb Code     6  stm32f10x_rcc.o(.text)
    USART_DeInit                             0x0800666d   Thumb Code   134  stm32f10x_usart.o(.text)
    USART_Init                               0x080066f3   Thumb Code   210  stm32f10x_usart.o(.text)
    USART_StructInit                         0x080067c5   Thumb Code    24  stm32f10x_usart.o(.text)
    USART_ClockInit                          0x080067dd   Thumb Code    34  stm32f10x_usart.o(.text)
    USART_ClockStructInit                    0x080067ff   Thumb Code    12  stm32f10x_usart.o(.text)
    USART_Cmd                                0x0800680b   Thumb Code    24  stm32f10x_usart.o(.text)
    USART_ITConfig                           0x08006823   Thumb Code    74  stm32f10x_usart.o(.text)
    USART_DMACmd                             0x0800686d   Thumb Code    18  stm32f10x_usart.o(.text)
    USART_SetAddress                         0x0800687f   Thumb Code    18  stm32f10x_usart.o(.text)
    USART_WakeUpConfig                       0x08006891   Thumb Code    18  stm32f10x_usart.o(.text)
    USART_ReceiverWakeUpCmd                  0x080068a3   Thumb Code    24  stm32f10x_usart.o(.text)
    USART_LINBreakDetectLengthConfig         0x080068bb   Thumb Code    18  stm32f10x_usart.o(.text)
    USART_LINCmd                             0x080068cd   Thumb Code    24  stm32f10x_usart.o(.text)
    USART_SendData                           0x080068e5   Thumb Code     8  stm32f10x_usart.o(.text)
    USART_ReceiveData                        0x080068ed   Thumb Code    10  stm32f10x_usart.o(.text)
    USART_SendBreak                          0x080068f7   Thumb Code    10  stm32f10x_usart.o(.text)
    USART_SetGuardTime                       0x08006901   Thumb Code    16  stm32f10x_usart.o(.text)
    USART_SetPrescaler                       0x08006911   Thumb Code    16  stm32f10x_usart.o(.text)
    USART_SmartCardCmd                       0x08006921   Thumb Code    24  stm32f10x_usart.o(.text)
    USART_SmartCardNACKCmd                   0x08006939   Thumb Code    24  stm32f10x_usart.o(.text)
    USART_HalfDuplexCmd                      0x08006951   Thumb Code    24  stm32f10x_usart.o(.text)
    USART_OverSampling8Cmd                   0x08006969   Thumb Code    22  stm32f10x_usart.o(.text)
    USART_OneBitMethodCmd                    0x0800697f   Thumb Code    24  stm32f10x_usart.o(.text)
    USART_IrDAConfig                         0x08006997   Thumb Code    18  stm32f10x_usart.o(.text)
    USART_IrDACmd                            0x080069a9   Thumb Code    24  stm32f10x_usart.o(.text)
    USART_GetFlagStatus                      0x080069c1   Thumb Code    26  stm32f10x_usart.o(.text)
    USART_ClearFlag                          0x080069db   Thumb Code    18  stm32f10x_usart.o(.text)
    USART_GetITStatus                        0x080069ed   Thumb Code    84  stm32f10x_usart.o(.text)
    USART_ClearITPendingBit                  0x08006a41   Thumb Code    52  stm32f10x_usart.o(.text)
    TIM_DeInit                               0x08006a75   Thumb Code   424  stm32f10x_tim.o(.text)
    TIM_TimeBaseInit                         0x08006c1d   Thumb Code   122  stm32f10x_tim.o(.text)
    TIM_OC1Init                              0x08006c97   Thumb Code   132  stm32f10x_tim.o(.text)
    TIM_OC2Init                              0x08006d1b   Thumb Code   154  stm32f10x_tim.o(.text)
    TIM_OC3Init                              0x08006db5   Thumb Code   150  stm32f10x_tim.o(.text)
    TIM_OC4Init                              0x08006e4b   Thumb Code   182  stm32f10x_tim.o(.text)
    TIM_SetIC4Prescaler                      0x08006f01   Thumb Code    26  stm32f10x_tim.o(.text)
    TIM_SetIC3Prescaler                      0x08006f9d   Thumb Code    18  stm32f10x_tim.o(.text)
    TIM_SetIC2Prescaler                      0x08007029   Thumb Code    26  stm32f10x_tim.o(.text)
    TIM_SetIC1Prescaler                      0x080070c5   Thumb Code    18  stm32f10x_tim.o(.text)
    TIM_ICInit                               0x08007143   Thumb Code   150  stm32f10x_tim.o(.text)
    TIM_PWMIConfig                           0x080071d9   Thumb Code   124  stm32f10x_tim.o(.text)
    TIM_BDTRConfig                           0x08007255   Thumb Code    32  stm32f10x_tim.o(.text)
    TIM_TimeBaseStructInit                   0x08007275   Thumb Code    18  stm32f10x_tim.o(.text)
    TIM_OCStructInit                         0x08007287   Thumb Code    20  stm32f10x_tim.o(.text)
    TIM_ICStructInit                         0x0800729b   Thumb Code    18  stm32f10x_tim.o(.text)
    TIM_BDTRStructInit                       0x080072ad   Thumb Code    40  stm32f10x_tim.o(.text)
    TIM_Cmd                                  0x080072d5   Thumb Code    24  stm32f10x_tim.o(.text)
    TIM_CtrlPWMOutputs                       0x080072ed   Thumb Code    30  stm32f10x_tim.o(.text)
    TIM_ITConfig                             0x0800730b   Thumb Code    18  stm32f10x_tim.o(.text)
    TIM_GenerateEvent                        0x0800731d   Thumb Code     4  stm32f10x_tim.o(.text)
    TIM_DMAConfig                            0x08007321   Thumb Code    10  stm32f10x_tim.o(.text)
    TIM_DMACmd                               0x0800732b   Thumb Code    18  stm32f10x_tim.o(.text)
    TIM_InternalClockConfig                  0x0800733d   Thumb Code    12  stm32f10x_tim.o(.text)
    TIM_SelectInputTrigger                   0x08007349   Thumb Code    18  stm32f10x_tim.o(.text)
    TIM_ITRxExternalClockConfig              0x0800735b   Thumb Code    24  stm32f10x_tim.o(.text)
    TIM_TIxExternalClockConfig               0x08007373   Thumb Code    62  stm32f10x_tim.o(.text)
    TIM_ETRConfig                            0x080073b1   Thumb Code    28  stm32f10x_tim.o(.text)
    TIM_ETRClockMode1Config                  0x080073cd   Thumb Code    54  stm32f10x_tim.o(.text)
    TIM_ETRClockMode2Config                  0x08007403   Thumb Code    32  stm32f10x_tim.o(.text)
    TIM_PrescalerConfig                      0x08007423   Thumb Code     6  stm32f10x_tim.o(.text)
    TIM_CounterModeConfig                    0x08007429   Thumb Code    18  stm32f10x_tim.o(.text)
    TIM_EncoderInterfaceConfig               0x0800743b   Thumb Code    66  stm32f10x_tim.o(.text)
    TIM_ForcedOC1Config                      0x0800747d   Thumb Code    18  stm32f10x_tim.o(.text)
    TIM_ForcedOC2Config                      0x0800748f   Thumb Code    26  stm32f10x_tim.o(.text)
    TIM_ForcedOC3Config                      0x080074a9   Thumb Code    18  stm32f10x_tim.o(.text)
    TIM_ForcedOC4Config                      0x080074bb   Thumb Code    26  stm32f10x_tim.o(.text)
    TIM_ARRPreloadConfig                     0x080074d5   Thumb Code    24  stm32f10x_tim.o(.text)
    TIM_SelectCOM                            0x080074ed   Thumb Code    24  stm32f10x_tim.o(.text)
    TIM_SelectCCDMA                          0x08007505   Thumb Code    24  stm32f10x_tim.o(.text)
    TIM_CCPreloadControl                     0x0800751d   Thumb Code    24  stm32f10x_tim.o(.text)
    TIM_OC1PreloadConfig                     0x08007535   Thumb Code    18  stm32f10x_tim.o(.text)
    TIM_OC2PreloadConfig                     0x08007547   Thumb Code    26  stm32f10x_tim.o(.text)
    TIM_OC3PreloadConfig                     0x08007561   Thumb Code    18  stm32f10x_tim.o(.text)
    TIM_OC4PreloadConfig                     0x08007573   Thumb Code    26  stm32f10x_tim.o(.text)
    TIM_OC1FastConfig                        0x0800758d   Thumb Code    18  stm32f10x_tim.o(.text)
    TIM_OC2FastConfig                        0x0800759f   Thumb Code    26  stm32f10x_tim.o(.text)
    TIM_OC3FastConfig                        0x080075b9   Thumb Code    18  stm32f10x_tim.o(.text)
    TIM_OC4FastConfig                        0x080075cb   Thumb Code    26  stm32f10x_tim.o(.text)
    TIM_ClearOC1Ref                          0x080075e5   Thumb Code    18  stm32f10x_tim.o(.text)
    TIM_ClearOC2Ref                          0x080075f7   Thumb Code    24  stm32f10x_tim.o(.text)
    TIM_ClearOC3Ref                          0x0800760f   Thumb Code    18  stm32f10x_tim.o(.text)
    TIM_ClearOC4Ref                          0x08007621   Thumb Code    24  stm32f10x_tim.o(.text)
    TIM_OC1PolarityConfig                    0x08007639   Thumb Code    18  stm32f10x_tim.o(.text)
    TIM_OC1NPolarityConfig                   0x0800764b   Thumb Code    18  stm32f10x_tim.o(.text)
    TIM_OC2PolarityConfig                    0x0800765d   Thumb Code    26  stm32f10x_tim.o(.text)
    TIM_OC2NPolarityConfig                   0x08007677   Thumb Code    26  stm32f10x_tim.o(.text)
    TIM_OC3PolarityConfig                    0x08007691   Thumb Code    26  stm32f10x_tim.o(.text)
    TIM_OC3NPolarityConfig                   0x080076ab   Thumb Code    26  stm32f10x_tim.o(.text)
    TIM_OC4PolarityConfig                    0x080076c5   Thumb Code    26  stm32f10x_tim.o(.text)
    TIM_CCxCmd                               0x080076df   Thumb Code    30  stm32f10x_tim.o(.text)
    TIM_CCxNCmd                              0x080076fd   Thumb Code    30  stm32f10x_tim.o(.text)
    TIM_SelectOCxM                           0x0800771b   Thumb Code    82  stm32f10x_tim.o(.text)
    TIM_UpdateDisableConfig                  0x0800776d   Thumb Code    24  stm32f10x_tim.o(.text)
    TIM_UpdateRequestConfig                  0x08007785   Thumb Code    24  stm32f10x_tim.o(.text)
    TIM_SelectHallSensor                     0x0800779d   Thumb Code    24  stm32f10x_tim.o(.text)
    TIM_SelectOnePulseMode                   0x080077b5   Thumb Code    18  stm32f10x_tim.o(.text)
    TIM_SelectOutputTrigger                  0x080077c7   Thumb Code    18  stm32f10x_tim.o(.text)
    TIM_SelectSlaveMode                      0x080077d9   Thumb Code    18  stm32f10x_tim.o(.text)
    TIM_SelectMasterSlaveMode                0x080077eb   Thumb Code    18  stm32f10x_tim.o(.text)
    TIM_SetCounter                           0x080077fd   Thumb Code     4  stm32f10x_tim.o(.text)
    TIM_SetAutoreload                        0x08007801   Thumb Code     4  stm32f10x_tim.o(.text)
    TIM_SetCompare1                          0x08007805   Thumb Code     4  stm32f10x_tim.o(.text)
    TIM_SetCompare2                          0x08007809   Thumb Code     4  stm32f10x_tim.o(.text)
    TIM_SetCompare3                          0x0800780d   Thumb Code     4  stm32f10x_tim.o(.text)
    TIM_SetCompare4                          0x08007811   Thumb Code     6  stm32f10x_tim.o(.text)
    TIM_SetClockDivision                     0x08007817   Thumb Code    18  stm32f10x_tim.o(.text)
    TIM_GetCapture1                          0x08007829   Thumb Code     6  stm32f10x_tim.o(.text)
    TIM_GetCapture2                          0x0800782f   Thumb Code     6  stm32f10x_tim.o(.text)
    TIM_GetCapture3                          0x08007835   Thumb Code     6  stm32f10x_tim.o(.text)
    TIM_GetCapture4                          0x0800783b   Thumb Code     8  stm32f10x_tim.o(.text)
    TIM_GetCounter                           0x08007843   Thumb Code     6  stm32f10x_tim.o(.text)
    TIM_GetPrescaler                         0x08007849   Thumb Code     6  stm32f10x_tim.o(.text)
    TIM_GetFlagStatus                        0x0800784f   Thumb Code    18  stm32f10x_tim.o(.text)
    TIM_ClearFlag                            0x08007861   Thumb Code     6  stm32f10x_tim.o(.text)
    TIM_GetITStatus                          0x08007867   Thumb Code    34  stm32f10x_tim.o(.text)
    TIM_ClearITPendingBit                    0x08007889   Thumb Code     6  stm32f10x_tim.o(.text)
    usmart_sys_cmd_exe                       0x08007891   Thumb Code  1554  usmart.o(.text)
    usmart_reset_runtime                     0x08007ea3   Thumb Code    38  usmart.o(.text)
    usmart_get_runtime                       0x08007ec9   Thumb Code    60  usmart.o(.text)
    TIM4_IRQHandler                          0x08007f05   Thumb Code    46  usmart.o(.text)
    Timer4_Init                              0x08007f33   Thumb Code    88  usmart.o(.text)
    usmart_init                              0x08007f8b   Thumb Code    36  usmart.o(.text)
    usmart_cmd_rec                           0x08007faf   Thumb Code   170  usmart.o(.text)
    usmart_exe                               0x08008059   Thumb Code   870  usmart.o(.text)
    usmart_scan                              0x080083bf   Thumb Code   120  usmart.o(.text)
    read_addr                                0x08008437   Thumb Code     6  usmart.o(.text)
    write_addr                               0x0800843d   Thumb Code     4  usmart.o(.text)
    usmart_strcmp                            0x080084c9   Thumb Code    34  usmart_str.o(.text)
    usmart_strcopy                           0x080084eb   Thumb Code    22  usmart_str.o(.text)
    usmart_strlen                            0x08008501   Thumb Code    24  usmart_str.o(.text)
    usmart_pow                               0x08008519   Thumb Code    22  usmart_str.o(.text)
    usmart_str2num                           0x0800852f   Thumb Code   202  usmart_str.o(.text)
    usmart_get_cmdname                       0x080085f9   Thumb Code    54  usmart_str.o(.text)
    usmart_search_nextc                      0x0800862f   Thumb Code    22  usmart_str.o(.text)
    usmart_get_fname                         0x08008645   Thumb Code   440  usmart_str.o(.text)
    usmart_get_aparm                         0x080087fd   Thumb Code   200  usmart_str.o(.text)
    usmart_get_parmpos                       0x080088c5   Thumb Code    26  usmart_str.o(.text)
    usmart_get_fparam                        0x080088df   Thumb Code   262  usmart_str.o(.text)
    __use_no_semihosting                     0x080089f1   Thumb Code     2  use_no_semi_2.o(.text)
    __2printf                                0x080089f5   Thumb Code    20  noretval__2printf.o(.text)
    _printf_pre_padding                      0x08008a0d   Thumb Code    44  _printf_pad.o(.text)
    _printf_post_padding                     0x08008a39   Thumb Code    34  _printf_pad.o(.text)
    _printf_str                              0x08008a5b   Thumb Code    82  _printf_str.o(.text)
    _printf_int_dec                          0x08008aad   Thumb Code   104  _printf_dec.o(.text)
    _printf_int_hex                          0x08008b25   Thumb Code    84  _printf_hex_int.o(.text)
    _printf_longlong_hex                     0x08008b25   Thumb Code     0  _printf_hex_int.o(.text)
    __printf                                 0x08008b7d   Thumb Code   388  __printf_flags_ss_wp.o(.text)
    __use_two_region_memory                  0x08008d05   Thumb Code     2  heapauxi.o(.text)
    __rt_heap_escrow$2region                 0x08008d07   Thumb Code     2  heapauxi.o(.text)
    __rt_heap_expand$2region                 0x08008d09   Thumb Code     2  heapauxi.o(.text)
    __I$use$semihosting                      0x08008d0b   Thumb Code     0  use_no_semi.o(.text)
    __use_no_semihosting_swi                 0x08008d0b   Thumb Code     2  use_no_semi.o(.text)
    _printf_int_common                       0x08008d0d   Thumb Code   178  _printf_intcommon.o(.text)
    _printf_cs_common                        0x08008dbf   Thumb Code    20  _printf_char.o(.text)
    _printf_char                             0x08008dd3   Thumb Code    16  _printf_char.o(.text)
    _printf_string                           0x08008de3   Thumb Code     8  _printf_char.o(.text)
    _printf_char_file                        0x08008ded   Thumb Code    32  _printf_char_file.o(.text)
    _printf_char_common                      0x08008e1b   Thumb Code    32  _printf_char_common.o(.text)
    ferror                                   0x08008e41   Thumb Code     8  ferror.o(.text)
    __user_setup_stackheap                   0x08008e49   Thumb Code    74  sys_stackheap_outer.o(.text)
    exit                                     0x08008e93   Thumb Code    18  exit.o(.text)
    __user_libspace                          0x08008ea5   Thumb Code     8  libspace.o(.text)
    __user_perproc_libspace                  0x08008ea5   Thumb Code     0  libspace.o(.text)
    __user_perthread_libspace                0x08008ea5   Thumb Code     0  libspace.o(.text)
    _is_digit                                0x08008ead   Thumb Code    14  __printf_wp.o(i._is_digit)
    __aeabi_d2uiz                            0x08008ebd   Thumb Code     0  dfixu.o(x$fpl$dfixu)
    _dfixu                                   0x08008ebd   Thumb Code    90  dfixu.o(x$fpl$dfixu)
    __aeabi_ui2d                             0x08008f17   Thumb Code     0  dflt_clz.o(x$fpl$dfltu)
    _dfltu                                   0x08008f17   Thumb Code    38  dflt_clz.o(x$fpl$dfltu)
    __aeabi_dmul                             0x08008f3d   Thumb Code     0  dmul.o(x$fpl$dmul)
    _dmul                                    0x08008f3d   Thumb Code   332  dmul.o(x$fpl$dmul)
    __fpl_dnaninf                            0x08009091   Thumb Code   156  dnaninf.o(x$fpl$dnaninf)
    __fpl_dretinf                            0x0800912d   Thumb Code    12  dretinf.o(x$fpl$dretinf)
    TEXT_Buffer                              0x08009138   Data          21  main.o(.constdata)
    __I$use$fp                               0x08009138   Number         0  usenofp.o(x$fpl$usenofp)
    asc2_1206                                0x0800914d   Data        1140  lcd.o(.constdata)
    asc2_1608                                0x080095c1   Data        1520  lcd.o(.constdata)
    asc2_2412                                0x08009bb1   Data        3420  lcd.o(.constdata)
    Region$$Table$$Base                      0x0800aa3c   Number         0  anon$$obj.o(Region$$Table)
    Region$$Table$$Limit                     0x0800aa5c   Number         0  anon$$obj.o(Region$$Table)
    SystemCoreClock                          0x20000000   Data           4  system_stm32f10x.o(.data)
    AHBPrescTable                            0x20000004   Data          16  system_stm32f10x.o(.data)
    POINT_COLOR                              0x20000016   Data           2  lcd.o(.data)
    BACK_COLOR                               0x20000018   Data           2  lcd.o(.data)
    __stdout                                 0x20000020   Data           4  usart.o(.data)
    USART_RX_STA                             0x20000024   Data           2  usart.o(.data)
    sys_cmd_tab                              0x2000003c   Data          28  usmart.o(.data)
    usmart_nametab                           0x20000058   Data          48  usmart_config.o(.data)
    usmart_dev                               0x20000088   Data         244  usmart_config.o(.data)
    lcddev                                   0x2000017c   Data          14  lcd.o(.bss)
    USART_RX_BUF                             0x2000018a   Data         200  usart.o(.bss)
    __libspace_start                         0x20000254   Data          96  libspace.o(.bss)
    __temporary_stack_top$libspace           0x200002b4   Data           0  libspace.o(.bss)



==============================================================================

Memory Map of the image

  Image Entry point : 0x08000131

  Load Region LR_IROM1 (Base: 0x08000000, Size: 0x0000abd8, Max: 0x00080000, ABSOLUTE, COMPRESSED[0x0000aad0])

    Execution Region ER_IROM1 (Exec base: 0x08000000, Load base: 0x08000000, Size: 0x0000aa5c, Max: 0x00080000, ABSOLUTE)

    Exec Addr    Load Addr    Size         Type   Attr      Idx    E Section Name        Object

    0x08000000   0x08000000   0x00000130   Data   RO          341    RESET               startup_stm32f10x_hd.o
    0x08000130   0x08000130   0x00000008   Code   RO          533  * !!!main             c_w.l(__main.o)
    0x08000138   0x08000138   0x00000034   Code   RO          724    !!!scatter          c_w.l(__scatter.o)
    0x0800016c   0x0800016c   0x0000005a   Code   RO          722    !!dczerorl2         c_w.l(__dczerorl2.o)
    0x080001c6   0x080001c6   0x00000002   PAD
    0x080001c8   0x080001c8   0x0000001c   Code   RO          726    !!handler_zi        c_w.l(__scatter_zi.o)
    0x080001e4   0x080001e4   0x00000000   Code   RO          530    .ARM.Collect$$_printf_percent$$00000000  c_w.l(_printf_percent.o)
    0x080001e4   0x080001e4   0x00000006   Code   RO          528    .ARM.Collect$$_printf_percent$$00000009  c_w.l(_printf_d.o)
    0x080001ea   0x080001ea   0x00000006   Code   RO          529    .ARM.Collect$$_printf_percent$$0000000A  c_w.l(_printf_u.o)
    0x080001f0   0x080001f0   0x00000006   Code   RO          527    .ARM.Collect$$_printf_percent$$0000000C  c_w.l(_printf_x.o)
    0x080001f6   0x080001f6   0x00000006   Code   RO          525    .ARM.Collect$$_printf_percent$$00000013  c_w.l(_printf_c.o)
    0x080001fc   0x080001fc   0x00000006   Code   RO          526    .ARM.Collect$$_printf_percent$$00000014  c_w.l(_printf_s.o)
    0x08000202   0x08000202   0x00000004   Code   RO          556    .ARM.Collect$$_printf_percent$$00000017  c_w.l(_printf_percent_end.o)
    0x08000206   0x08000206   0x00000002   Code   RO          594    .ARM.Collect$$libinit$$00000000  c_w.l(libinit.o)
    0x08000208   0x08000208   0x00000000   Code   RO          601    .ARM.Collect$$libinit$$00000002  c_w.l(libinit2.o)
    0x08000208   0x08000208   0x00000000   Code   RO          603    .ARM.Collect$$libinit$$00000004  c_w.l(libinit2.o)
    0x08000208   0x08000208   0x00000000   Code   RO          606    .ARM.Collect$$libinit$$0000000A  c_w.l(libinit2.o)
    0x08000208   0x08000208   0x00000000   Code   RO          608    .ARM.Collect$$libinit$$0000000C  c_w.l(libinit2.o)
    0x08000208   0x08000208   0x00000000   Code   RO          610    .ARM.Collect$$libinit$$0000000E  c_w.l(libinit2.o)
    0x08000208   0x08000208   0x00000000   Code   RO          613    .ARM.Collect$$libinit$$00000011  c_w.l(libinit2.o)
    0x08000208   0x08000208   0x00000000   Code   RO          615    .ARM.Collect$$libinit$$00000013  c_w.l(libinit2.o)
    0x08000208   0x08000208   0x00000000   Code   RO          617    .ARM.Collect$$libinit$$00000015  c_w.l(libinit2.o)
    0x08000208   0x08000208   0x00000000   Code   RO          619    .ARM.Collect$$libinit$$00000017  c_w.l(libinit2.o)
    0x08000208   0x08000208   0x00000000   Code   RO          621    .ARM.Collect$$libinit$$00000019  c_w.l(libinit2.o)
    0x08000208   0x08000208   0x00000000   Code   RO          623    .ARM.Collect$$libinit$$0000001B  c_w.l(libinit2.o)
    0x08000208   0x08000208   0x00000000   Code   RO          625    .ARM.Collect$$libinit$$0000001D  c_w.l(libinit2.o)
    0x08000208   0x08000208   0x00000000   Code   RO          627    .ARM.Collect$$libinit$$0000001F  c_w.l(libinit2.o)
    0x08000208   0x08000208   0x00000000   Code   RO          629    .ARM.Collect$$libinit$$00000021  c_w.l(libinit2.o)
    0x08000208   0x08000208   0x00000000   Code   RO          631    .ARM.Collect$$libinit$$00000023  c_w.l(libinit2.o)
    0x08000208   0x08000208   0x00000000   Code   RO          633    .ARM.Collect$$libinit$$00000025  c_w.l(libinit2.o)
    0x08000208   0x08000208   0x00000000   Code   RO          637    .ARM.Collect$$libinit$$0000002C  c_w.l(libinit2.o)
    0x08000208   0x08000208   0x00000000   Code   RO          639    .ARM.Collect$$libinit$$0000002E  c_w.l(libinit2.o)
    0x08000208   0x08000208   0x00000000   Code   RO          641    .ARM.Collect$$libinit$$00000030  c_w.l(libinit2.o)
    0x08000208   0x08000208   0x00000000   Code   RO          643    .ARM.Collect$$libinit$$00000032  c_w.l(libinit2.o)
    0x08000208   0x08000208   0x00000002   Code   RO          644    .ARM.Collect$$libinit$$00000033  c_w.l(libinit2.o)
    0x0800020a   0x0800020a   0x00000002   Code   RO          662    .ARM.Collect$$libshutdown$$00000000  c_w.l(libshutdown.o)
    0x0800020c   0x0800020c   0x00000000   Code   RO          672    .ARM.Collect$$libshutdown$$00000002  c_w.l(libshutdown2.o)
    0x0800020c   0x0800020c   0x00000000   Code   RO          674    .ARM.Collect$$libshutdown$$00000004  c_w.l(libshutdown2.o)
    0x0800020c   0x0800020c   0x00000000   Code   RO          676    .ARM.Collect$$libshutdown$$00000006  c_w.l(libshutdown2.o)
    0x0800020c   0x0800020c   0x00000000   Code   RO          679    .ARM.Collect$$libshutdown$$00000009  c_w.l(libshutdown2.o)
    0x0800020c   0x0800020c   0x00000000   Code   RO          682    .ARM.Collect$$libshutdown$$0000000C  c_w.l(libshutdown2.o)
    0x0800020c   0x0800020c   0x00000000   Code   RO          684    .ARM.Collect$$libshutdown$$0000000E  c_w.l(libshutdown2.o)
    0x0800020c   0x0800020c   0x00000000   Code   RO          687    .ARM.Collect$$libshutdown$$00000011  c_w.l(libshutdown2.o)
    0x0800020c   0x0800020c   0x00000002   Code   RO          688    .ARM.Collect$$libshutdown$$00000012  c_w.l(libshutdown2.o)
    0x0800020e   0x0800020e   0x00000000   Code   RO          549    .ARM.Collect$$rtentry$$00000000  c_w.l(__rtentry.o)
    0x0800020e   0x0800020e   0x00000000   Code   RO          563    .ARM.Collect$$rtentry$$00000002  c_w.l(__rtentry2.o)
    0x0800020e   0x0800020e   0x00000006   Code   RO          575    .ARM.Collect$$rtentry$$00000004  c_w.l(__rtentry4.o)
    0x08000214   0x08000214   0x00000000   Code   RO          565    .ARM.Collect$$rtentry$$00000009  c_w.l(__rtentry2.o)
    0x08000214   0x08000214   0x00000004   Code   RO          566    .ARM.Collect$$rtentry$$0000000A  c_w.l(__rtentry2.o)
    0x08000218   0x08000218   0x00000000   Code   RO          568    .ARM.Collect$$rtentry$$0000000C  c_w.l(__rtentry2.o)
    0x08000218   0x08000218   0x00000008   Code   RO          569    .ARM.Collect$$rtentry$$0000000D  c_w.l(__rtentry2.o)
    0x08000220   0x08000220   0x00000002   Code   RO          598    .ARM.Collect$$rtexit$$00000000  c_w.l(rtexit.o)
    0x08000222   0x08000222   0x00000000   Code   RO          646    .ARM.Collect$$rtexit$$00000002  c_w.l(rtexit2.o)
    0x08000222   0x08000222   0x00000004   Code   RO          647    .ARM.Collect$$rtexit$$00000003  c_w.l(rtexit2.o)
    0x08000226   0x08000226   0x00000006   Code   RO          648    .ARM.Collect$$rtexit$$00000004  c_w.l(rtexit2.o)
    0x0800022c   0x0800022c   0x000002b0   Code   RO            1    .text               main.o
    0x080004dc   0x080004dc   0x0000001a   Code   RO          144    .text               stm32f10x_it.o
    0x080004f6   0x080004f6   0x00000002   PAD
    0x080004f8   0x080004f8   0x000001e0   Code   RO          185    .text               system_stm32f10x.o
    0x080006d8   0x080006d8   0x0000004c   Code   RO          203    .text               led.o
    0x08000724   0x08000724   0x000000d8   Code   RO          215    .text               key.o
    0x080007fc   0x080007fc   0x00004a56   Code   RO          228    .text               lcd.o
    0x08005252   0x08005252   0x00000002   PAD
    0x08005254   0x08005254   0x00000260   Code   RO          251    .text               myiic.o
    0x080054b4   0x080054b4   0x0000017a   Code   RO          263    .text               24cxx.o
    0x0800562e   0x0800562e   0x00000002   PAD
    0x08005630   0x08005630   0x000000d4   Code   RO          275    .text               delay.o
    0x08005704   0x08005704   0x00000140   Code   RO          306    .text               usart.o
    0x08005844   0x08005844   0x00000040   Code   RO          342    .text               startup_stm32f10x_hd.o
    0x08005884   0x08005884   0x000000dc   Code   RO          346    .text               misc.o
    0x08005960   0x08005960   0x0000060c   Code   RO          358    .text               stm32f10x_fsmc.o
    0x08005f6c   0x08005f6c   0x0000035c   Code   RO          370    .text               stm32f10x_gpio.o
    0x080062c8   0x080062c8   0x000003a4   Code   RO          382    .text               stm32f10x_rcc.o
    0x0800666c   0x0800666c   0x00000408   Code   RO          396    .text               stm32f10x_usart.o
    0x08006a74   0x08006a74   0x00000e1a   Code   RO          408    .text               stm32f10x_tim.o
    0x0800788e   0x0800788e   0x00000002   PAD
    0x08007890   0x08007890   0x00000c38   Code   RO          420    .text               usmart.o
    0x080084c8   0x080084c8   0x00000528   Code   RO          456    .text               usmart_str.o
    0x080089f0   0x080089f0   0x00000002   Code   RO          470    .text               c_w.l(use_no_semi_2.o)
    0x080089f2   0x080089f2   0x00000002   PAD
    0x080089f4   0x080089f4   0x00000018   Code   RO          474    .text               c_w.l(noretval__2printf.o)
    0x08008a0c   0x08008a0c   0x0000004e   Code   RO          478    .text               c_w.l(_printf_pad.o)
    0x08008a5a   0x08008a5a   0x00000052   Code   RO          480    .text               c_w.l(_printf_str.o)
    0x08008aac   0x08008aac   0x00000078   Code   RO          482    .text               c_w.l(_printf_dec.o)
    0x08008b24   0x08008b24   0x00000058   Code   RO          487    .text               c_w.l(_printf_hex_int.o)
    0x08008b7c   0x08008b7c   0x00000188   Code   RO          522    .text               c_w.l(__printf_flags_ss_wp.o)
    0x08008d04   0x08008d04   0x00000006   Code   RO          531    .text               c_w.l(heapauxi.o)
    0x08008d0a   0x08008d0a   0x00000002   Code   RO          547    .text               c_w.l(use_no_semi.o)
    0x08008d0c   0x08008d0c   0x000000b2   Code   RO          550    .text               c_w.l(_printf_intcommon.o)
    0x08008dbe   0x08008dbe   0x0000002c   Code   RO          552    .text               c_w.l(_printf_char.o)
    0x08008dea   0x08008dea   0x00000002   PAD
    0x08008dec   0x08008dec   0x00000024   Code   RO          554    .text               c_w.l(_printf_char_file.o)
    0x08008e10   0x08008e10   0x00000030   Code   RO          577    .text               c_w.l(_printf_char_common.o)
    0x08008e40   0x08008e40   0x00000008   Code   RO          579    .text               c_w.l(ferror.o)
    0x08008e48   0x08008e48   0x0000004a   Code   RO          583    .text               c_w.l(sys_stackheap_outer.o)
    0x08008e92   0x08008e92   0x00000012   Code   RO          587    .text               c_w.l(exit.o)
    0x08008ea4   0x08008ea4   0x00000008   Code   RO          595    .text               c_w.l(libspace.o)
    0x08008eac   0x08008eac   0x0000000e   Code   RO          515    i._is_digit         c_w.l(__printf_wp.o)
    0x08008eba   0x08008eba   0x00000002   PAD
    0x08008ebc   0x08008ebc   0x0000005a   Code   RO          535    x$fpl$dfixu         fz_ws.l(dfixu.o)
    0x08008f16   0x08008f16   0x00000026   Code   RO          539    x$fpl$dfltu         fz_ws.l(dflt_clz.o)
    0x08008f3c   0x08008f3c   0x00000154   Code   RO          545    x$fpl$dmul          fz_ws.l(dmul.o)
    0x08009090   0x08009090   0x0000009c   Code   RO          557    x$fpl$dnaninf       fz_ws.l(dnaninf.o)
    0x0800912c   0x0800912c   0x0000000c   Code   RO          559    x$fpl$dretinf       fz_ws.l(dretinf.o)
    0x08009138   0x08009138   0x00000000   Code   RO          561    x$fpl$usenofp       fz_ws.l(usenofp.o)
    0x08009138   0x08009138   0x00000015   Data   RO            2    .constdata          main.o
    0x0800914d   0x0800914d   0x000017c0   Data   RO          230    .constdata          lcd.o
    0x0800a90d   0x0800a90d   0x00000028   Data   RO          488    .constdata          c_w.l(_printf_hex_int.o)
    0x0800a935   0x0800a935   0x00000011   Data   RO          523    .constdata          c_w.l(__printf_flags_ss_wp.o)
    0x0800a946   0x0800a946   0x00000002   PAD
    0x0800a948   0x0800a948   0x00000028   Data   RO          421    .conststring        usmart.o
    0x0800a970   0x0800a970   0x000000cb   Data   RO          440    .conststring        usmart_config.o
    0x0800aa3b   0x0800aa3b   0x00000001   PAD
    0x0800aa3c   0x0800aa3c   0x00000020   Data   RO          720    Region$$Table       anon$$obj.o


    Execution Region RW_IRAM1 (Exec base: 0x20000000, Load base: 0x0800aa5c, Size: 0x000008b8, Max: 0x00010000, ABSOLUTE, COMPRESSED[0x00000074])

    Exec Addr    Load Addr    Size         Type   Attr      Idx    E Section Name        Object

    0x20000000   COMPRESSED   0x00000014   Data   RW          186    .data               system_stm32f10x.o
    0x20000014   COMPRESSED   0x00000001   Data   RW          216    .data               key.o
    0x20000015   COMPRESSED   0x00000001   PAD
    0x20000016   COMPRESSED   0x00000004   Data   RW          231    .data               lcd.o
    0x2000001a   COMPRESSED   0x00000004   Data   RW          276    .data               delay.o
    0x2000001e   COMPRESSED   0x00000002   PAD
    0x20000020   COMPRESSED   0x00000006   Data   RW          308    .data               usart.o
    0x20000026   COMPRESSED   0x00000014   Data   RW          383    .data               stm32f10x_rcc.o
    0x2000003a   COMPRESSED   0x00000002   PAD
    0x2000003c   COMPRESSED   0x0000001c   Data   RW          422    .data               usmart.o
    0x20000058   COMPRESSED   0x00000124   Data   RW          441    .data               usmart_config.o
    0x2000017c        -       0x0000000e   Zero   RW          229    .bss                lcd.o
    0x2000018a        -       0x000000c8   Zero   RW          307    .bss                usart.o
    0x20000252   COMPRESSED   0x00000002   PAD
    0x20000254        -       0x00000060   Zero   RW          596    .bss                c_w.l(libspace.o)
    0x200002b4   COMPRESSED   0x00000004   PAD
    0x200002b8        -       0x00000200   Zero   RW          340    HEAP                startup_stm32f10x_hd.o
    0x200004b8        -       0x00000400   Zero   RW          339    STACK               startup_stm32f10x_hd.o

