<html>
<body>
<pre>
<h1>礦ision Build Log</h1>
<h2>Project:</h2>
E:\Documents and Settings\Administrator\桌面\作品（新）\5Kg电子秤程序 私人使用\STM32驱动程序--40KG\串口输出数据\USER\main.uvproj
Project File Date:  08/13/2016

<h2>Output:</h2>
Rebuild target 'Target 1'
compiling main.c...
compiling stm32f10x_it.c...
compiling system_stm32f10x.c...
compiling HX711.c...
compiling core_cm3.c...
assembling startup_stm32f10x_md.s...
compiling misc.c...
compiling stm32f10x_gpio.c...
compiling stm32f10x_rcc.c...
compiling stm32f10x_usart.c...
compiling delay.c...
compiling sys.c...
compiling usart.c...
linking...
Program Size: Code=6564 RO-data=268 RW-data=68 ZI-data=1836  
FromELF: creating hex file...
"..\OBJ\main.axf" - 0 Error(s), 0 Warning(s).
</pre>
</body>
</html>
