<!doctype html public "-//w3c//dtd html 4.0 transitional//en">
<html><head>
<title>Static Call Graph - [..\OBJ\AS608.axf]</title></head>
<body><HR>
<H1>Static Call Graph for image ..\OBJ\AS608.axf</H1><HR>
<BR><P>#&#060CALLGRAPH&#062# ARM Linker, 5060750: Last Updated: Fri Oct 18 16:59:04 2019
<BR><P>
<H3>Maximum Stack Usage =        368 bytes + Unknown(Functions without stacksize, Cycles, Untraceable Function Pointers)</H3><H3>
Call chain for Maximum Stack Depth:</H3>
usmart_cmd_rec &rArr; usmart_get_fparam &rArr; usmart_str2num
<P>
<H3>
Functions with no stack information
</H3><UL>
 <LI><a href="#[84]">__user_initial_stackheap</a>
</UL>
</UL>
<P>
<H3>
Mutually Recursive functions
</H3> <LI><a href="#[2c]">ADC1_2_IRQHandler</a>&nbsp;&nbsp;&nbsp;&rArr;&nbsp;&nbsp;&nbsp;<a href="#[2c]">ADC1_2_IRQHandler</a><BR>
 <LI><a href="#[14]">BusFault_Handler</a>&nbsp;&nbsp;&nbsp;&rArr;&nbsp;&nbsp;&nbsp;<a href="#[14]">BusFault_Handler</a><BR>
 <LI><a href="#[12]">HardFault_Handler</a>&nbsp;&nbsp;&nbsp;&rArr;&nbsp;&nbsp;&nbsp;<a href="#[12]">HardFault_Handler</a><BR>
 <LI><a href="#[13]">MemManage_Handler</a>&nbsp;&nbsp;&nbsp;&rArr;&nbsp;&nbsp;&nbsp;<a href="#[13]">MemManage_Handler</a><BR>
 <LI><a href="#[15]">UsageFault_Handler</a>&nbsp;&nbsp;&nbsp;&rArr;&nbsp;&nbsp;&nbsp;<a href="#[15]">UsageFault_Handler</a><BR>
 <LI><a href="#[f7]">usmart_strcmp</a>&nbsp;&nbsp;&nbsp;&rArr;&nbsp;&nbsp;&nbsp;<a href="#[f7]">usmart_strcmp</a><BR>
 <LI><a href="#[100]">usmart_strcopy</a>&nbsp;&nbsp;&nbsp;&rArr;&nbsp;&nbsp;&nbsp;<a href="#[100]">usmart_strcopy</a><BR>
 <LI><a href="#[fc]">usmart_search_nextc</a>&nbsp;&nbsp;&nbsp;&rArr;&nbsp;&nbsp;&nbsp;<a href="#[fc]">usmart_search_nextc</a><BR>
</UL>
<P>
<H3>
Function Pointers
</H3><UL>
 <LI><a href="#[2c]">ADC1_2_IRQHandler</a> from startup_stm32f10x_hd.o(.text) referenced from startup_stm32f10x_hd.o(RESET)
 <LI><a href="#[49]">ADC3_IRQHandler</a> from startup_stm32f10x_hd.o(.text) referenced from startup_stm32f10x_hd.o(RESET)
 <LI><a href="#[14]">BusFault_Handler</a> from stm32f10x_it.o(i.BusFault_Handler) referenced from startup_stm32f10x_hd.o(RESET)
 <LI><a href="#[2f]">CAN1_RX1_IRQHandler</a> from startup_stm32f10x_hd.o(.text) referenced from startup_stm32f10x_hd.o(RESET)
 <LI><a href="#[30]">CAN1_SCE_IRQHandler</a> from startup_stm32f10x_hd.o(.text) referenced from startup_stm32f10x_hd.o(RESET)
 <LI><a href="#[25]">DMA1_Channel1_IRQHandler</a> from startup_stm32f10x_hd.o(.text) referenced from startup_stm32f10x_hd.o(RESET)
 <LI><a href="#[26]">DMA1_Channel2_IRQHandler</a> from startup_stm32f10x_hd.o(.text) referenced from startup_stm32f10x_hd.o(RESET)
 <LI><a href="#[27]">DMA1_Channel3_IRQHandler</a> from startup_stm32f10x_hd.o(.text) referenced from startup_stm32f10x_hd.o(RESET)
 <LI><a href="#[28]">DMA1_Channel4_IRQHandler</a> from startup_stm32f10x_hd.o(.text) referenced from startup_stm32f10x_hd.o(RESET)
 <LI><a href="#[29]">DMA1_Channel5_IRQHandler</a> from startup_stm32f10x_hd.o(.text) referenced from startup_stm32f10x_hd.o(RESET)
 <LI><a href="#[2a]">DMA1_Channel6_IRQHandler</a> from startup_stm32f10x_hd.o(.text) referenced from startup_stm32f10x_hd.o(RESET)
 <LI><a href="#[2b]">DMA1_Channel7_IRQHandler</a> from startup_stm32f10x_hd.o(.text) referenced from startup_stm32f10x_hd.o(RESET)
 <LI><a href="#[52]">DMA2_Channel1_IRQHandler</a> from startup_stm32f10x_hd.o(.text) referenced from startup_stm32f10x_hd.o(RESET)
 <LI><a href="#[53]">DMA2_Channel2_IRQHandler</a> from startup_stm32f10x_hd.o(.text) referenced from startup_stm32f10x_hd.o(RESET)
 <LI><a href="#[54]">DMA2_Channel3_IRQHandler</a> from startup_stm32f10x_hd.o(.text) referenced from startup_stm32f10x_hd.o(RESET)
 <LI><a href="#[55]">DMA2_Channel4_5_IRQHandler</a> from startup_stm32f10x_hd.o(.text) referenced from startup_stm32f10x_hd.o(RESET)
 <LI><a href="#[17]">DebugMon_Handler</a> from stm32f10x_it.o(i.DebugMon_Handler) referenced from startup_stm32f10x_hd.o(RESET)
 <LI><a href="#[20]">EXTI0_IRQHandler</a> from startup_stm32f10x_hd.o(.text) referenced from startup_stm32f10x_hd.o(RESET)
 <LI><a href="#[42]">EXTI15_10_IRQHandler</a> from startup_stm32f10x_hd.o(.text) referenced from startup_stm32f10x_hd.o(RESET)
 <LI><a href="#[21]">EXTI1_IRQHandler</a> from startup_stm32f10x_hd.o(.text) referenced from startup_stm32f10x_hd.o(RESET)
 <LI><a href="#[22]">EXTI2_IRQHandler</a> from startup_stm32f10x_hd.o(.text) referenced from startup_stm32f10x_hd.o(RESET)
 <LI><a href="#[23]">EXTI3_IRQHandler</a> from startup_stm32f10x_hd.o(.text) referenced from startup_stm32f10x_hd.o(RESET)
 <LI><a href="#[24]">EXTI4_IRQHandler</a> from startup_stm32f10x_hd.o(.text) referenced from startup_stm32f10x_hd.o(RESET)
 <LI><a href="#[31]">EXTI9_5_IRQHandler</a> from startup_stm32f10x_hd.o(.text) referenced from startup_stm32f10x_hd.o(RESET)
 <LI><a href="#[1e]">FLASH_IRQHandler</a> from startup_stm32f10x_hd.o(.text) referenced from startup_stm32f10x_hd.o(RESET)
 <LI><a href="#[4a]">FSMC_IRQHandler</a> from startup_stm32f10x_hd.o(.text) referenced from startup_stm32f10x_hd.o(RESET)
 <LI><a href="#[12]">HardFault_Handler</a> from stm32f10x_it.o(i.HardFault_Handler) referenced from startup_stm32f10x_hd.o(RESET)
 <LI><a href="#[3a]">I2C1_ER_IRQHandler</a> from startup_stm32f10x_hd.o(.text) referenced from startup_stm32f10x_hd.o(RESET)
 <LI><a href="#[39]">I2C1_EV_IRQHandler</a> from startup_stm32f10x_hd.o(.text) referenced from startup_stm32f10x_hd.o(RESET)
 <LI><a href="#[3c]">I2C2_ER_IRQHandler</a> from startup_stm32f10x_hd.o(.text) referenced from startup_stm32f10x_hd.o(RESET)
 <LI><a href="#[3b]">I2C2_EV_IRQHandler</a> from startup_stm32f10x_hd.o(.text) referenced from startup_stm32f10x_hd.o(RESET)
 <LI><a href="#[13]">MemManage_Handler</a> from stm32f10x_it.o(i.MemManage_Handler) referenced from startup_stm32f10x_hd.o(RESET)
 <LI><a href="#[11]">NMI_Handler</a> from stm32f10x_it.o(i.NMI_Handler) referenced from startup_stm32f10x_hd.o(RESET)
 <LI><a href="#[9]">PS_ReadSysPara</a> from as608.o(i.PS_ReadSysPara) referenced 2 times from usmart_config.o(.data)
 <LI><a href="#[a]">PS_SetAddr</a> from as608.o(i.PS_SetAddr) referenced 2 times from usmart_config.o(.data)
 <LI><a href="#[b]">PS_ValidTempleteNum</a> from as608.o(i.PS_ValidTempleteNum) referenced 2 times from usmart_config.o(.data)
 <LI><a href="#[8]">PS_WriteReg</a> from as608.o(i.PS_WriteReg) referenced 2 times from usmart_config.o(.data)
 <LI><a href="#[1b]">PVD_IRQHandler</a> from startup_stm32f10x_hd.o(.text) referenced from startup_stm32f10x_hd.o(RESET)
 <LI><a href="#[18]">PendSV_Handler</a> from stm32f10x_it.o(i.PendSV_Handler) referenced from startup_stm32f10x_hd.o(RESET)
 <LI><a href="#[1f]">RCC_IRQHandler</a> from startup_stm32f10x_hd.o(.text) referenced from startup_stm32f10x_hd.o(RESET)
 <LI><a href="#[43]">RTCAlarm_IRQHandler</a> from startup_stm32f10x_hd.o(.text) referenced from startup_stm32f10x_hd.o(RESET)
 <LI><a href="#[1d]">RTC_IRQHandler</a> from startup_stm32f10x_hd.o(.text) referenced from startup_stm32f10x_hd.o(RESET)
 <LI><a href="#[10]">Reset_Handler</a> from startup_stm32f10x_hd.o(.text) referenced from startup_stm32f10x_hd.o(RESET)
 <LI><a href="#[4b]">SDIO_IRQHandler</a> from startup_stm32f10x_hd.o(.text) referenced from startup_stm32f10x_hd.o(RESET)
 <LI><a href="#[3d]">SPI1_IRQHandler</a> from startup_stm32f10x_hd.o(.text) referenced from startup_stm32f10x_hd.o(RESET)
 <LI><a href="#[3e]">SPI2_IRQHandler</a> from startup_stm32f10x_hd.o(.text) referenced from startup_stm32f10x_hd.o(RESET)
 <LI><a href="#[4d]">SPI3_IRQHandler</a> from startup_stm32f10x_hd.o(.text) referenced from startup_stm32f10x_hd.o(RESET)
 <LI><a href="#[16]">SVC_Handler</a> from stm32f10x_it.o(i.SVC_Handler) referenced from startup_stm32f10x_hd.o(RESET)
 <LI><a href="#[19]">SysTick_Handler</a> from stm32f10x_it.o(i.SysTick_Handler) referenced from startup_stm32f10x_hd.o(RESET)
 <LI><a href="#[56]">SystemInit</a> from system_stm32f10x.o(i.SystemInit) referenced from startup_stm32f10x_hd.o(.text)
 <LI><a href="#[1c]">TAMPER_IRQHandler</a> from startup_stm32f10x_hd.o(.text) referenced from startup_stm32f10x_hd.o(RESET)
 <LI><a href="#[32]">TIM1_BRK_IRQHandler</a> from startup_stm32f10x_hd.o(.text) referenced from startup_stm32f10x_hd.o(RESET)
 <LI><a href="#[35]">TIM1_CC_IRQHandler</a> from startup_stm32f10x_hd.o(.text) referenced from startup_stm32f10x_hd.o(RESET)
 <LI><a href="#[34]">TIM1_TRG_COM_IRQHandler</a> from startup_stm32f10x_hd.o(.text) referenced from startup_stm32f10x_hd.o(RESET)
 <LI><a href="#[33]">TIM1_UP_IRQHandler</a> from startup_stm32f10x_hd.o(.text) referenced from startup_stm32f10x_hd.o(RESET)
 <LI><a href="#[36]">TIM2_IRQHandler</a> from usmart.o(i.TIM2_IRQHandler) referenced from startup_stm32f10x_hd.o(RESET)
 <LI><a href="#[37]">TIM3_IRQHandler</a> from startup_stm32f10x_hd.o(.text) referenced from startup_stm32f10x_hd.o(RESET)
 <LI><a href="#[38]">TIM4_IRQHandler</a> from timer.o(i.TIM4_IRQHandler) referenced from startup_stm32f10x_hd.o(RESET)
 <LI><a href="#[4c]">TIM5_IRQHandler</a> from startup_stm32f10x_hd.o(.text) referenced from startup_stm32f10x_hd.o(RESET)
 <LI><a href="#[50]">TIM6_IRQHandler</a> from startup_stm32f10x_hd.o(.text) referenced from startup_stm32f10x_hd.o(RESET)
 <LI><a href="#[51]">TIM7_IRQHandler</a> from startup_stm32f10x_hd.o(.text) referenced from startup_stm32f10x_hd.o(RESET)
 <LI><a href="#[45]">TIM8_BRK_IRQHandler</a> from startup_stm32f10x_hd.o(.text) referenced from startup_stm32f10x_hd.o(RESET)
 <LI><a href="#[48]">TIM8_CC_IRQHandler</a> from startup_stm32f10x_hd.o(.text) referenced from startup_stm32f10x_hd.o(RESET)
 <LI><a href="#[47]">TIM8_TRG_COM_IRQHandler</a> from startup_stm32f10x_hd.o(.text) referenced from startup_stm32f10x_hd.o(RESET)
 <LI><a href="#[46]">TIM8_UP_IRQHandler</a> from startup_stm32f10x_hd.o(.text) referenced from startup_stm32f10x_hd.o(RESET)
 <LI><a href="#[4e]">UART4_IRQHandler</a> from startup_stm32f10x_hd.o(.text) referenced from startup_stm32f10x_hd.o(RESET)
 <LI><a href="#[4f]">UART5_IRQHandler</a> from startup_stm32f10x_hd.o(.text) referenced from startup_stm32f10x_hd.o(RESET)
 <LI><a href="#[3f]">USART1_IRQHandler</a> from usart.o(i.USART1_IRQHandler) referenced from startup_stm32f10x_hd.o(RESET)
 <LI><a href="#[40]">USART2_IRQHandler</a> from usart2.o(i.USART2_IRQHandler) referenced from startup_stm32f10x_hd.o(RESET)
 <LI><a href="#[41]">USART3_IRQHandler</a> from startup_stm32f10x_hd.o(.text) referenced from startup_stm32f10x_hd.o(RESET)
 <LI><a href="#[44]">USBWakeUp_IRQHandler</a> from startup_stm32f10x_hd.o(.text) referenced from startup_stm32f10x_hd.o(RESET)
 <LI><a href="#[2d]">USB_HP_CAN1_TX_IRQHandler</a> from startup_stm32f10x_hd.o(.text) referenced from startup_stm32f10x_hd.o(RESET)
 <LI><a href="#[2e]">USB_LP_CAN1_RX0_IRQHandler</a> from startup_stm32f10x_hd.o(.text) referenced from startup_stm32f10x_hd.o(RESET)
 <LI><a href="#[15]">UsageFault_Handler</a> from stm32f10x_it.o(i.UsageFault_Handler) referenced from startup_stm32f10x_hd.o(RESET)
 <LI><a href="#[1a]">WWDG_IRQHandler</a> from startup_stm32f10x_hd.o(.text) referenced from startup_stm32f10x_hd.o(RESET)
 <LI><a href="#[5b]">__main</a> from __main.o(!!!main) referenced from startup_stm32f10x_hd.o(.text)
 <LI><a href="#[59]">_printf_input_char</a> from _printf_char_common.o(.text) referenced from _printf_char_common.o(.text)
 <LI><a href="#[58]">_sputc</a> from _sputc.o(.text) referenced from __2sprintf.o(.text)
 <LI><a href="#[5a]">fputc</a> from usart.o(i.fputc) referenced from _printf_char_file.o(.text)
 <LI><a href="#[4]">mem_init</a> from malloc.o(i.mem_init) referenced 2 times from malloc.o(.data)
 <LI><a href="#[5]">mem_perused</a> from malloc.o(i.mem_perused) referenced 2 times from malloc.o(.data)
 <LI><a href="#[6]">read_addr</a> from usmart.o(i.read_addr) referenced 2 times from usmart_config.o(.data)
 <LI><a href="#[d]">usmart_cmd_rec</a> from usmart.o(i.usmart_cmd_rec) referenced 2 times from usmart_config.o(.data)
 <LI><a href="#[e]">usmart_exe</a> from usmart.o(i.usmart_exe) referenced 2 times from usmart_config.o(.data)
 <LI><a href="#[c]">usmart_init</a> from usmart.o(i.usmart_init) referenced 2 times from usmart_config.o(.data)
 <LI><a href="#[f]">usmart_scan</a> from usmart.o(i.usmart_scan) referenced 2 times from usmart_config.o(.data)
 <LI><a href="#[7]">write_addr</a> from usmart.o(i.write_addr) referenced 2 times from usmart_config.o(.data)
</UL>
<P>
<H3>
Global Symbols
</H3>
<P><STRONG><a name="[5b]"></a>__main</STRONG> (Thumb, 8 bytes, Stack size 0 bytes, __main.o(!!!main))
<BR><BR>[Calls]<UL><LI><a href="#[5d]">&gt;&gt;</a>&nbsp;&nbsp;&nbsp;__rt_entry
<LI><a href="#[5c]">&gt;&gt;</a>&nbsp;&nbsp;&nbsp;__scatterload
</UL>

<P><STRONG><a name="[5c]"></a>__scatterload</STRONG> (Thumb, 0 bytes, Stack size unknown bytes, __scatter.o(!!!scatter))
<BR><BR>[Called By]<UL><LI><a href="#[5b]">&gt;&gt;</a>&nbsp;&nbsp;&nbsp;__main
</UL>

<P><STRONG><a name="[5e]"></a>__scatterload_rt2</STRONG> (Thumb, 44 bytes, Stack size unknown bytes, __scatter.o(!!!scatter), UNUSED)
<BR><BR>[Calls]<UL><LI><a href="#[5d]">&gt;&gt;</a>&nbsp;&nbsp;&nbsp;__rt_entry
</UL>

<P><STRONG><a name="[104]"></a>__scatterload_rt2_thumb_only</STRONG> (Thumb, 0 bytes, Stack size unknown bytes, __scatter.o(!!!scatter), UNUSED)

<P><STRONG><a name="[105]"></a>__scatterload_null</STRONG> (Thumb, 0 bytes, Stack size unknown bytes, __scatter.o(!!!scatter), UNUSED)

<P><STRONG><a name="[106]"></a>__decompress</STRONG> (Thumb, 90 bytes, Stack size unknown bytes, __dczerorl2.o(!!dczerorl2), UNUSED)

<P><STRONG><a name="[107]"></a>__decompress1</STRONG> (Thumb, 0 bytes, Stack size unknown bytes, __dczerorl2.o(!!dczerorl2), UNUSED)

<P><STRONG><a name="[108]"></a>__scatterload_zeroinit</STRONG> (Thumb, 28 bytes, Stack size unknown bytes, __scatter_zi.o(!!handler_zi), UNUSED)

<P><STRONG><a name="[5f]"></a>_printf_d</STRONG> (Thumb, 0 bytes, Stack size unknown bytes, _printf_d.o(.ARM.Collect$$_printf_percent$$00000009))
<BR><BR>[Stack]<UL><LI>Max Depth = 72 + Unknown Stack Size
<LI>Call Chain = _printf_d &rArr; _printf_int_dec &rArr; _printf_int_common &rArr; _printf_post_padding
</UL>
<BR>[Calls]<UL><LI><a href="#[60]">&gt;&gt;</a>&nbsp;&nbsp;&nbsp;_printf_int_dec
</UL>

<P><STRONG><a name="[80]"></a>_printf_percent</STRONG> (Thumb, 0 bytes, Stack size unknown bytes, _printf_percent.o(.ARM.Collect$$_printf_percent$$00000000))
<BR><BR>[Called By]<UL><LI><a href="#[7e]">&gt;&gt;</a>&nbsp;&nbsp;&nbsp;__printf
</UL>

<P><STRONG><a name="[61]"></a>_printf_u</STRONG> (Thumb, 0 bytes, Stack size unknown bytes, _printf_u.o(.ARM.Collect$$_printf_percent$$0000000A))
<BR><BR>[Stack]<UL><LI>Max Depth = 72 + Unknown Stack Size
<LI>Call Chain = _printf_u &rArr; _printf_int_dec &rArr; _printf_int_common &rArr; _printf_post_padding
</UL>
<BR>[Calls]<UL><LI><a href="#[60]">&gt;&gt;</a>&nbsp;&nbsp;&nbsp;_printf_int_dec
</UL>

<P><STRONG><a name="[62]"></a>_printf_x</STRONG> (Thumb, 0 bytes, Stack size unknown bytes, _printf_x.o(.ARM.Collect$$_printf_percent$$0000000C))
<BR><BR>[Stack]<UL><LI>Max Depth = 80 + Unknown Stack Size
<LI>Call Chain = _printf_x &rArr; _printf_int_hex &rArr; _printf_longlong_hex &rArr; _printf_int_common &rArr; _printf_post_padding
</UL>
<BR>[Calls]<UL><LI><a href="#[63]">&gt;&gt;</a>&nbsp;&nbsp;&nbsp;_printf_int_hex
</UL>

<P><STRONG><a name="[64]"></a>_printf_c</STRONG> (Thumb, 0 bytes, Stack size unknown bytes, _printf_c.o(.ARM.Collect$$_printf_percent$$00000013))
<BR><BR>[Stack]<UL><LI>Max Depth = 40 + Unknown Stack Size
<LI>Call Chain = _printf_c &rArr; _printf_char &rArr; _printf_cs_common &rArr; _printf_str &rArr; _printf_post_padding
</UL>
<BR>[Calls]<UL><LI><a href="#[65]">&gt;&gt;</a>&nbsp;&nbsp;&nbsp;_printf_char
</UL>

<P><STRONG><a name="[66]"></a>_printf_s</STRONG> (Thumb, 0 bytes, Stack size unknown bytes, _printf_s.o(.ARM.Collect$$_printf_percent$$00000014))
<BR><BR>[Stack]<UL><LI>Max Depth = 40 + Unknown Stack Size
<LI>Call Chain = _printf_s &rArr; _printf_string &rArr; _printf_cs_common &rArr; _printf_str &rArr; _printf_post_padding
</UL>
<BR>[Calls]<UL><LI><a href="#[67]">&gt;&gt;</a>&nbsp;&nbsp;&nbsp;_printf_string
</UL>

<P><STRONG><a name="[109]"></a>_printf_percent_end</STRONG> (Thumb, 0 bytes, Stack size unknown bytes, _printf_percent_end.o(.ARM.Collect$$_printf_percent$$00000017))

<P><STRONG><a name="[6b]"></a>__rt_lib_init</STRONG> (Thumb, 0 bytes, Stack size unknown bytes, libinit.o(.ARM.Collect$$libinit$$00000000))
<BR><BR>[Called By]<UL><LI><a href="#[6a]">&gt;&gt;</a>&nbsp;&nbsp;&nbsp;__rt_entry_li
</UL>

<P><STRONG><a name="[10a]"></a>__rt_lib_init_alloca_1</STRONG> (Thumb, 0 bytes, Stack size unknown bytes, libinit2.o(.ARM.Collect$$libinit$$0000002E))

<P><STRONG><a name="[10b]"></a>__rt_lib_init_argv_1</STRONG> (Thumb, 0 bytes, Stack size unknown bytes, libinit2.o(.ARM.Collect$$libinit$$0000002C))

<P><STRONG><a name="[10c]"></a>__rt_lib_init_atexit_1</STRONG> (Thumb, 0 bytes, Stack size unknown bytes, libinit2.o(.ARM.Collect$$libinit$$0000001B))

<P><STRONG><a name="[10d]"></a>__rt_lib_init_clock_1</STRONG> (Thumb, 0 bytes, Stack size unknown bytes, libinit2.o(.ARM.Collect$$libinit$$00000021))

<P><STRONG><a name="[10e]"></a>__rt_lib_init_cpp_1</STRONG> (Thumb, 0 bytes, Stack size unknown bytes, libinit2.o(.ARM.Collect$$libinit$$00000032))

<P><STRONG><a name="[10f]"></a>__rt_lib_init_exceptions_1</STRONG> (Thumb, 0 bytes, Stack size unknown bytes, libinit2.o(.ARM.Collect$$libinit$$00000030))

<P><STRONG><a name="[110]"></a>__rt_lib_init_fp_1</STRONG> (Thumb, 0 bytes, Stack size unknown bytes, libinit2.o(.ARM.Collect$$libinit$$00000002))

<P><STRONG><a name="[111]"></a>__rt_lib_init_fp_trap_1</STRONG> (Thumb, 0 bytes, Stack size unknown bytes, libinit2.o(.ARM.Collect$$libinit$$0000001F))

<P><STRONG><a name="[112]"></a>__rt_lib_init_getenv_1</STRONG> (Thumb, 0 bytes, Stack size unknown bytes, libinit2.o(.ARM.Collect$$libinit$$00000023))

<P><STRONG><a name="[113]"></a>__rt_lib_init_heap_1</STRONG> (Thumb, 0 bytes, Stack size unknown bytes, libinit2.o(.ARM.Collect$$libinit$$0000000A))

<P><STRONG><a name="[114]"></a>__rt_lib_init_lc_collate_1</STRONG> (Thumb, 0 bytes, Stack size unknown bytes, libinit2.o(.ARM.Collect$$libinit$$00000011))

<P><STRONG><a name="[115]"></a>__rt_lib_init_lc_ctype_1</STRONG> (Thumb, 0 bytes, Stack size unknown bytes, libinit2.o(.ARM.Collect$$libinit$$00000013))

<P><STRONG><a name="[116]"></a>__rt_lib_init_lc_monetary_1</STRONG> (Thumb, 0 bytes, Stack size unknown bytes, libinit2.o(.ARM.Collect$$libinit$$00000015))

<P><STRONG><a name="[117]"></a>__rt_lib_init_lc_numeric_1</STRONG> (Thumb, 0 bytes, Stack size unknown bytes, libinit2.o(.ARM.Collect$$libinit$$00000017))

<P><STRONG><a name="[118]"></a>__rt_lib_init_lc_time_1</STRONG> (Thumb, 0 bytes, Stack size unknown bytes, libinit2.o(.ARM.Collect$$libinit$$00000019))

<P><STRONG><a name="[119]"></a>__rt_lib_init_preinit_1</STRONG> (Thumb, 0 bytes, Stack size unknown bytes, libinit2.o(.ARM.Collect$$libinit$$00000004))

<P><STRONG><a name="[11a]"></a>__rt_lib_init_rand_1</STRONG> (Thumb, 0 bytes, Stack size unknown bytes, libinit2.o(.ARM.Collect$$libinit$$0000000E))

<P><STRONG><a name="[11b]"></a>__rt_lib_init_return</STRONG> (Thumb, 0 bytes, Stack size unknown bytes, libinit2.o(.ARM.Collect$$libinit$$00000033))

<P><STRONG><a name="[11c]"></a>__rt_lib_init_signal_1</STRONG> (Thumb, 0 bytes, Stack size unknown bytes, libinit2.o(.ARM.Collect$$libinit$$0000001D))

<P><STRONG><a name="[11d]"></a>__rt_lib_init_stdio_1</STRONG> (Thumb, 0 bytes, Stack size unknown bytes, libinit2.o(.ARM.Collect$$libinit$$00000025))

<P><STRONG><a name="[11e]"></a>__rt_lib_init_user_alloc_1</STRONG> (Thumb, 0 bytes, Stack size unknown bytes, libinit2.o(.ARM.Collect$$libinit$$0000000C))

<P><STRONG><a name="[70]"></a>__rt_lib_shutdown</STRONG> (Thumb, 0 bytes, Stack size unknown bytes, libshutdown.o(.ARM.Collect$$libshutdown$$00000000))
<BR><BR>[Called By]<UL><LI><a href="#[6f]">&gt;&gt;</a>&nbsp;&nbsp;&nbsp;__rt_exit_ls
</UL>

<P><STRONG><a name="[11f]"></a>__rt_lib_shutdown_cpp_1</STRONG> (Thumb, 0 bytes, Stack size unknown bytes, libshutdown2.o(.ARM.Collect$$libshutdown$$00000002))

<P><STRONG><a name="[120]"></a>__rt_lib_shutdown_fp_trap_1</STRONG> (Thumb, 0 bytes, Stack size unknown bytes, libshutdown2.o(.ARM.Collect$$libshutdown$$00000007))

<P><STRONG><a name="[121]"></a>__rt_lib_shutdown_heap_1</STRONG> (Thumb, 0 bytes, Stack size unknown bytes, libshutdown2.o(.ARM.Collect$$libshutdown$$0000000F))

<P><STRONG><a name="[122]"></a>__rt_lib_shutdown_return</STRONG> (Thumb, 0 bytes, Stack size unknown bytes, libshutdown2.o(.ARM.Collect$$libshutdown$$00000010))

<P><STRONG><a name="[123]"></a>__rt_lib_shutdown_signal_1</STRONG> (Thumb, 0 bytes, Stack size unknown bytes, libshutdown2.o(.ARM.Collect$$libshutdown$$0000000A))

<P><STRONG><a name="[124]"></a>__rt_lib_shutdown_stdio_1</STRONG> (Thumb, 0 bytes, Stack size unknown bytes, libshutdown2.o(.ARM.Collect$$libshutdown$$00000004))

<P><STRONG><a name="[125]"></a>__rt_lib_shutdown_user_alloc_1</STRONG> (Thumb, 0 bytes, Stack size unknown bytes, libshutdown2.o(.ARM.Collect$$libshutdown$$0000000C))

<P><STRONG><a name="[5d]"></a>__rt_entry</STRONG> (Thumb, 0 bytes, Stack size unknown bytes, __rtentry.o(.ARM.Collect$$rtentry$$00000000))
<BR><BR>[Called By]<UL><LI><a href="#[5b]">&gt;&gt;</a>&nbsp;&nbsp;&nbsp;__main
<LI><a href="#[5e]">&gt;&gt;</a>&nbsp;&nbsp;&nbsp;__scatterload_rt2
</UL>

<P><STRONG><a name="[126]"></a>__rt_entry_presh_1</STRONG> (Thumb, 0 bytes, Stack size unknown bytes, __rtentry2.o(.ARM.Collect$$rtentry$$00000002))

<P><STRONG><a name="[68]"></a>__rt_entry_sh</STRONG> (Thumb, 0 bytes, Stack size unknown bytes, __rtentry4.o(.ARM.Collect$$rtentry$$00000004))
<BR><BR>[Stack]<UL><LI>Max Depth = 8 + Unknown Stack Size
<LI>Call Chain = __rt_entry_sh &rArr; __user_setup_stackheap
</UL>
<BR>[Calls]<UL><LI><a href="#[69]">&gt;&gt;</a>&nbsp;&nbsp;&nbsp;__user_setup_stackheap
</UL>

<P><STRONG><a name="[6a]"></a>__rt_entry_li</STRONG> (Thumb, 0 bytes, Stack size unknown bytes, __rtentry2.o(.ARM.Collect$$rtentry$$0000000A))
<BR><BR>[Calls]<UL><LI><a href="#[6b]">&gt;&gt;</a>&nbsp;&nbsp;&nbsp;__rt_lib_init
</UL>

<P><STRONG><a name="[127]"></a>__rt_entry_postsh_1</STRONG> (Thumb, 0 bytes, Stack size unknown bytes, __rtentry2.o(.ARM.Collect$$rtentry$$00000009))

<P><STRONG><a name="[6c]"></a>__rt_entry_main</STRONG> (Thumb, 0 bytes, Stack size unknown bytes, __rtentry2.o(.ARM.Collect$$rtentry$$0000000D))
<BR><BR>[Stack]<UL><LI>Max Depth = 316 + Unknown Stack Size
<LI>Call Chain = __rt_entry_main &rArr; main &rArr; Add_FR &rArr; ShowErrMessage &rArr; Show_Str_Mid &rArr; Show_Str &rArr; Show_Font &rArr; LCD_Fast_DrawPoint &rArr; LCD_WriteReg
</UL>
<BR>[Calls]<UL><LI><a href="#[6d]">&gt;&gt;</a>&nbsp;&nbsp;&nbsp;main
<LI><a href="#[6e]">&gt;&gt;</a>&nbsp;&nbsp;&nbsp;exit
</UL>

<P><STRONG><a name="[128]"></a>__rt_entry_postli_1</STRONG> (Thumb, 0 bytes, Stack size unknown bytes, __rtentry2.o(.ARM.Collect$$rtentry$$0000000C))

<P><STRONG><a name="[85]"></a>__rt_exit</STRONG> (Thumb, 0 bytes, Stack size unknown bytes, rtexit.o(.ARM.Collect$$rtexit$$00000000))
<BR><BR>[Called By]<UL><LI><a href="#[6e]">&gt;&gt;</a>&nbsp;&nbsp;&nbsp;exit
</UL>

<P><STRONG><a name="[6f]"></a>__rt_exit_ls</STRONG> (Thumb, 0 bytes, Stack size unknown bytes, rtexit2.o(.ARM.Collect$$rtexit$$00000003))
<BR><BR>[Calls]<UL><LI><a href="#[70]">&gt;&gt;</a>&nbsp;&nbsp;&nbsp;__rt_lib_shutdown
</UL>

<P><STRONG><a name="[129]"></a>__rt_exit_prels_1</STRONG> (Thumb, 0 bytes, Stack size unknown bytes, rtexit2.o(.ARM.Collect$$rtexit$$00000002))

<P><STRONG><a name="[71]"></a>__rt_exit_exit</STRONG> (Thumb, 0 bytes, Stack size unknown bytes, rtexit2.o(.ARM.Collect$$rtexit$$00000004))
<BR><BR>[Calls]<UL><LI><a href="#[72]">&gt;&gt;</a>&nbsp;&nbsp;&nbsp;_sys_exit
</UL>

<P><STRONG><a name="[10]"></a>Reset_Handler</STRONG> (Thumb, 8 bytes, Stack size 0 bytes, startup_stm32f10x_hd.o(.text))
<BR>[Address Reference Count : 1]<UL><LI> startup_stm32f10x_hd.o(RESET)
</UL>
<P><STRONG><a name="[2c]"></a>ADC1_2_IRQHandler</STRONG> (Thumb, 0 bytes, Stack size 0 bytes, startup_stm32f10x_hd.o(.text))
<BR><BR>[Calls]<UL><LI><a href="#[2c]">&gt;&gt;</a>&nbsp;&nbsp;&nbsp;ADC1_2_IRQHandler
</UL>
<BR>[Called By]<UL><LI><a href="#[2c]">&gt;&gt;</a>&nbsp;&nbsp;&nbsp;ADC1_2_IRQHandler
</UL>
<BR>[Address Reference Count : 1]<UL><LI> startup_stm32f10x_hd.o(RESET)
</UL>
<P><STRONG><a name="[49]"></a>ADC3_IRQHandler</STRONG> (Thumb, 0 bytes, Stack size 0 bytes, startup_stm32f10x_hd.o(.text))
<BR>[Address Reference Count : 1]<UL><LI> startup_stm32f10x_hd.o(RESET)
</UL>
<P><STRONG><a name="[2f]"></a>CAN1_RX1_IRQHandler</STRONG> (Thumb, 0 bytes, Stack size 0 bytes, startup_stm32f10x_hd.o(.text))
<BR>[Address Reference Count : 1]<UL><LI> startup_stm32f10x_hd.o(RESET)
</UL>
<P><STRONG><a name="[30]"></a>CAN1_SCE_IRQHandler</STRONG> (Thumb, 0 bytes, Stack size 0 bytes, startup_stm32f10x_hd.o(.text))
<BR>[Address Reference Count : 1]<UL><LI> startup_stm32f10x_hd.o(RESET)
</UL>
<P><STRONG><a name="[25]"></a>DMA1_Channel1_IRQHandler</STRONG> (Thumb, 0 bytes, Stack size 0 bytes, startup_stm32f10x_hd.o(.text))
<BR>[Address Reference Count : 1]<UL><LI> startup_stm32f10x_hd.o(RESET)
</UL>
<P><STRONG><a name="[26]"></a>DMA1_Channel2_IRQHandler</STRONG> (Thumb, 0 bytes, Stack size 0 bytes, startup_stm32f10x_hd.o(.text))
<BR>[Address Reference Count : 1]<UL><LI> startup_stm32f10x_hd.o(RESET)
</UL>
<P><STRONG><a name="[27]"></a>DMA1_Channel3_IRQHandler</STRONG> (Thumb, 0 bytes, Stack size 0 bytes, startup_stm32f10x_hd.o(.text))
<BR>[Address Reference Count : 1]<UL><LI> startup_stm32f10x_hd.o(RESET)
</UL>
<P><STRONG><a name="[28]"></a>DMA1_Channel4_IRQHandler</STRONG> (Thumb, 0 bytes, Stack size 0 bytes, startup_stm32f10x_hd.o(.text))
<BR>[Address Reference Count : 1]<UL><LI> startup_stm32f10x_hd.o(RESET)
</UL>
<P><STRONG><a name="[29]"></a>DMA1_Channel5_IRQHandler</STRONG> (Thumb, 0 bytes, Stack size 0 bytes, startup_stm32f10x_hd.o(.text))
<BR>[Address Reference Count : 1]<UL><LI> startup_stm32f10x_hd.o(RESET)
</UL>
<P><STRONG><a name="[2a]"></a>DMA1_Channel6_IRQHandler</STRONG> (Thumb, 0 bytes, Stack size 0 bytes, startup_stm32f10x_hd.o(.text))
<BR>[Address Reference Count : 1]<UL><LI> startup_stm32f10x_hd.o(RESET)
</UL>
<P><STRONG><a name="[2b]"></a>DMA1_Channel7_IRQHandler</STRONG> (Thumb, 0 bytes, Stack size 0 bytes, startup_stm32f10x_hd.o(.text))
<BR>[Address Reference Count : 1]<UL><LI> startup_stm32f10x_hd.o(RESET)
</UL>
<P><STRONG><a name="[52]"></a>DMA2_Channel1_IRQHandler</STRONG> (Thumb, 0 bytes, Stack size 0 bytes, startup_stm32f10x_hd.o(.text))
<BR>[Address Reference Count : 1]<UL><LI> startup_stm32f10x_hd.o(RESET)
</UL>
<P><STRONG><a name="[53]"></a>DMA2_Channel2_IRQHandler</STRONG> (Thumb, 0 bytes, Stack size 0 bytes, startup_stm32f10x_hd.o(.text))
<BR>[Address Reference Count : 1]<UL><LI> startup_stm32f10x_hd.o(RESET)
</UL>
<P><STRONG><a name="[54]"></a>DMA2_Channel3_IRQHandler</STRONG> (Thumb, 0 bytes, Stack size 0 bytes, startup_stm32f10x_hd.o(.text))
<BR>[Address Reference Count : 1]<UL><LI> startup_stm32f10x_hd.o(RESET)
</UL>
<P><STRONG><a name="[55]"></a>DMA2_Channel4_5_IRQHandler</STRONG> (Thumb, 0 bytes, Stack size 0 bytes, startup_stm32f10x_hd.o(.text))
<BR>[Address Reference Count : 1]<UL><LI> startup_stm32f10x_hd.o(RESET)
</UL>
<P><STRONG><a name="[20]"></a>EXTI0_IRQHandler</STRONG> (Thumb, 0 bytes, Stack size 0 bytes, startup_stm32f10x_hd.o(.text))
<BR>[Address Reference Count : 1]<UL><LI> startup_stm32f10x_hd.o(RESET)
</UL>
<P><STRONG><a name="[42]"></a>EXTI15_10_IRQHandler</STRONG> (Thumb, 0 bytes, Stack size 0 bytes, startup_stm32f10x_hd.o(.text))
<BR>[Address Reference Count : 1]<UL><LI> startup_stm32f10x_hd.o(RESET)
</UL>
<P><STRONG><a name="[21]"></a>EXTI1_IRQHandler</STRONG> (Thumb, 0 bytes, Stack size 0 bytes, startup_stm32f10x_hd.o(.text))
<BR>[Address Reference Count : 1]<UL><LI> startup_stm32f10x_hd.o(RESET)
</UL>
<P><STRONG><a name="[22]"></a>EXTI2_IRQHandler</STRONG> (Thumb, 0 bytes, Stack size 0 bytes, startup_stm32f10x_hd.o(.text))
<BR>[Address Reference Count : 1]<UL><LI> startup_stm32f10x_hd.o(RESET)
</UL>
<P><STRONG><a name="[23]"></a>EXTI3_IRQHandler</STRONG> (Thumb, 0 bytes, Stack size 0 bytes, startup_stm32f10x_hd.o(.text))
<BR>[Address Reference Count : 1]<UL><LI> startup_stm32f10x_hd.o(RESET)
</UL>
<P><STRONG><a name="[24]"></a>EXTI4_IRQHandler</STRONG> (Thumb, 0 bytes, Stack size 0 bytes, startup_stm32f10x_hd.o(.text))
<BR>[Address Reference Count : 1]<UL><LI> startup_stm32f10x_hd.o(RESET)
</UL>
<P><STRONG><a name="[31]"></a>EXTI9_5_IRQHandler</STRONG> (Thumb, 0 bytes, Stack size 0 bytes, startup_stm32f10x_hd.o(.text))
<BR>[Address Reference Count : 1]<UL><LI> startup_stm32f10x_hd.o(RESET)
</UL>
<P><STRONG><a name="[1e]"></a>FLASH_IRQHandler</STRONG> (Thumb, 0 bytes, Stack size 0 bytes, startup_stm32f10x_hd.o(.text))
<BR>[Address Reference Count : 1]<UL><LI> startup_stm32f10x_hd.o(RESET)
</UL>
<P><STRONG><a name="[4a]"></a>FSMC_IRQHandler</STRONG> (Thumb, 0 bytes, Stack size 0 bytes, startup_stm32f10x_hd.o(.text))
<BR>[Address Reference Count : 1]<UL><LI> startup_stm32f10x_hd.o(RESET)
</UL>
<P><STRONG><a name="[3a]"></a>I2C1_ER_IRQHandler</STRONG> (Thumb, 0 bytes, Stack size 0 bytes, startup_stm32f10x_hd.o(.text))
<BR>[Address Reference Count : 1]<UL><LI> startup_stm32f10x_hd.o(RESET)
</UL>
<P><STRONG><a name="[39]"></a>I2C1_EV_IRQHandler</STRONG> (Thumb, 0 bytes, Stack size 0 bytes, startup_stm32f10x_hd.o(.text))
<BR>[Address Reference Count : 1]<UL><LI> startup_stm32f10x_hd.o(RESET)
</UL>
<P><STRONG><a name="[3c]"></a>I2C2_ER_IRQHandler</STRONG> (Thumb, 0 bytes, Stack size 0 bytes, startup_stm32f10x_hd.o(.text))
<BR>[Address Reference Count : 1]<UL><LI> startup_stm32f10x_hd.o(RESET)
</UL>
<P><STRONG><a name="[3b]"></a>I2C2_EV_IRQHandler</STRONG> (Thumb, 0 bytes, Stack size 0 bytes, startup_stm32f10x_hd.o(.text))
<BR>[Address Reference Count : 1]<UL><LI> startup_stm32f10x_hd.o(RESET)
</UL>
<P><STRONG><a name="[1b]"></a>PVD_IRQHandler</STRONG> (Thumb, 0 bytes, Stack size 0 bytes, startup_stm32f10x_hd.o(.text))
<BR>[Address Reference Count : 1]<UL><LI> startup_stm32f10x_hd.o(RESET)
</UL>
<P><STRONG><a name="[1f]"></a>RCC_IRQHandler</STRONG> (Thumb, 0 bytes, Stack size 0 bytes, startup_stm32f10x_hd.o(.text))
<BR>[Address Reference Count : 1]<UL><LI> startup_stm32f10x_hd.o(RESET)
</UL>
<P><STRONG><a name="[43]"></a>RTCAlarm_IRQHandler</STRONG> (Thumb, 0 bytes, Stack size 0 bytes, startup_stm32f10x_hd.o(.text))
<BR>[Address Reference Count : 1]<UL><LI> startup_stm32f10x_hd.o(RESET)
</UL>
<P><STRONG><a name="[1d]"></a>RTC_IRQHandler</STRONG> (Thumb, 0 bytes, Stack size 0 bytes, startup_stm32f10x_hd.o(.text))
<BR>[Address Reference Count : 1]<UL><LI> startup_stm32f10x_hd.o(RESET)
</UL>
<P><STRONG><a name="[4b]"></a>SDIO_IRQHandler</STRONG> (Thumb, 0 bytes, Stack size 0 bytes, startup_stm32f10x_hd.o(.text))
<BR>[Address Reference Count : 1]<UL><LI> startup_stm32f10x_hd.o(RESET)
</UL>
<P><STRONG><a name="[3d]"></a>SPI1_IRQHandler</STRONG> (Thumb, 0 bytes, Stack size 0 bytes, startup_stm32f10x_hd.o(.text))
<BR>[Address Reference Count : 1]<UL><LI> startup_stm32f10x_hd.o(RESET)
</UL>
<P><STRONG><a name="[3e]"></a>SPI2_IRQHandler</STRONG> (Thumb, 0 bytes, Stack size 0 bytes, startup_stm32f10x_hd.o(.text))
<BR>[Address Reference Count : 1]<UL><LI> startup_stm32f10x_hd.o(RESET)
</UL>
<P><STRONG><a name="[4d]"></a>SPI3_IRQHandler</STRONG> (Thumb, 0 bytes, Stack size 0 bytes, startup_stm32f10x_hd.o(.text))
<BR>[Address Reference Count : 1]<UL><LI> startup_stm32f10x_hd.o(RESET)
</UL>
<P><STRONG><a name="[1c]"></a>TAMPER_IRQHandler</STRONG> (Thumb, 0 bytes, Stack size 0 bytes, startup_stm32f10x_hd.o(.text))
<BR>[Address Reference Count : 1]<UL><LI> startup_stm32f10x_hd.o(RESET)
</UL>
<P><STRONG><a name="[32]"></a>TIM1_BRK_IRQHandler</STRONG> (Thumb, 0 bytes, Stack size 0 bytes, startup_stm32f10x_hd.o(.text))
<BR>[Address Reference Count : 1]<UL><LI> startup_stm32f10x_hd.o(RESET)
</UL>
<P><STRONG><a name="[35]"></a>TIM1_CC_IRQHandler</STRONG> (Thumb, 0 bytes, Stack size 0 bytes, startup_stm32f10x_hd.o(.text))
<BR>[Address Reference Count : 1]<UL><LI> startup_stm32f10x_hd.o(RESET)
</UL>
<P><STRONG><a name="[34]"></a>TIM1_TRG_COM_IRQHandler</STRONG> (Thumb, 0 bytes, Stack size 0 bytes, startup_stm32f10x_hd.o(.text))
<BR>[Address Reference Count : 1]<UL><LI> startup_stm32f10x_hd.o(RESET)
</UL>
<P><STRONG><a name="[33]"></a>TIM1_UP_IRQHandler</STRONG> (Thumb, 0 bytes, Stack size 0 bytes, startup_stm32f10x_hd.o(.text))
<BR>[Address Reference Count : 1]<UL><LI> startup_stm32f10x_hd.o(RESET)
</UL>
<P><STRONG><a name="[37]"></a>TIM3_IRQHandler</STRONG> (Thumb, 0 bytes, Stack size 0 bytes, startup_stm32f10x_hd.o(.text))
<BR>[Address Reference Count : 1]<UL><LI> startup_stm32f10x_hd.o(RESET)
</UL>
<P><STRONG><a name="[4c]"></a>TIM5_IRQHandler</STRONG> (Thumb, 0 bytes, Stack size 0 bytes, startup_stm32f10x_hd.o(.text))
<BR>[Address Reference Count : 1]<UL><LI> startup_stm32f10x_hd.o(RESET)
</UL>
<P><STRONG><a name="[50]"></a>TIM6_IRQHandler</STRONG> (Thumb, 0 bytes, Stack size 0 bytes, startup_stm32f10x_hd.o(.text))
<BR>[Address Reference Count : 1]<UL><LI> startup_stm32f10x_hd.o(RESET)
</UL>
<P><STRONG><a name="[51]"></a>TIM7_IRQHandler</STRONG> (Thumb, 0 bytes, Stack size 0 bytes, startup_stm32f10x_hd.o(.text))
<BR>[Address Reference Count : 1]<UL><LI> startup_stm32f10x_hd.o(RESET)
</UL>
<P><STRONG><a name="[45]"></a>TIM8_BRK_IRQHandler</STRONG> (Thumb, 0 bytes, Stack size 0 bytes, startup_stm32f10x_hd.o(.text))
<BR>[Address Reference Count : 1]<UL><LI> startup_stm32f10x_hd.o(RESET)
</UL>
<P><STRONG><a name="[48]"></a>TIM8_CC_IRQHandler</STRONG> (Thumb, 0 bytes, Stack size 0 bytes, startup_stm32f10x_hd.o(.text))
<BR>[Address Reference Count : 1]<UL><LI> startup_stm32f10x_hd.o(RESET)
</UL>
<P><STRONG><a name="[47]"></a>TIM8_TRG_COM_IRQHandler</STRONG> (Thumb, 0 bytes, Stack size 0 bytes, startup_stm32f10x_hd.o(.text))
<BR>[Address Reference Count : 1]<UL><LI> startup_stm32f10x_hd.o(RESET)
</UL>
<P><STRONG><a name="[46]"></a>TIM8_UP_IRQHandler</STRONG> (Thumb, 0 bytes, Stack size 0 bytes, startup_stm32f10x_hd.o(.text))
<BR>[Address Reference Count : 1]<UL><LI> startup_stm32f10x_hd.o(RESET)
</UL>
<P><STRONG><a name="[4e]"></a>UART4_IRQHandler</STRONG> (Thumb, 0 bytes, Stack size 0 bytes, startup_stm32f10x_hd.o(.text))
<BR>[Address Reference Count : 1]<UL><LI> startup_stm32f10x_hd.o(RESET)
</UL>
<P><STRONG><a name="[4f]"></a>UART5_IRQHandler</STRONG> (Thumb, 0 bytes, Stack size 0 bytes, startup_stm32f10x_hd.o(.text))
<BR>[Address Reference Count : 1]<UL><LI> startup_stm32f10x_hd.o(RESET)
</UL>
<P><STRONG><a name="[41]"></a>USART3_IRQHandler</STRONG> (Thumb, 0 bytes, Stack size 0 bytes, startup_stm32f10x_hd.o(.text))
<BR>[Address Reference Count : 1]<UL><LI> startup_stm32f10x_hd.o(RESET)
</UL>
<P><STRONG><a name="[44]"></a>USBWakeUp_IRQHandler</STRONG> (Thumb, 0 bytes, Stack size 0 bytes, startup_stm32f10x_hd.o(.text))
<BR>[Address Reference Count : 1]<UL><LI> startup_stm32f10x_hd.o(RESET)
</UL>
<P><STRONG><a name="[2d]"></a>USB_HP_CAN1_TX_IRQHandler</STRONG> (Thumb, 0 bytes, Stack size 0 bytes, startup_stm32f10x_hd.o(.text))
<BR>[Address Reference Count : 1]<UL><LI> startup_stm32f10x_hd.o(RESET)
</UL>
<P><STRONG><a name="[2e]"></a>USB_LP_CAN1_RX0_IRQHandler</STRONG> (Thumb, 0 bytes, Stack size 0 bytes, startup_stm32f10x_hd.o(.text))
<BR>[Address Reference Count : 1]<UL><LI> startup_stm32f10x_hd.o(RESET)
</UL>
<P><STRONG><a name="[1a]"></a>WWDG_IRQHandler</STRONG> (Thumb, 0 bytes, Stack size 0 bytes, startup_stm32f10x_hd.o(.text))
<BR>[Address Reference Count : 1]<UL><LI> startup_stm32f10x_hd.o(RESET)
</UL>
<P><STRONG><a name="[84]"></a>__user_initial_stackheap</STRONG> (Thumb, 0 bytes, Stack size unknown bytes, startup_stm32f10x_hd.o(.text))
<BR><BR>[Called By]<UL><LI><a href="#[69]">&gt;&gt;</a>&nbsp;&nbsp;&nbsp;__user_setup_stackheap
</UL>

<P><STRONG><a name="[12a]"></a>__use_no_semihosting</STRONG> (Thumb, 2 bytes, Stack size 0 bytes, use_no_semi_2.o(.text), UNUSED)

<P><STRONG><a name="[73]"></a>__2printf</STRONG> (Thumb, 20 bytes, Stack size 24 bytes, __2printf.o(.text))
<BR><BR>[Stack]<UL><LI>Max Depth = 144 + Unknown Stack Size
<LI>Call Chain = __2printf &rArr; _printf_char_file &rArr; _printf_char_common &rArr; __printf
</UL>
<BR>[Calls]<UL><LI><a href="#[74]">&gt;&gt;</a>&nbsp;&nbsp;&nbsp;_printf_char_file
</UL>
<BR>[Called By]<UL><LI><a href="#[b]">&gt;&gt;</a>&nbsp;&nbsp;&nbsp;PS_ValidTempleteNum
<LI><a href="#[9]">&gt;&gt;</a>&nbsp;&nbsp;&nbsp;PS_ReadSysPara
<LI><a href="#[f1]">&gt;&gt;</a>&nbsp;&nbsp;&nbsp;press_FR
<LI><a href="#[6d]">&gt;&gt;</a>&nbsp;&nbsp;&nbsp;main
<LI><a href="#[8a]">&gt;&gt;</a>&nbsp;&nbsp;&nbsp;ShowErrMessage
<LI><a href="#[8e]">&gt;&gt;</a>&nbsp;&nbsp;&nbsp;Del_FR
<LI><a href="#[86]">&gt;&gt;</a>&nbsp;&nbsp;&nbsp;Add_FR
<LI><a href="#[8]">&gt;&gt;</a>&nbsp;&nbsp;&nbsp;PS_WriteReg
<LI><a href="#[a]">&gt;&gt;</a>&nbsp;&nbsp;&nbsp;PS_SetAddr
<LI><a href="#[101]">&gt;&gt;</a>&nbsp;&nbsp;&nbsp;usmart_sys_cmd_exe
<LI><a href="#[f]">&gt;&gt;</a>&nbsp;&nbsp;&nbsp;usmart_scan
<LI><a href="#[e]">&gt;&gt;</a>&nbsp;&nbsp;&nbsp;usmart_exe
</UL>

<P><STRONG><a name="[75]"></a>__2sprintf</STRONG> (Thumb, 38 bytes, Stack size 32 bytes, __2sprintf.o(.text))
<BR><BR>[Stack]<UL><LI>Max Depth = 136 + Unknown Stack Size
<LI>Call Chain = __2sprintf &rArr; _printf_char_common &rArr; __printf
</UL>
<BR>[Calls]<UL><LI><a href="#[58]">&gt;&gt;</a>&nbsp;&nbsp;&nbsp;_sputc
<LI><a href="#[76]">&gt;&gt;</a>&nbsp;&nbsp;&nbsp;_printf_char_common
</UL>
<BR>[Called By]<UL><LI><a href="#[f1]">&gt;&gt;</a>&nbsp;&nbsp;&nbsp;press_FR
<LI><a href="#[6d]">&gt;&gt;</a>&nbsp;&nbsp;&nbsp;main
</UL>

<P><STRONG><a name="[78]"></a>_printf_pre_padding</STRONG> (Thumb, 44 bytes, Stack size 16 bytes, _printf_pad.o(.text))
<BR><BR>[Stack]<UL><LI>Max Depth = 16<LI>Call Chain = _printf_pre_padding
</UL>
<BR>[Called By]<UL><LI><a href="#[7a]">&gt;&gt;</a>&nbsp;&nbsp;&nbsp;_printf_int_common
<LI><a href="#[77]">&gt;&gt;</a>&nbsp;&nbsp;&nbsp;_printf_str
</UL>

<P><STRONG><a name="[79]"></a>_printf_post_padding</STRONG> (Thumb, 34 bytes, Stack size 16 bytes, _printf_pad.o(.text))
<BR><BR>[Stack]<UL><LI>Max Depth = 16<LI>Call Chain = _printf_post_padding
</UL>
<BR>[Called By]<UL><LI><a href="#[7a]">&gt;&gt;</a>&nbsp;&nbsp;&nbsp;_printf_int_common
<LI><a href="#[77]">&gt;&gt;</a>&nbsp;&nbsp;&nbsp;_printf_str
</UL>

<P><STRONG><a name="[77]"></a>_printf_str</STRONG> (Thumb, 82 bytes, Stack size 16 bytes, _printf_str.o(.text))
<BR><BR>[Stack]<UL><LI>Max Depth = 32<LI>Call Chain = _printf_str &rArr; _printf_post_padding
</UL>
<BR>[Calls]<UL><LI><a href="#[79]">&gt;&gt;</a>&nbsp;&nbsp;&nbsp;_printf_post_padding
<LI><a href="#[78]">&gt;&gt;</a>&nbsp;&nbsp;&nbsp;_printf_pre_padding
</UL>
<BR>[Called By]<UL><LI><a href="#[81]">&gt;&gt;</a>&nbsp;&nbsp;&nbsp;_printf_cs_common
</UL>

<P><STRONG><a name="[60]"></a>_printf_int_dec</STRONG> (Thumb, 104 bytes, Stack size 24 bytes, _printf_dec.o(.text))
<BR><BR>[Stack]<UL><LI>Max Depth = 72<LI>Call Chain = _printf_int_dec &rArr; _printf_int_common &rArr; _printf_post_padding
</UL>
<BR>[Calls]<UL><LI><a href="#[7a]">&gt;&gt;</a>&nbsp;&nbsp;&nbsp;_printf_int_common
</UL>
<BR>[Called By]<UL><LI><a href="#[61]">&gt;&gt;</a>&nbsp;&nbsp;&nbsp;_printf_u
<LI><a href="#[5f]">&gt;&gt;</a>&nbsp;&nbsp;&nbsp;_printf_d
</UL>

<P><STRONG><a name="[7b]"></a>_printf_longlong_hex</STRONG> (Thumb, 86 bytes, Stack size 16 bytes, _printf_hex_int_ll_ptr.o(.text))
<BR><BR>[Stack]<UL><LI>Max Depth = 64<LI>Call Chain = _printf_longlong_hex &rArr; _printf_int_common &rArr; _printf_post_padding
</UL>
<BR>[Calls]<UL><LI><a href="#[7a]">&gt;&gt;</a>&nbsp;&nbsp;&nbsp;_printf_int_common
</UL>
<BR>[Called By]<UL><LI><a href="#[7d]">&gt;&gt;</a>&nbsp;&nbsp;&nbsp;_printf_hex_ptr
<LI><a href="#[7c]">&gt;&gt;</a>&nbsp;&nbsp;&nbsp;_printf_ll_hex
<LI><a href="#[63]">&gt;&gt;</a>&nbsp;&nbsp;&nbsp;_printf_int_hex
</UL>

<P><STRONG><a name="[63]"></a>_printf_int_hex</STRONG> (Thumb, 28 bytes, Stack size 16 bytes, _printf_hex_int_ll_ptr.o(.text))
<BR><BR>[Stack]<UL><LI>Max Depth = 80<LI>Call Chain = _printf_int_hex &rArr; _printf_longlong_hex &rArr; _printf_int_common &rArr; _printf_post_padding
</UL>
<BR>[Calls]<UL><LI><a href="#[7b]">&gt;&gt;</a>&nbsp;&nbsp;&nbsp;_printf_longlong_hex
</UL>
<BR>[Called By]<UL><LI><a href="#[62]">&gt;&gt;</a>&nbsp;&nbsp;&nbsp;_printf_x
</UL>

<P><STRONG><a name="[7c]"></a>_printf_ll_hex</STRONG> (Thumb, 12 bytes, Stack size 0 bytes, _printf_hex_int_ll_ptr.o(.text), UNUSED)
<BR><BR>[Calls]<UL><LI><a href="#[7b]">&gt;&gt;</a>&nbsp;&nbsp;&nbsp;_printf_longlong_hex
</UL>

<P><STRONG><a name="[7d]"></a>_printf_hex_ptr</STRONG> (Thumb, 18 bytes, Stack size 0 bytes, _printf_hex_int_ll_ptr.o(.text), UNUSED)
<BR><BR>[Calls]<UL><LI><a href="#[7b]">&gt;&gt;</a>&nbsp;&nbsp;&nbsp;_printf_longlong_hex
</UL>

<P><STRONG><a name="[7e]"></a>__printf</STRONG> (Thumb, 388 bytes, Stack size 40 bytes, __printf_flags_ss_wp.o(.text))
<BR><BR>[Stack]<UL><LI>Max Depth = 40 + Unknown Stack Size
<LI>Call Chain = __printf
</UL>
<BR>[Calls]<UL><LI><a href="#[80]">&gt;&gt;</a>&nbsp;&nbsp;&nbsp;_printf_percent
<LI><a href="#[7f]">&gt;&gt;</a>&nbsp;&nbsp;&nbsp;_is_digit
</UL>
<BR>[Called By]<UL><LI><a href="#[76]">&gt;&gt;</a>&nbsp;&nbsp;&nbsp;_printf_char_common
</UL>

<P><STRONG><a name="[93]"></a>strstr</STRONG> (Thumb, 36 bytes, Stack size 12 bytes, strstr.o(.text))
<BR><BR>[Stack]<UL><LI>Max Depth = 12<LI>Call Chain = strstr
</UL>
<BR>[Called By]<UL><LI><a href="#[92]">&gt;&gt;</a>&nbsp;&nbsp;&nbsp;JudgeStr
</UL>

<P><STRONG><a name="[ce]"></a>strlen</STRONG> (Thumb, 62 bytes, Stack size 8 bytes, strlen.o(.text))
<BR><BR>[Stack]<UL><LI>Max Depth = 8<LI>Call Chain = strlen
</UL>
<BR>[Called By]<UL><LI><a href="#[cb]">&gt;&gt;</a>&nbsp;&nbsp;&nbsp;Show_Str_Mid
</UL>

<P><STRONG><a name="[12b]"></a>__use_two_region_memory</STRONG> (Thumb, 2 bytes, Stack size 0 bytes, heapauxi.o(.text), UNUSED)

<P><STRONG><a name="[12c]"></a>__rt_heap_escrow$2region</STRONG> (Thumb, 2 bytes, Stack size 0 bytes, heapauxi.o(.text), UNUSED)

<P><STRONG><a name="[12d]"></a>__rt_heap_expand$2region</STRONG> (Thumb, 2 bytes, Stack size 0 bytes, heapauxi.o(.text), UNUSED)

<P><STRONG><a name="[12e]"></a>__I$use$semihosting</STRONG> (Thumb, 0 bytes, Stack size 0 bytes, use_no_semi.o(.text), UNUSED)

<P><STRONG><a name="[12f]"></a>__use_no_semihosting_swi</STRONG> (Thumb, 2 bytes, Stack size 0 bytes, use_no_semi.o(.text), UNUSED)

<P><STRONG><a name="[7a]"></a>_printf_int_common</STRONG> (Thumb, 178 bytes, Stack size 32 bytes, _printf_intcommon.o(.text))
<BR><BR>[Stack]<UL><LI>Max Depth = 48<LI>Call Chain = _printf_int_common &rArr; _printf_post_padding
</UL>
<BR>[Calls]<UL><LI><a href="#[79]">&gt;&gt;</a>&nbsp;&nbsp;&nbsp;_printf_post_padding
<LI><a href="#[78]">&gt;&gt;</a>&nbsp;&nbsp;&nbsp;_printf_pre_padding
</UL>
<BR>[Called By]<UL><LI><a href="#[7b]">&gt;&gt;</a>&nbsp;&nbsp;&nbsp;_printf_longlong_hex
<LI><a href="#[60]">&gt;&gt;</a>&nbsp;&nbsp;&nbsp;_printf_int_dec
</UL>

<P><STRONG><a name="[76]"></a>_printf_char_common</STRONG> (Thumb, 32 bytes, Stack size 64 bytes, _printf_char_common.o(.text))
<BR><BR>[Stack]<UL><LI>Max Depth = 104 + Unknown Stack Size
<LI>Call Chain = _printf_char_common &rArr; __printf
</UL>
<BR>[Calls]<UL><LI><a href="#[7e]">&gt;&gt;</a>&nbsp;&nbsp;&nbsp;__printf
</UL>
<BR>[Called By]<UL><LI><a href="#[74]">&gt;&gt;</a>&nbsp;&nbsp;&nbsp;_printf_char_file
<LI><a href="#[75]">&gt;&gt;</a>&nbsp;&nbsp;&nbsp;__2sprintf
</UL>

<P><STRONG><a name="[58]"></a>_sputc</STRONG> (Thumb, 10 bytes, Stack size 0 bytes, _sputc.o(.text))
<BR><BR>[Called By]<UL><LI><a href="#[75]">&gt;&gt;</a>&nbsp;&nbsp;&nbsp;__2sprintf
</UL>
<BR>[Address Reference Count : 1]<UL><LI> __2sprintf.o(.text)
</UL>
<P><STRONG><a name="[81]"></a>_printf_cs_common</STRONG> (Thumb, 20 bytes, Stack size 8 bytes, _printf_char.o(.text))
<BR><BR>[Stack]<UL><LI>Max Depth = 40<LI>Call Chain = _printf_cs_common &rArr; _printf_str &rArr; _printf_post_padding
</UL>
<BR>[Calls]<UL><LI><a href="#[77]">&gt;&gt;</a>&nbsp;&nbsp;&nbsp;_printf_str
</UL>
<BR>[Called By]<UL><LI><a href="#[67]">&gt;&gt;</a>&nbsp;&nbsp;&nbsp;_printf_string
<LI><a href="#[65]">&gt;&gt;</a>&nbsp;&nbsp;&nbsp;_printf_char
</UL>

<P><STRONG><a name="[65]"></a>_printf_char</STRONG> (Thumb, 16 bytes, Stack size 0 bytes, _printf_char.o(.text))
<BR><BR>[Stack]<UL><LI>Max Depth = 40<LI>Call Chain = _printf_char &rArr; _printf_cs_common &rArr; _printf_str &rArr; _printf_post_padding
</UL>
<BR>[Calls]<UL><LI><a href="#[81]">&gt;&gt;</a>&nbsp;&nbsp;&nbsp;_printf_cs_common
</UL>
<BR>[Called By]<UL><LI><a href="#[64]">&gt;&gt;</a>&nbsp;&nbsp;&nbsp;_printf_c
</UL>

<P><STRONG><a name="[67]"></a>_printf_string</STRONG> (Thumb, 8 bytes, Stack size 0 bytes, _printf_char.o(.text))
<BR><BR>[Stack]<UL><LI>Max Depth = 40<LI>Call Chain = _printf_string &rArr; _printf_cs_common &rArr; _printf_str &rArr; _printf_post_padding
</UL>
<BR>[Calls]<UL><LI><a href="#[81]">&gt;&gt;</a>&nbsp;&nbsp;&nbsp;_printf_cs_common
</UL>
<BR>[Called By]<UL><LI><a href="#[66]">&gt;&gt;</a>&nbsp;&nbsp;&nbsp;_printf_s
</UL>

<P><STRONG><a name="[74]"></a>_printf_char_file</STRONG> (Thumb, 32 bytes, Stack size 16 bytes, _printf_char_file.o(.text))
<BR><BR>[Stack]<UL><LI>Max Depth = 120 + Unknown Stack Size
<LI>Call Chain = _printf_char_file &rArr; _printf_char_common &rArr; __printf
</UL>
<BR>[Calls]<UL><LI><a href="#[76]">&gt;&gt;</a>&nbsp;&nbsp;&nbsp;_printf_char_common
<LI><a href="#[82]">&gt;&gt;</a>&nbsp;&nbsp;&nbsp;ferror
</UL>
<BR>[Called By]<UL><LI><a href="#[73]">&gt;&gt;</a>&nbsp;&nbsp;&nbsp;__2printf
</UL>

<P><STRONG><a name="[82]"></a>ferror</STRONG> (Thumb, 8 bytes, Stack size 0 bytes, ferror.o(.text))
<BR><BR>[Called By]<UL><LI><a href="#[74]">&gt;&gt;</a>&nbsp;&nbsp;&nbsp;_printf_char_file
</UL>

<P><STRONG><a name="[130]"></a>__user_libspace</STRONG> (Thumb, 8 bytes, Stack size 0 bytes, libspace.o(.text), UNUSED)

<P><STRONG><a name="[83]"></a>__user_perproc_libspace</STRONG> (Thumb, 0 bytes, Stack size 0 bytes, libspace.o(.text))
<BR><BR>[Called By]<UL><LI><a href="#[69]">&gt;&gt;</a>&nbsp;&nbsp;&nbsp;__user_setup_stackheap
</UL>

<P><STRONG><a name="[131]"></a>__user_perthread_libspace</STRONG> (Thumb, 0 bytes, Stack size 0 bytes, libspace.o(.text), UNUSED)

<P><STRONG><a name="[69]"></a>__user_setup_stackheap</STRONG> (Thumb, 74 bytes, Stack size 8 bytes, sys_stackheap_outer.o(.text))
<BR><BR>[Stack]<UL><LI>Max Depth = 8 + Unknown Stack Size
<LI>Call Chain = __user_setup_stackheap
</UL>
<BR>[Calls]<UL><LI><a href="#[84]">&gt;&gt;</a>&nbsp;&nbsp;&nbsp;__user_initial_stackheap
<LI><a href="#[83]">&gt;&gt;</a>&nbsp;&nbsp;&nbsp;__user_perproc_libspace
</UL>
<BR>[Called By]<UL><LI><a href="#[68]">&gt;&gt;</a>&nbsp;&nbsp;&nbsp;__rt_entry_sh
</UL>

<P><STRONG><a name="[6e]"></a>exit</STRONG> (Thumb, 18 bytes, Stack size 8 bytes, exit.o(.text))
<BR><BR>[Stack]<UL><LI>Max Depth = 8 + Unknown Stack Size
<LI>Call Chain = exit
</UL>
<BR>[Calls]<UL><LI><a href="#[85]">&gt;&gt;</a>&nbsp;&nbsp;&nbsp;__rt_exit
</UL>
<BR>[Called By]<UL><LI><a href="#[6c]">&gt;&gt;</a>&nbsp;&nbsp;&nbsp;__rt_entry_main
</UL>

<P><STRONG><a name="[86]"></a>Add_FR</STRONG> (Thumb, 378 bytes, Stack size 32 bytes, main.o(i.Add_FR))
<BR><BR>[Stack]<UL><LI>Max Depth = 316 + Unknown Stack Size
<LI>Call Chain = Add_FR &rArr; ShowErrMessage &rArr; Show_Str_Mid &rArr; Show_Str &rArr; Show_Font &rArr; LCD_Fast_DrawPoint &rArr; LCD_WriteReg
</UL>
<BR>[Calls]<UL><LI><a href="#[89]">&gt;&gt;</a>&nbsp;&nbsp;&nbsp;delay_ms
<LI><a href="#[b]">&gt;&gt;</a>&nbsp;&nbsp;&nbsp;PS_ValidTempleteNum
<LI><a href="#[8d]">&gt;&gt;</a>&nbsp;&nbsp;&nbsp;PS_StoreChar
<LI><a href="#[8c]">&gt;&gt;</a>&nbsp;&nbsp;&nbsp;PS_RegModel
<LI><a href="#[8b]">&gt;&gt;</a>&nbsp;&nbsp;&nbsp;PS_Match
<LI><a href="#[87]">&gt;&gt;</a>&nbsp;&nbsp;&nbsp;PS_GetImage
<LI><a href="#[88]">&gt;&gt;</a>&nbsp;&nbsp;&nbsp;PS_GenChar
<LI><a href="#[8a]">&gt;&gt;</a>&nbsp;&nbsp;&nbsp;ShowErrMessage
<LI><a href="#[73]">&gt;&gt;</a>&nbsp;&nbsp;&nbsp;__2printf
</UL>
<BR>[Called By]<UL><LI><a href="#[6d]">&gt;&gt;</a>&nbsp;&nbsp;&nbsp;main
</UL>

<P><STRONG><a name="[14]"></a>BusFault_Handler</STRONG> (Thumb, 2 bytes, Stack size 0 bytes, stm32f10x_it.o(i.BusFault_Handler))
<BR><BR>[Calls]<UL><LI><a href="#[14]">&gt;&gt;</a>&nbsp;&nbsp;&nbsp;BusFault_Handler
</UL>
<BR>[Called By]<UL><LI><a href="#[14]">&gt;&gt;</a>&nbsp;&nbsp;&nbsp;BusFault_Handler
</UL>
<BR>[Address Reference Count : 1]<UL><LI> startup_stm32f10x_hd.o(RESET)
</UL>
<P><STRONG><a name="[17]"></a>DebugMon_Handler</STRONG> (Thumb, 2 bytes, Stack size 0 bytes, stm32f10x_it.o(i.DebugMon_Handler))
<BR>[Address Reference Count : 1]<UL><LI> startup_stm32f10x_hd.o(RESET)
</UL>
<P><STRONG><a name="[8e]"></a>Del_FR</STRONG> (Thumb, 174 bytes, Stack size 24 bytes, main.o(i.Del_FR))
<BR><BR>[Stack]<UL><LI>Max Depth = 308 + Unknown Stack Size
<LI>Call Chain = Del_FR &rArr; ShowErrMessage &rArr; Show_Str_Mid &rArr; Show_Str &rArr; Show_Font &rArr; LCD_Fast_DrawPoint &rArr; LCD_WriteReg
</UL>
<BR>[Calls]<UL><LI><a href="#[89]">&gt;&gt;</a>&nbsp;&nbsp;&nbsp;delay_ms
<LI><a href="#[b]">&gt;&gt;</a>&nbsp;&nbsp;&nbsp;PS_ValidTempleteNum
<LI><a href="#[8f]">&gt;&gt;</a>&nbsp;&nbsp;&nbsp;PS_DeletChar
<LI><a href="#[8a]">&gt;&gt;</a>&nbsp;&nbsp;&nbsp;ShowErrMessage
<LI><a href="#[73]">&gt;&gt;</a>&nbsp;&nbsp;&nbsp;__2printf
</UL>
<BR>[Called By]<UL><LI><a href="#[6d]">&gt;&gt;</a>&nbsp;&nbsp;&nbsp;main
</UL>

<P><STRONG><a name="[a5]"></a>EnsureMessage</STRONG> (Thumb, 130 bytes, Stack size 0 bytes, as608.o(i.EnsureMessage))
<BR><BR>[Called By]<UL><LI><a href="#[b]">&gt;&gt;</a>&nbsp;&nbsp;&nbsp;PS_ValidTempleteNum
<LI><a href="#[9]">&gt;&gt;</a>&nbsp;&nbsp;&nbsp;PS_ReadSysPara
<LI><a href="#[8a]">&gt;&gt;</a>&nbsp;&nbsp;&nbsp;ShowErrMessage
<LI><a href="#[8]">&gt;&gt;</a>&nbsp;&nbsp;&nbsp;PS_WriteReg
<LI><a href="#[a]">&gt;&gt;</a>&nbsp;&nbsp;&nbsp;PS_SetAddr
</UL>

<P><STRONG><a name="[97]"></a>GPIO_Init</STRONG> (Thumb, 162 bytes, Stack size 20 bytes, stm32f10x_gpio.o(i.GPIO_Init))
<BR><BR>[Stack]<UL><LI>Max Depth = 20<LI>Call Chain = GPIO_Init
</UL>
<BR>[Called By]<UL><LI><a href="#[ac]">&gt;&gt;</a>&nbsp;&nbsp;&nbsp;SD_SPI_Init
<LI><a href="#[c1]">&gt;&gt;</a>&nbsp;&nbsp;&nbsp;SPI_Flash_Init
<LI><a href="#[b2]">&gt;&gt;</a>&nbsp;&nbsp;&nbsp;SPI1_Init
<LI><a href="#[ef]">&gt;&gt;</a>&nbsp;&nbsp;&nbsp;usart2_init
<LI><a href="#[ee]">&gt;&gt;</a>&nbsp;&nbsp;&nbsp;uart_init
<LI><a href="#[a6]">&gt;&gt;</a>&nbsp;&nbsp;&nbsp;PS_StaGPIO_Init
<LI><a href="#[94]">&gt;&gt;</a>&nbsp;&nbsp;&nbsp;KEY_Init
</UL>

<P><STRONG><a name="[96]"></a>GPIO_PinRemapConfig</STRONG> (Thumb, 82 bytes, Stack size 20 bytes, stm32f10x_gpio.o(i.GPIO_PinRemapConfig))
<BR><BR>[Stack]<UL><LI>Max Depth = 20<LI>Call Chain = GPIO_PinRemapConfig
</UL>
<BR>[Called By]<UL><LI><a href="#[94]">&gt;&gt;</a>&nbsp;&nbsp;&nbsp;KEY_Init
</UL>

<P><STRONG><a name="[99]"></a>GPIO_ReadInputDataBit</STRONG> (Thumb, 14 bytes, Stack size 0 bytes, stm32f10x_gpio.o(i.GPIO_ReadInputDataBit))
<BR><BR>[Called By]<UL><LI><a href="#[98]">&gt;&gt;</a>&nbsp;&nbsp;&nbsp;KEY_Scan
</UL>

<P><STRONG><a name="[b1]"></a>GPIO_SetBits</STRONG> (Thumb, 4 bytes, Stack size 0 bytes, stm32f10x_gpio.o(i.GPIO_SetBits))
<BR><BR>[Called By]<UL><LI><a href="#[ac]">&gt;&gt;</a>&nbsp;&nbsp;&nbsp;SD_SPI_Init
<LI><a href="#[c1]">&gt;&gt;</a>&nbsp;&nbsp;&nbsp;SPI_Flash_Init
<LI><a href="#[b2]">&gt;&gt;</a>&nbsp;&nbsp;&nbsp;SPI1_Init
</UL>

<P><STRONG><a name="[90]"></a>Get_HzMat</STRONG> (Thumb, 144 bytes, Stack size 8 bytes, text.o(i.Get_HzMat))
<BR><BR>[Stack]<UL><LI>Max Depth = 48<LI>Call Chain = Get_HzMat &rArr; SPI_Flash_Read &rArr; SPI_USART_IO_SET
</UL>
<BR>[Calls]<UL><LI><a href="#[91]">&gt;&gt;</a>&nbsp;&nbsp;&nbsp;SPI_Flash_Read
</UL>
<BR>[Called By]<UL><LI><a href="#[cc]">&gt;&gt;</a>&nbsp;&nbsp;&nbsp;Show_Font
</UL>

<P><STRONG><a name="[12]"></a>HardFault_Handler</STRONG> (Thumb, 2 bytes, Stack size 0 bytes, stm32f10x_it.o(i.HardFault_Handler))
<BR><BR>[Calls]<UL><LI><a href="#[12]">&gt;&gt;</a>&nbsp;&nbsp;&nbsp;HardFault_Handler
</UL>
<BR>[Called By]<UL><LI><a href="#[12]">&gt;&gt;</a>&nbsp;&nbsp;&nbsp;HardFault_Handler
</UL>
<BR>[Address Reference Count : 1]<UL><LI> startup_stm32f10x_hd.o(RESET)
</UL>
<P><STRONG><a name="[94]"></a>KEY_Init</STRONG> (Thumb, 82 bytes, Stack size 16 bytes, key.o(i.KEY_Init))
<BR><BR>[Stack]<UL><LI>Max Depth = 36<LI>Call Chain = KEY_Init &rArr; GPIO_PinRemapConfig
</UL>
<BR>[Calls]<UL><LI><a href="#[95]">&gt;&gt;</a>&nbsp;&nbsp;&nbsp;RCC_APB2PeriphClockCmd
<LI><a href="#[96]">&gt;&gt;</a>&nbsp;&nbsp;&nbsp;GPIO_PinRemapConfig
<LI><a href="#[97]">&gt;&gt;</a>&nbsp;&nbsp;&nbsp;GPIO_Init
</UL>
<BR>[Called By]<UL><LI><a href="#[6d]">&gt;&gt;</a>&nbsp;&nbsp;&nbsp;main
</UL>

<P><STRONG><a name="[98]"></a>KEY_Scan</STRONG> (Thumb, 158 bytes, Stack size 24 bytes, key.o(i.KEY_Scan))
<BR><BR>[Stack]<UL><LI>Max Depth = 24<LI>Call Chain = KEY_Scan
</UL>
<BR>[Calls]<UL><LI><a href="#[99]">&gt;&gt;</a>&nbsp;&nbsp;&nbsp;GPIO_ReadInputDataBit
<LI><a href="#[89]">&gt;&gt;</a>&nbsp;&nbsp;&nbsp;delay_ms
</UL>
<BR>[Called By]<UL><LI><a href="#[6d]">&gt;&gt;</a>&nbsp;&nbsp;&nbsp;main
</UL>

<P><STRONG><a name="[9a]"></a>LCD_Fast_DrawPoint</STRONG> (Thumb, 578 bytes, Stack size 52 bytes, lcd.o(i.LCD_Fast_DrawPoint))
<BR><BR>[Stack]<UL><LI>Max Depth = 60<LI>Call Chain = LCD_Fast_DrawPoint &rArr; LCD_WriteReg
</UL>
<BR>[Calls]<UL><LI><a href="#[9c]">&gt;&gt;</a>&nbsp;&nbsp;&nbsp;LCD_WriteReg
<LI><a href="#[9b]">&gt;&gt;</a>&nbsp;&nbsp;&nbsp;LCD_WR_REG
</UL>
<BR>[Called By]<UL><LI><a href="#[9d]">&gt;&gt;</a>&nbsp;&nbsp;&nbsp;LCD_ShowChar
<LI><a href="#[cc]">&gt;&gt;</a>&nbsp;&nbsp;&nbsp;Show_Font
</UL>

<P><STRONG><a name="[9d]"></a>LCD_ShowChar</STRONG> (Thumb, 190 bytes, Stack size 52 bytes, lcd.o(i.LCD_ShowChar))
<BR><BR>[Stack]<UL><LI>Max Depth = 112<LI>Call Chain = LCD_ShowChar &rArr; LCD_Fast_DrawPoint &rArr; LCD_WriteReg
</UL>
<BR>[Calls]<UL><LI><a href="#[9a]">&gt;&gt;</a>&nbsp;&nbsp;&nbsp;LCD_Fast_DrawPoint
</UL>
<BR>[Called By]<UL><LI><a href="#[cd]">&gt;&gt;</a>&nbsp;&nbsp;&nbsp;Show_Str
</UL>

<P><STRONG><a name="[9b]"></a>LCD_WR_REG</STRONG> (Thumb, 26 bytes, Stack size 0 bytes, lcd.o(i.LCD_WR_REG))
<BR><BR>[Called By]<UL><LI><a href="#[9c]">&gt;&gt;</a>&nbsp;&nbsp;&nbsp;LCD_WriteReg
<LI><a href="#[9a]">&gt;&gt;</a>&nbsp;&nbsp;&nbsp;LCD_Fast_DrawPoint
</UL>

<P><STRONG><a name="[9c]"></a>LCD_WriteReg</STRONG> (Thumb, 34 bytes, Stack size 8 bytes, lcd.o(i.LCD_WriteReg))
<BR><BR>[Stack]<UL><LI>Max Depth = 8<LI>Call Chain = LCD_WriteReg
</UL>
<BR>[Calls]<UL><LI><a href="#[9b]">&gt;&gt;</a>&nbsp;&nbsp;&nbsp;LCD_WR_REG
</UL>
<BR>[Called By]<UL><LI><a href="#[9a]">&gt;&gt;</a>&nbsp;&nbsp;&nbsp;LCD_Fast_DrawPoint
</UL>

<P><STRONG><a name="[13]"></a>MemManage_Handler</STRONG> (Thumb, 2 bytes, Stack size 0 bytes, stm32f10x_it.o(i.MemManage_Handler))
<BR><BR>[Calls]<UL><LI><a href="#[13]">&gt;&gt;</a>&nbsp;&nbsp;&nbsp;MemManage_Handler
</UL>
<BR>[Called By]<UL><LI><a href="#[13]">&gt;&gt;</a>&nbsp;&nbsp;&nbsp;MemManage_Handler
</UL>
<BR>[Address Reference Count : 1]<UL><LI> startup_stm32f10x_hd.o(RESET)
</UL>
<P><STRONG><a name="[11]"></a>NMI_Handler</STRONG> (Thumb, 2 bytes, Stack size 0 bytes, stm32f10x_it.o(i.NMI_Handler))
<BR>[Address Reference Count : 1]<UL><LI> startup_stm32f10x_hd.o(RESET)
</UL>
<P><STRONG><a name="[d7]"></a>NVIC_Init</STRONG> (Thumb, 94 bytes, Stack size 16 bytes, misc.o(i.NVIC_Init))
<BR><BR>[Stack]<UL><LI>Max Depth = 16<LI>Call Chain = NVIC_Init
</UL>
<BR>[Called By]<UL><LI><a href="#[ef]">&gt;&gt;</a>&nbsp;&nbsp;&nbsp;usart2_init
<LI><a href="#[ee]">&gt;&gt;</a>&nbsp;&nbsp;&nbsp;uart_init
<LI><a href="#[d3]">&gt;&gt;</a>&nbsp;&nbsp;&nbsp;TIM4_Int_Init
<LI><a href="#[d8]">&gt;&gt;</a>&nbsp;&nbsp;&nbsp;Timer2_Init
</UL>

<P><STRONG><a name="[ed]"></a>NVIC_PriorityGroupConfig</STRONG> (Thumb, 10 bytes, Stack size 0 bytes, misc.o(i.NVIC_PriorityGroupConfig))
<BR><BR>[Called By]<UL><LI><a href="#[6d]">&gt;&gt;</a>&nbsp;&nbsp;&nbsp;main
</UL>

<P><STRONG><a name="[8f]"></a>PS_DeletChar</STRONG> (Thumb, 94 bytes, Stack size 16 bytes, as608.o(i.PS_DeletChar))
<BR><BR>[Stack]<UL><LI>Max Depth = 52<LI>Call Chain = PS_DeletChar &rArr; JudgeStr &rArr; strstr
</UL>
<BR>[Calls]<UL><LI><a href="#[a1]">&gt;&gt;</a>&nbsp;&nbsp;&nbsp;SendLength
<LI><a href="#[9e]">&gt;&gt;</a>&nbsp;&nbsp;&nbsp;SendHead
<LI><a href="#[a2]">&gt;&gt;</a>&nbsp;&nbsp;&nbsp;SendCheck
<LI><a href="#[9f]">&gt;&gt;</a>&nbsp;&nbsp;&nbsp;SendAddr
<LI><a href="#[a0]">&gt;&gt;</a>&nbsp;&nbsp;&nbsp;MYUSART_SendData
<LI><a href="#[92]">&gt;&gt;</a>&nbsp;&nbsp;&nbsp;JudgeStr
</UL>
<BR>[Called By]<UL><LI><a href="#[8e]">&gt;&gt;</a>&nbsp;&nbsp;&nbsp;Del_FR
</UL>

<P><STRONG><a name="[88]"></a>PS_GenChar</STRONG> (Thumb, 60 bytes, Stack size 8 bytes, as608.o(i.PS_GenChar))
<BR><BR>[Stack]<UL><LI>Max Depth = 44<LI>Call Chain = PS_GenChar &rArr; JudgeStr &rArr; strstr
</UL>
<BR>[Calls]<UL><LI><a href="#[a1]">&gt;&gt;</a>&nbsp;&nbsp;&nbsp;SendLength
<LI><a href="#[9e]">&gt;&gt;</a>&nbsp;&nbsp;&nbsp;SendHead
<LI><a href="#[a2]">&gt;&gt;</a>&nbsp;&nbsp;&nbsp;SendCheck
<LI><a href="#[9f]">&gt;&gt;</a>&nbsp;&nbsp;&nbsp;SendAddr
<LI><a href="#[a0]">&gt;&gt;</a>&nbsp;&nbsp;&nbsp;MYUSART_SendData
<LI><a href="#[92]">&gt;&gt;</a>&nbsp;&nbsp;&nbsp;JudgeStr
</UL>
<BR>[Called By]<UL><LI><a href="#[f1]">&gt;&gt;</a>&nbsp;&nbsp;&nbsp;press_FR
<LI><a href="#[86]">&gt;&gt;</a>&nbsp;&nbsp;&nbsp;Add_FR
</UL>

<P><STRONG><a name="[87]"></a>PS_GetImage</STRONG> (Thumb, 52 bytes, Stack size 8 bytes, as608.o(i.PS_GetImage))
<BR><BR>[Stack]<UL><LI>Max Depth = 44<LI>Call Chain = PS_GetImage &rArr; JudgeStr &rArr; strstr
</UL>
<BR>[Calls]<UL><LI><a href="#[a1]">&gt;&gt;</a>&nbsp;&nbsp;&nbsp;SendLength
<LI><a href="#[9e]">&gt;&gt;</a>&nbsp;&nbsp;&nbsp;SendHead
<LI><a href="#[a2]">&gt;&gt;</a>&nbsp;&nbsp;&nbsp;SendCheck
<LI><a href="#[9f]">&gt;&gt;</a>&nbsp;&nbsp;&nbsp;SendAddr
<LI><a href="#[a0]">&gt;&gt;</a>&nbsp;&nbsp;&nbsp;MYUSART_SendData
<LI><a href="#[92]">&gt;&gt;</a>&nbsp;&nbsp;&nbsp;JudgeStr
</UL>
<BR>[Called By]<UL><LI><a href="#[f1]">&gt;&gt;</a>&nbsp;&nbsp;&nbsp;press_FR
<LI><a href="#[86]">&gt;&gt;</a>&nbsp;&nbsp;&nbsp;Add_FR
</UL>

<P><STRONG><a name="[a3]"></a>PS_HandShake</STRONG> (Thumb, 100 bytes, Stack size 16 bytes, as608.o(i.PS_HandShake))
<BR><BR>[Stack]<UL><LI>Max Depth = 24<LI>Call Chain = PS_HandShake &rArr; SendHead
</UL>
<BR>[Calls]<UL><LI><a href="#[89]">&gt;&gt;</a>&nbsp;&nbsp;&nbsp;delay_ms
<LI><a href="#[9e]">&gt;&gt;</a>&nbsp;&nbsp;&nbsp;SendHead
<LI><a href="#[9f]">&gt;&gt;</a>&nbsp;&nbsp;&nbsp;SendAddr
<LI><a href="#[a0]">&gt;&gt;</a>&nbsp;&nbsp;&nbsp;MYUSART_SendData
</UL>
<BR>[Called By]<UL><LI><a href="#[6d]">&gt;&gt;</a>&nbsp;&nbsp;&nbsp;main
</UL>

<P><STRONG><a name="[a4]"></a>PS_HighSpeedSearch</STRONG> (Thumb, 132 bytes, Stack size 24 bytes, as608.o(i.PS_HighSpeedSearch))
<BR><BR>[Stack]<UL><LI>Max Depth = 60<LI>Call Chain = PS_HighSpeedSearch &rArr; JudgeStr &rArr; strstr
</UL>
<BR>[Calls]<UL><LI><a href="#[a1]">&gt;&gt;</a>&nbsp;&nbsp;&nbsp;SendLength
<LI><a href="#[9e]">&gt;&gt;</a>&nbsp;&nbsp;&nbsp;SendHead
<LI><a href="#[a2]">&gt;&gt;</a>&nbsp;&nbsp;&nbsp;SendCheck
<LI><a href="#[9f]">&gt;&gt;</a>&nbsp;&nbsp;&nbsp;SendAddr
<LI><a href="#[a0]">&gt;&gt;</a>&nbsp;&nbsp;&nbsp;MYUSART_SendData
<LI><a href="#[92]">&gt;&gt;</a>&nbsp;&nbsp;&nbsp;JudgeStr
</UL>
<BR>[Called By]<UL><LI><a href="#[f1]">&gt;&gt;</a>&nbsp;&nbsp;&nbsp;press_FR
</UL>

<P><STRONG><a name="[8b]"></a>PS_Match</STRONG> (Thumb, 52 bytes, Stack size 8 bytes, as608.o(i.PS_Match))
<BR><BR>[Stack]<UL><LI>Max Depth = 44<LI>Call Chain = PS_Match &rArr; JudgeStr &rArr; strstr
</UL>
<BR>[Calls]<UL><LI><a href="#[a1]">&gt;&gt;</a>&nbsp;&nbsp;&nbsp;SendLength
<LI><a href="#[9e]">&gt;&gt;</a>&nbsp;&nbsp;&nbsp;SendHead
<LI><a href="#[a2]">&gt;&gt;</a>&nbsp;&nbsp;&nbsp;SendCheck
<LI><a href="#[9f]">&gt;&gt;</a>&nbsp;&nbsp;&nbsp;SendAddr
<LI><a href="#[a0]">&gt;&gt;</a>&nbsp;&nbsp;&nbsp;MYUSART_SendData
<LI><a href="#[92]">&gt;&gt;</a>&nbsp;&nbsp;&nbsp;JudgeStr
</UL>
<BR>[Called By]<UL><LI><a href="#[86]">&gt;&gt;</a>&nbsp;&nbsp;&nbsp;Add_FR
</UL>

<P><STRONG><a name="[9]"></a>PS_ReadSysPara</STRONG> (Thumb, 154 bytes, Stack size 16 bytes, as608.o(i.PS_ReadSysPara))
<BR><BR>[Stack]<UL><LI>Max Depth = 160 + Unknown Stack Size
<LI>Call Chain = PS_ReadSysPara &rArr; __2printf &rArr; _printf_char_file &rArr; _printf_char_common &rArr; __printf
</UL>
<BR>[Calls]<UL><LI><a href="#[a5]">&gt;&gt;</a>&nbsp;&nbsp;&nbsp;EnsureMessage
<LI><a href="#[a1]">&gt;&gt;</a>&nbsp;&nbsp;&nbsp;SendLength
<LI><a href="#[9e]">&gt;&gt;</a>&nbsp;&nbsp;&nbsp;SendHead
<LI><a href="#[a2]">&gt;&gt;</a>&nbsp;&nbsp;&nbsp;SendCheck
<LI><a href="#[9f]">&gt;&gt;</a>&nbsp;&nbsp;&nbsp;SendAddr
<LI><a href="#[a0]">&gt;&gt;</a>&nbsp;&nbsp;&nbsp;MYUSART_SendData
<LI><a href="#[92]">&gt;&gt;</a>&nbsp;&nbsp;&nbsp;JudgeStr
<LI><a href="#[73]">&gt;&gt;</a>&nbsp;&nbsp;&nbsp;__2printf
</UL>
<BR>[Called By]<UL><LI><a href="#[6d]">&gt;&gt;</a>&nbsp;&nbsp;&nbsp;main
</UL>
<BR>[Address Reference Count : 1]<UL><LI> usmart_config.o(.data)
</UL>
<P><STRONG><a name="[8c]"></a>PS_RegModel</STRONG> (Thumb, 52 bytes, Stack size 8 bytes, as608.o(i.PS_RegModel))
<BR><BR>[Stack]<UL><LI>Max Depth = 44<LI>Call Chain = PS_RegModel &rArr; JudgeStr &rArr; strstr
</UL>
<BR>[Calls]<UL><LI><a href="#[a1]">&gt;&gt;</a>&nbsp;&nbsp;&nbsp;SendLength
<LI><a href="#[9e]">&gt;&gt;</a>&nbsp;&nbsp;&nbsp;SendHead
<LI><a href="#[a2]">&gt;&gt;</a>&nbsp;&nbsp;&nbsp;SendCheck
<LI><a href="#[9f]">&gt;&gt;</a>&nbsp;&nbsp;&nbsp;SendAddr
<LI><a href="#[a0]">&gt;&gt;</a>&nbsp;&nbsp;&nbsp;MYUSART_SendData
<LI><a href="#[92]">&gt;&gt;</a>&nbsp;&nbsp;&nbsp;JudgeStr
</UL>
<BR>[Called By]<UL><LI><a href="#[86]">&gt;&gt;</a>&nbsp;&nbsp;&nbsp;Add_FR
</UL>

<P><STRONG><a name="[a]"></a>PS_SetAddr</STRONG> (Thumb, 130 bytes, Stack size 16 bytes, as608.o(i.PS_SetAddr))
<BR><BR>[Stack]<UL><LI>Max Depth = 160 + Unknown Stack Size
<LI>Call Chain = PS_SetAddr &rArr; __2printf &rArr; _printf_char_file &rArr; _printf_char_common &rArr; __printf
</UL>
<BR>[Calls]<UL><LI><a href="#[a5]">&gt;&gt;</a>&nbsp;&nbsp;&nbsp;EnsureMessage
<LI><a href="#[a1]">&gt;&gt;</a>&nbsp;&nbsp;&nbsp;SendLength
<LI><a href="#[9e]">&gt;&gt;</a>&nbsp;&nbsp;&nbsp;SendHead
<LI><a href="#[a2]">&gt;&gt;</a>&nbsp;&nbsp;&nbsp;SendCheck
<LI><a href="#[9f]">&gt;&gt;</a>&nbsp;&nbsp;&nbsp;SendAddr
<LI><a href="#[a0]">&gt;&gt;</a>&nbsp;&nbsp;&nbsp;MYUSART_SendData
<LI><a href="#[92]">&gt;&gt;</a>&nbsp;&nbsp;&nbsp;JudgeStr
<LI><a href="#[73]">&gt;&gt;</a>&nbsp;&nbsp;&nbsp;__2printf
</UL>
<BR>[Address Reference Count : 1]<UL><LI> usmart_config.o(.data)
</UL>
<P><STRONG><a name="[a6]"></a>PS_StaGPIO_Init</STRONG> (Thumb, 38 bytes, Stack size 8 bytes, as608.o(i.PS_StaGPIO_Init))
<BR><BR>[Stack]<UL><LI>Max Depth = 28<LI>Call Chain = PS_StaGPIO_Init &rArr; GPIO_Init
</UL>
<BR>[Calls]<UL><LI><a href="#[95]">&gt;&gt;</a>&nbsp;&nbsp;&nbsp;RCC_APB2PeriphClockCmd
<LI><a href="#[97]">&gt;&gt;</a>&nbsp;&nbsp;&nbsp;GPIO_Init
</UL>
<BR>[Called By]<UL><LI><a href="#[6d]">&gt;&gt;</a>&nbsp;&nbsp;&nbsp;main
</UL>

<P><STRONG><a name="[8d]"></a>PS_StoreChar</STRONG> (Thumb, 82 bytes, Stack size 16 bytes, as608.o(i.PS_StoreChar))
<BR><BR>[Stack]<UL><LI>Max Depth = 52<LI>Call Chain = PS_StoreChar &rArr; JudgeStr &rArr; strstr
</UL>
<BR>[Calls]<UL><LI><a href="#[a1]">&gt;&gt;</a>&nbsp;&nbsp;&nbsp;SendLength
<LI><a href="#[9e]">&gt;&gt;</a>&nbsp;&nbsp;&nbsp;SendHead
<LI><a href="#[a2]">&gt;&gt;</a>&nbsp;&nbsp;&nbsp;SendCheck
<LI><a href="#[9f]">&gt;&gt;</a>&nbsp;&nbsp;&nbsp;SendAddr
<LI><a href="#[a0]">&gt;&gt;</a>&nbsp;&nbsp;&nbsp;MYUSART_SendData
<LI><a href="#[92]">&gt;&gt;</a>&nbsp;&nbsp;&nbsp;JudgeStr
</UL>
<BR>[Called By]<UL><LI><a href="#[86]">&gt;&gt;</a>&nbsp;&nbsp;&nbsp;Add_FR
</UL>

<P><STRONG><a name="[b]"></a>PS_ValidTempleteNum</STRONG> (Thumb, 96 bytes, Stack size 16 bytes, as608.o(i.PS_ValidTempleteNum))
<BR><BR>[Stack]<UL><LI>Max Depth = 160 + Unknown Stack Size
<LI>Call Chain = PS_ValidTempleteNum &rArr; __2printf &rArr; _printf_char_file &rArr; _printf_char_common &rArr; __printf
</UL>
<BR>[Calls]<UL><LI><a href="#[a5]">&gt;&gt;</a>&nbsp;&nbsp;&nbsp;EnsureMessage
<LI><a href="#[a1]">&gt;&gt;</a>&nbsp;&nbsp;&nbsp;SendLength
<LI><a href="#[9e]">&gt;&gt;</a>&nbsp;&nbsp;&nbsp;SendHead
<LI><a href="#[a2]">&gt;&gt;</a>&nbsp;&nbsp;&nbsp;SendCheck
<LI><a href="#[9f]">&gt;&gt;</a>&nbsp;&nbsp;&nbsp;SendAddr
<LI><a href="#[a0]">&gt;&gt;</a>&nbsp;&nbsp;&nbsp;MYUSART_SendData
<LI><a href="#[92]">&gt;&gt;</a>&nbsp;&nbsp;&nbsp;JudgeStr
<LI><a href="#[73]">&gt;&gt;</a>&nbsp;&nbsp;&nbsp;__2printf
</UL>
<BR>[Called By]<UL><LI><a href="#[6d]">&gt;&gt;</a>&nbsp;&nbsp;&nbsp;main
<LI><a href="#[8e]">&gt;&gt;</a>&nbsp;&nbsp;&nbsp;Del_FR
<LI><a href="#[86]">&gt;&gt;</a>&nbsp;&nbsp;&nbsp;Add_FR
</UL>
<BR>[Address Reference Count : 1]<UL><LI> usmart_config.o(.data)
</UL>
<P><STRONG><a name="[8]"></a>PS_WriteReg</STRONG> (Thumb, 96 bytes, Stack size 16 bytes, as608.o(i.PS_WriteReg))
<BR><BR>[Stack]<UL><LI>Max Depth = 160 + Unknown Stack Size
<LI>Call Chain = PS_WriteReg &rArr; __2printf &rArr; _printf_char_file &rArr; _printf_char_common &rArr; __printf
</UL>
<BR>[Calls]<UL><LI><a href="#[a5]">&gt;&gt;</a>&nbsp;&nbsp;&nbsp;EnsureMessage
<LI><a href="#[a1]">&gt;&gt;</a>&nbsp;&nbsp;&nbsp;SendLength
<LI><a href="#[9e]">&gt;&gt;</a>&nbsp;&nbsp;&nbsp;SendHead
<LI><a href="#[a2]">&gt;&gt;</a>&nbsp;&nbsp;&nbsp;SendCheck
<LI><a href="#[9f]">&gt;&gt;</a>&nbsp;&nbsp;&nbsp;SendAddr
<LI><a href="#[a0]">&gt;&gt;</a>&nbsp;&nbsp;&nbsp;MYUSART_SendData
<LI><a href="#[92]">&gt;&gt;</a>&nbsp;&nbsp;&nbsp;JudgeStr
<LI><a href="#[73]">&gt;&gt;</a>&nbsp;&nbsp;&nbsp;__2printf
</UL>
<BR>[Address Reference Count : 1]<UL><LI> usmart_config.o(.data)
</UL>
<P><STRONG><a name="[18]"></a>PendSV_Handler</STRONG> (Thumb, 2 bytes, Stack size 0 bytes, stm32f10x_it.o(i.PendSV_Handler))
<BR>[Address Reference Count : 1]<UL><LI> startup_stm32f10x_hd.o(RESET)
</UL>
<P><STRONG><a name="[d4]"></a>RCC_APB1PeriphClockCmd</STRONG> (Thumb, 18 bytes, Stack size 0 bytes, stm32f10x_rcc.o(i.RCC_APB1PeriphClockCmd))
<BR><BR>[Called By]<UL><LI><a href="#[ef]">&gt;&gt;</a>&nbsp;&nbsp;&nbsp;usart2_init
<LI><a href="#[d3]">&gt;&gt;</a>&nbsp;&nbsp;&nbsp;TIM4_Int_Init
</UL>

<P><STRONG><a name="[de]"></a>RCC_APB1PeriphResetCmd</STRONG> (Thumb, 18 bytes, Stack size 0 bytes, stm32f10x_rcc.o(i.RCC_APB1PeriphResetCmd))
<BR><BR>[Called By]<UL><LI><a href="#[dc]">&gt;&gt;</a>&nbsp;&nbsp;&nbsp;USART_DeInit
</UL>

<P><STRONG><a name="[95]"></a>RCC_APB2PeriphClockCmd</STRONG> (Thumb, 18 bytes, Stack size 0 bytes, stm32f10x_rcc.o(i.RCC_APB2PeriphClockCmd))
<BR><BR>[Called By]<UL><LI><a href="#[ac]">&gt;&gt;</a>&nbsp;&nbsp;&nbsp;SD_SPI_Init
<LI><a href="#[c1]">&gt;&gt;</a>&nbsp;&nbsp;&nbsp;SPI_Flash_Init
<LI><a href="#[b2]">&gt;&gt;</a>&nbsp;&nbsp;&nbsp;SPI1_Init
<LI><a href="#[ef]">&gt;&gt;</a>&nbsp;&nbsp;&nbsp;usart2_init
<LI><a href="#[ee]">&gt;&gt;</a>&nbsp;&nbsp;&nbsp;uart_init
<LI><a href="#[a6]">&gt;&gt;</a>&nbsp;&nbsp;&nbsp;PS_StaGPIO_Init
<LI><a href="#[94]">&gt;&gt;</a>&nbsp;&nbsp;&nbsp;KEY_Init
</UL>

<P><STRONG><a name="[dd]"></a>RCC_APB2PeriphResetCmd</STRONG> (Thumb, 18 bytes, Stack size 0 bytes, stm32f10x_rcc.o(i.RCC_APB2PeriphResetCmd))
<BR><BR>[Called By]<UL><LI><a href="#[dc]">&gt;&gt;</a>&nbsp;&nbsp;&nbsp;USART_DeInit
</UL>

<P><STRONG><a name="[e0]"></a>RCC_GetClocksFreq</STRONG> (Thumb, 128 bytes, Stack size 12 bytes, stm32f10x_rcc.o(i.RCC_GetClocksFreq))
<BR><BR>[Stack]<UL><LI>Max Depth = 12<LI>Call Chain = RCC_GetClocksFreq
</UL>
<BR>[Called By]<UL><LI><a href="#[df]">&gt;&gt;</a>&nbsp;&nbsp;&nbsp;USART_Init
</UL>

<P><STRONG><a name="[a7]"></a>SD_DisSelect</STRONG> (Thumb, 14 bytes, Stack size 0 bytes, mmc_sd.o(i.SD_DisSelect))
<BR><BR>[Stack]<UL><LI>Max Depth = 16<LI>Call Chain = SD_DisSelect &rArr; SPI1_ReadWriteByte
</UL>
<BR>[Calls]<UL><LI><a href="#[a8]">&gt;&gt;</a>&nbsp;&nbsp;&nbsp;SPI1_ReadWriteByte
</UL>
<BR>[Called By]<UL><LI><a href="#[b8]">&gt;&gt;</a>&nbsp;&nbsp;&nbsp;SD_WriteDisk
<LI><a href="#[ae]">&gt;&gt;</a>&nbsp;&nbsp;&nbsp;SD_SendCmd
<LI><a href="#[b5]">&gt;&gt;</a>&nbsp;&nbsp;&nbsp;SD_Select
<LI><a href="#[af]">&gt;&gt;</a>&nbsp;&nbsp;&nbsp;SD_ReadDisk
<LI><a href="#[ab]">&gt;&gt;</a>&nbsp;&nbsp;&nbsp;SD_Initialize
</UL>

<P><STRONG><a name="[a9]"></a>SD_GetResponse</STRONG> (Thumb, 40 bytes, Stack size 16 bytes, mmc_sd.o(i.SD_GetResponse))
<BR><BR>[Stack]<UL><LI>Max Depth = 32<LI>Call Chain = SD_GetResponse &rArr; SD_SPI_ReadWriteByte &rArr; SPI1_ReadWriteByte
</UL>
<BR>[Calls]<UL><LI><a href="#[aa]">&gt;&gt;</a>&nbsp;&nbsp;&nbsp;SD_SPI_ReadWriteByte
</UL>
<BR>[Called By]<UL><LI><a href="#[b0]">&gt;&gt;</a>&nbsp;&nbsp;&nbsp;SD_RecvData
</UL>

<P><STRONG><a name="[ab]"></a>SD_Initialize</STRONG> (Thumb, 340 bytes, Stack size 32 bytes, mmc_sd.o(i.SD_Initialize))
<BR><BR>[Stack]<UL><LI>Max Depth = 88<LI>Call Chain = SD_Initialize &rArr; SD_SendCmd &rArr; SD_Select &rArr; SD_WaitReady &rArr; SD_SPI_ReadWriteByte &rArr; SPI1_ReadWriteByte
</UL>
<BR>[Calls]<UL><LI><a href="#[ae]">&gt;&gt;</a>&nbsp;&nbsp;&nbsp;SD_SendCmd
<LI><a href="#[aa]">&gt;&gt;</a>&nbsp;&nbsp;&nbsp;SD_SPI_ReadWriteByte
<LI><a href="#[ac]">&gt;&gt;</a>&nbsp;&nbsp;&nbsp;SD_SPI_Init
<LI><a href="#[a7]">&gt;&gt;</a>&nbsp;&nbsp;&nbsp;SD_DisSelect
<LI><a href="#[ad]">&gt;&gt;</a>&nbsp;&nbsp;&nbsp;SPI1_SetSpeed
<LI><a href="#[a8]">&gt;&gt;</a>&nbsp;&nbsp;&nbsp;SPI1_ReadWriteByte
</UL>
<BR>[Called By]<UL><LI><a href="#[e5]">&gt;&gt;</a>&nbsp;&nbsp;&nbsp;disk_initialize
</UL>

<P><STRONG><a name="[af]"></a>SD_ReadDisk</STRONG> (Thumb, 104 bytes, Stack size 24 bytes, mmc_sd.o(i.SD_ReadDisk))
<BR><BR>[Stack]<UL><LI>Max Depth = 80<LI>Call Chain = SD_ReadDisk &rArr; SD_SendCmd &rArr; SD_Select &rArr; SD_WaitReady &rArr; SD_SPI_ReadWriteByte &rArr; SPI1_ReadWriteByte
</UL>
<BR>[Calls]<UL><LI><a href="#[ae]">&gt;&gt;</a>&nbsp;&nbsp;&nbsp;SD_SendCmd
<LI><a href="#[b0]">&gt;&gt;</a>&nbsp;&nbsp;&nbsp;SD_RecvData
<LI><a href="#[a7]">&gt;&gt;</a>&nbsp;&nbsp;&nbsp;SD_DisSelect
</UL>
<BR>[Called By]<UL><LI><a href="#[e6]">&gt;&gt;</a>&nbsp;&nbsp;&nbsp;disk_read
</UL>

<P><STRONG><a name="[b0]"></a>SD_RecvData</STRONG> (Thumb, 52 bytes, Stack size 16 bytes, mmc_sd.o(i.SD_RecvData))
<BR><BR>[Stack]<UL><LI>Max Depth = 48<LI>Call Chain = SD_RecvData &rArr; SD_GetResponse &rArr; SD_SPI_ReadWriteByte &rArr; SPI1_ReadWriteByte
</UL>
<BR>[Calls]<UL><LI><a href="#[a9]">&gt;&gt;</a>&nbsp;&nbsp;&nbsp;SD_GetResponse
<LI><a href="#[a8]">&gt;&gt;</a>&nbsp;&nbsp;&nbsp;SPI1_ReadWriteByte
</UL>
<BR>[Called By]<UL><LI><a href="#[af]">&gt;&gt;</a>&nbsp;&nbsp;&nbsp;SD_ReadDisk
</UL>

<P><STRONG><a name="[ac]"></a>SD_SPI_Init</STRONG> (Thumb, 60 bytes, Stack size 16 bytes, mmc_sd.o(i.SD_SPI_Init))
<BR><BR>[Stack]<UL><LI>Max Depth = 52<LI>Call Chain = SD_SPI_Init &rArr; SPI1_Init &rArr; GPIO_Init
</UL>
<BR>[Calls]<UL><LI><a href="#[b2]">&gt;&gt;</a>&nbsp;&nbsp;&nbsp;SPI1_Init
<LI><a href="#[b1]">&gt;&gt;</a>&nbsp;&nbsp;&nbsp;GPIO_SetBits
<LI><a href="#[95]">&gt;&gt;</a>&nbsp;&nbsp;&nbsp;RCC_APB2PeriphClockCmd
<LI><a href="#[97]">&gt;&gt;</a>&nbsp;&nbsp;&nbsp;GPIO_Init
</UL>
<BR>[Called By]<UL><LI><a href="#[ab]">&gt;&gt;</a>&nbsp;&nbsp;&nbsp;SD_Initialize
</UL>

<P><STRONG><a name="[aa]"></a>SD_SPI_ReadWriteByte</STRONG> (Thumb, 4 bytes, Stack size 0 bytes, mmc_sd.o(i.SD_SPI_ReadWriteByte))
<BR><BR>[Stack]<UL><LI>Max Depth = 16<LI>Call Chain = SD_SPI_ReadWriteByte &rArr; SPI1_ReadWriteByte
</UL>
<BR>[Calls]<UL><LI><a href="#[a8]">&gt;&gt;</a>&nbsp;&nbsp;&nbsp;SPI1_ReadWriteByte
</UL>
<BR>[Called By]<UL><LI><a href="#[b6]">&gt;&gt;</a>&nbsp;&nbsp;&nbsp;SD_WaitReady
<LI><a href="#[ae]">&gt;&gt;</a>&nbsp;&nbsp;&nbsp;SD_SendCmd
<LI><a href="#[b7]">&gt;&gt;</a>&nbsp;&nbsp;&nbsp;SD_SendBlock
<LI><a href="#[ab]">&gt;&gt;</a>&nbsp;&nbsp;&nbsp;SD_Initialize
<LI><a href="#[a9]">&gt;&gt;</a>&nbsp;&nbsp;&nbsp;SD_GetResponse
<LI><a href="#[e6]">&gt;&gt;</a>&nbsp;&nbsp;&nbsp;disk_read
<LI><a href="#[e5]">&gt;&gt;</a>&nbsp;&nbsp;&nbsp;disk_initialize
</UL>

<P><STRONG><a name="[b3]"></a>SD_SPI_SpeedHigh</STRONG> (Thumb, 6 bytes, Stack size 0 bytes, mmc_sd.o(i.SD_SPI_SpeedHigh))
<BR><BR>[Calls]<UL><LI><a href="#[ad]">&gt;&gt;</a>&nbsp;&nbsp;&nbsp;SPI1_SetSpeed
</UL>
<BR>[Called By]<UL><LI><a href="#[e6]">&gt;&gt;</a>&nbsp;&nbsp;&nbsp;disk_read
<LI><a href="#[e5]">&gt;&gt;</a>&nbsp;&nbsp;&nbsp;disk_initialize
</UL>

<P><STRONG><a name="[b4]"></a>SD_SPI_SpeedLow</STRONG> (Thumb, 6 bytes, Stack size 0 bytes, mmc_sd.o(i.SD_SPI_SpeedLow))
<BR><BR>[Calls]<UL><LI><a href="#[ad]">&gt;&gt;</a>&nbsp;&nbsp;&nbsp;SPI1_SetSpeed
</UL>
<BR>[Called By]<UL><LI><a href="#[e6]">&gt;&gt;</a>&nbsp;&nbsp;&nbsp;disk_read
<LI><a href="#[e5]">&gt;&gt;</a>&nbsp;&nbsp;&nbsp;disk_initialize
</UL>

<P><STRONG><a name="[b5]"></a>SD_Select</STRONG> (Thumb, 26 bytes, Stack size 8 bytes, mmc_sd.o(i.SD_Select))
<BR><BR>[Stack]<UL><LI>Max Depth = 40<LI>Call Chain = SD_Select &rArr; SD_WaitReady &rArr; SD_SPI_ReadWriteByte &rArr; SPI1_ReadWriteByte
</UL>
<BR>[Calls]<UL><LI><a href="#[b6]">&gt;&gt;</a>&nbsp;&nbsp;&nbsp;SD_WaitReady
<LI><a href="#[a7]">&gt;&gt;</a>&nbsp;&nbsp;&nbsp;SD_DisSelect
</UL>
<BR>[Called By]<UL><LI><a href="#[ae]">&gt;&gt;</a>&nbsp;&nbsp;&nbsp;SD_SendCmd
</UL>

<P><STRONG><a name="[b7]"></a>SD_SendBlock</STRONG> (Thumb, 80 bytes, Stack size 16 bytes, mmc_sd.o(i.SD_SendBlock))
<BR><BR>[Stack]<UL><LI>Max Depth = 48<LI>Call Chain = SD_SendBlock &rArr; SD_WaitReady &rArr; SD_SPI_ReadWriteByte &rArr; SPI1_ReadWriteByte
</UL>
<BR>[Calls]<UL><LI><a href="#[b6]">&gt;&gt;</a>&nbsp;&nbsp;&nbsp;SD_WaitReady
<LI><a href="#[aa]">&gt;&gt;</a>&nbsp;&nbsp;&nbsp;SD_SPI_ReadWriteByte
<LI><a href="#[a8]">&gt;&gt;</a>&nbsp;&nbsp;&nbsp;SPI1_ReadWriteByte
</UL>
<BR>[Called By]<UL><LI><a href="#[b8]">&gt;&gt;</a>&nbsp;&nbsp;&nbsp;SD_WriteDisk
</UL>

<P><STRONG><a name="[ae]"></a>SD_SendCmd</STRONG> (Thumb, 94 bytes, Stack size 16 bytes, mmc_sd.o(i.SD_SendCmd))
<BR><BR>[Stack]<UL><LI>Max Depth = 56<LI>Call Chain = SD_SendCmd &rArr; SD_Select &rArr; SD_WaitReady &rArr; SD_SPI_ReadWriteByte &rArr; SPI1_ReadWriteByte
</UL>
<BR>[Calls]<UL><LI><a href="#[b5]">&gt;&gt;</a>&nbsp;&nbsp;&nbsp;SD_Select
<LI><a href="#[aa]">&gt;&gt;</a>&nbsp;&nbsp;&nbsp;SD_SPI_ReadWriteByte
<LI><a href="#[a7]">&gt;&gt;</a>&nbsp;&nbsp;&nbsp;SD_DisSelect
<LI><a href="#[a8]">&gt;&gt;</a>&nbsp;&nbsp;&nbsp;SPI1_ReadWriteByte
</UL>
<BR>[Called By]<UL><LI><a href="#[b8]">&gt;&gt;</a>&nbsp;&nbsp;&nbsp;SD_WriteDisk
<LI><a href="#[af]">&gt;&gt;</a>&nbsp;&nbsp;&nbsp;SD_ReadDisk
<LI><a href="#[ab]">&gt;&gt;</a>&nbsp;&nbsp;&nbsp;SD_Initialize
</UL>

<P><STRONG><a name="[b6]"></a>SD_WaitReady</STRONG> (Thumb, 32 bytes, Stack size 16 bytes, mmc_sd.o(i.SD_WaitReady))
<BR><BR>[Stack]<UL><LI>Max Depth = 32<LI>Call Chain = SD_WaitReady &rArr; SD_SPI_ReadWriteByte &rArr; SPI1_ReadWriteByte
</UL>
<BR>[Calls]<UL><LI><a href="#[aa]">&gt;&gt;</a>&nbsp;&nbsp;&nbsp;SD_SPI_ReadWriteByte
</UL>
<BR>[Called By]<UL><LI><a href="#[b7]">&gt;&gt;</a>&nbsp;&nbsp;&nbsp;SD_SendBlock
<LI><a href="#[b5]">&gt;&gt;</a>&nbsp;&nbsp;&nbsp;SD_Select
</UL>

<P><STRONG><a name="[b8]"></a>SD_WriteDisk</STRONG> (Thumb, 124 bytes, Stack size 16 bytes, mmc_sd.o(i.SD_WriteDisk))
<BR><BR>[Stack]<UL><LI>Max Depth = 72<LI>Call Chain = SD_WriteDisk &rArr; SD_SendCmd &rArr; SD_Select &rArr; SD_WaitReady &rArr; SD_SPI_ReadWriteByte &rArr; SPI1_ReadWriteByte
</UL>
<BR>[Calls]<UL><LI><a href="#[ae]">&gt;&gt;</a>&nbsp;&nbsp;&nbsp;SD_SendCmd
<LI><a href="#[b7]">&gt;&gt;</a>&nbsp;&nbsp;&nbsp;SD_SendBlock
<LI><a href="#[a7]">&gt;&gt;</a>&nbsp;&nbsp;&nbsp;SD_DisSelect
</UL>
<BR>[Called By]<UL><LI><a href="#[e7]">&gt;&gt;</a>&nbsp;&nbsp;&nbsp;disk_write
</UL>

<P><STRONG><a name="[b2]"></a>SPI1_Init</STRONG> (Thumb, 110 bytes, Stack size 16 bytes, spi.o(i.SPI1_Init))
<BR><BR>[Stack]<UL><LI>Max Depth = 36<LI>Call Chain = SPI1_Init &rArr; GPIO_Init
</UL>
<BR>[Calls]<UL><LI><a href="#[b9]">&gt;&gt;</a>&nbsp;&nbsp;&nbsp;SPI_Init
<LI><a href="#[ba]">&gt;&gt;</a>&nbsp;&nbsp;&nbsp;SPI_Cmd
<LI><a href="#[a8]">&gt;&gt;</a>&nbsp;&nbsp;&nbsp;SPI1_ReadWriteByte
<LI><a href="#[b1]">&gt;&gt;</a>&nbsp;&nbsp;&nbsp;GPIO_SetBits
<LI><a href="#[95]">&gt;&gt;</a>&nbsp;&nbsp;&nbsp;RCC_APB2PeriphClockCmd
<LI><a href="#[97]">&gt;&gt;</a>&nbsp;&nbsp;&nbsp;GPIO_Init
</UL>
<BR>[Called By]<UL><LI><a href="#[ac]">&gt;&gt;</a>&nbsp;&nbsp;&nbsp;SD_SPI_Init
<LI><a href="#[c1]">&gt;&gt;</a>&nbsp;&nbsp;&nbsp;SPI_Flash_Init
</UL>

<P><STRONG><a name="[a8]"></a>SPI1_ReadWriteByte</STRONG> (Thumb, 76 bytes, Stack size 16 bytes, spi.o(i.SPI1_ReadWriteByte))
<BR><BR>[Stack]<UL><LI>Max Depth = 16<LI>Call Chain = SPI1_ReadWriteByte
</UL>
<BR>[Calls]<UL><LI><a href="#[bc]">&gt;&gt;</a>&nbsp;&nbsp;&nbsp;SPI_I2S_SendData
<LI><a href="#[bd]">&gt;&gt;</a>&nbsp;&nbsp;&nbsp;SPI_I2S_ReceiveData
<LI><a href="#[bb]">&gt;&gt;</a>&nbsp;&nbsp;&nbsp;SPI_I2S_GetFlagStatus
</UL>
<BR>[Called By]<UL><LI><a href="#[ae]">&gt;&gt;</a>&nbsp;&nbsp;&nbsp;SD_SendCmd
<LI><a href="#[b7]">&gt;&gt;</a>&nbsp;&nbsp;&nbsp;SD_SendBlock
<LI><a href="#[aa]">&gt;&gt;</a>&nbsp;&nbsp;&nbsp;SD_SPI_ReadWriteByte
<LI><a href="#[b0]">&gt;&gt;</a>&nbsp;&nbsp;&nbsp;SD_RecvData
<LI><a href="#[ab]">&gt;&gt;</a>&nbsp;&nbsp;&nbsp;SD_Initialize
<LI><a href="#[a7]">&gt;&gt;</a>&nbsp;&nbsp;&nbsp;SD_DisSelect
<LI><a href="#[c9]">&gt;&gt;</a>&nbsp;&nbsp;&nbsp;SPI_Flash_Write_Page
<LI><a href="#[c4]">&gt;&gt;</a>&nbsp;&nbsp;&nbsp;SPI_Flash_ReadSR
<LI><a href="#[c2]">&gt;&gt;</a>&nbsp;&nbsp;&nbsp;SPI_Flash_ReadID
<LI><a href="#[91]">&gt;&gt;</a>&nbsp;&nbsp;&nbsp;SPI_Flash_Read
<LI><a href="#[bf]">&gt;&gt;</a>&nbsp;&nbsp;&nbsp;SPI_Flash_Erase_Sector
<LI><a href="#[be]">&gt;&gt;</a>&nbsp;&nbsp;&nbsp;SPI_FLASH_Write_Enable
<LI><a href="#[b2]">&gt;&gt;</a>&nbsp;&nbsp;&nbsp;SPI1_Init
</UL>

<P><STRONG><a name="[ad]"></a>SPI1_SetSpeed</STRONG> (Thumb, 26 bytes, Stack size 0 bytes, spi.o(i.SPI1_SetSpeed))
<BR><BR>[Called By]<UL><LI><a href="#[b4]">&gt;&gt;</a>&nbsp;&nbsp;&nbsp;SD_SPI_SpeedLow
<LI><a href="#[b3]">&gt;&gt;</a>&nbsp;&nbsp;&nbsp;SD_SPI_SpeedHigh
<LI><a href="#[ab]">&gt;&gt;</a>&nbsp;&nbsp;&nbsp;SD_Initialize
<LI><a href="#[c1]">&gt;&gt;</a>&nbsp;&nbsp;&nbsp;SPI_Flash_Init
</UL>

<P><STRONG><a name="[ba]"></a>SPI_Cmd</STRONG> (Thumb, 20 bytes, Stack size 0 bytes, stm32f10x_spi.o(i.SPI_Cmd))
<BR><BR>[Called By]<UL><LI><a href="#[b2]">&gt;&gt;</a>&nbsp;&nbsp;&nbsp;SPI1_Init
</UL>

<P><STRONG><a name="[be]"></a>SPI_FLASH_Write_Enable</STRONG> (Thumb, 26 bytes, Stack size 8 bytes, flash.o(i.SPI_FLASH_Write_Enable))
<BR><BR>[Stack]<UL><LI>Max Depth = 24<LI>Call Chain = SPI_FLASH_Write_Enable &rArr; SPI1_ReadWriteByte
</UL>
<BR>[Calls]<UL><LI><a href="#[a8]">&gt;&gt;</a>&nbsp;&nbsp;&nbsp;SPI1_ReadWriteByte
</UL>
<BR>[Called By]<UL><LI><a href="#[c9]">&gt;&gt;</a>&nbsp;&nbsp;&nbsp;SPI_Flash_Write_Page
<LI><a href="#[bf]">&gt;&gt;</a>&nbsp;&nbsp;&nbsp;SPI_Flash_Erase_Sector
</UL>

<P><STRONG><a name="[bf]"></a>SPI_Flash_Erase_Sector</STRONG> (Thumb, 64 bytes, Stack size 16 bytes, flash.o(i.SPI_Flash_Erase_Sector))
<BR><BR>[Stack]<UL><LI>Max Depth = 48<LI>Call Chain = SPI_Flash_Erase_Sector &rArr; SPI_Flash_Wait_Busy &rArr; SPI_Flash_ReadSR &rArr; SPI1_ReadWriteByte
</UL>
<BR>[Calls]<UL><LI><a href="#[c0]">&gt;&gt;</a>&nbsp;&nbsp;&nbsp;SPI_Flash_Wait_Busy
<LI><a href="#[be]">&gt;&gt;</a>&nbsp;&nbsp;&nbsp;SPI_FLASH_Write_Enable
<LI><a href="#[a8]">&gt;&gt;</a>&nbsp;&nbsp;&nbsp;SPI1_ReadWriteByte
</UL>
<BR>[Called By]<UL><LI><a href="#[c5]">&gt;&gt;</a>&nbsp;&nbsp;&nbsp;SPI_Flash_Write
</UL>

<P><STRONG><a name="[c1]"></a>SPI_Flash_Init</STRONG> (Thumb, 66 bytes, Stack size 16 bytes, flash.o(i.SPI_Flash_Init))
<BR><BR>[Stack]<UL><LI>Max Depth = 52<LI>Call Chain = SPI_Flash_Init &rArr; SPI1_Init &rArr; GPIO_Init
</UL>
<BR>[Calls]<UL><LI><a href="#[c2]">&gt;&gt;</a>&nbsp;&nbsp;&nbsp;SPI_Flash_ReadID
<LI><a href="#[ad]">&gt;&gt;</a>&nbsp;&nbsp;&nbsp;SPI1_SetSpeed
<LI><a href="#[b2]">&gt;&gt;</a>&nbsp;&nbsp;&nbsp;SPI1_Init
<LI><a href="#[b1]">&gt;&gt;</a>&nbsp;&nbsp;&nbsp;GPIO_SetBits
<LI><a href="#[95]">&gt;&gt;</a>&nbsp;&nbsp;&nbsp;RCC_APB2PeriphClockCmd
[...]
<LI><a href="#[8a]">&gt;&gt;</a>&nbsp;&nbsp;&nbsp;ShowErrMessage
<LI><a href="#[75]">&gt;&gt;</a>&nbsp;&nbsp;&nbsp;__2sprintf
<LI><a href="#[73]">&gt;&gt;</a>&nbsp;&nbsp;&nbsp;__2printf
</UL>
<BR>[Called By]<UL><LI><a href="#[6d]">&gt;&gt;</a>&nbsp;&nbsp;&nbsp;main
</UL>

<P><STRONG><a name="[6]"></a>read_addr</STRONG> (Thumb, 4 bytes, Stack size 0 bytes, usmart.o(i.read_addr))
<BR>[Address Reference Count : 1]<UL><LI> usmart_config.o(.data)
</UL>
<P><STRONG><a name="[ee]"></a>uart_init</STRONG> (Thumb, 152 bytes, Stack size 40 bytes, usart.o(i.uart_init))
<BR><BR>[Stack]<UL><LI>Max Depth = 84<LI>Call Chain = uart_init &rArr; USART_Init &rArr; RCC_GetClocksFreq
</UL>
<BR>[Calls]<UL><LI><a href="#[ca]">&gt;&gt;</a>&nbsp;&nbsp;&nbsp;USART_Cmd
<LI><a href="#[95]">&gt;&gt;</a>&nbsp;&nbsp;&nbsp;RCC_APB2PeriphClockCmd
<LI><a href="#[97]">&gt;&gt;</a>&nbsp;&nbsp;&nbsp;GPIO_Init
<LI><a href="#[df]">&gt;&gt;</a>&nbsp;&nbsp;&nbsp;USART_Init
<LI><a href="#[f5]">&gt;&gt;</a>&nbsp;&nbsp;&nbsp;USART_ITConfig
<LI><a href="#[d7]">&gt;&gt;</a>&nbsp;&nbsp;&nbsp;NVIC_Init
</UL>
<BR>[Called By]<UL><LI><a href="#[6d]">&gt;&gt;</a>&nbsp;&nbsp;&nbsp;main
</UL>

<P><STRONG><a name="[ef]"></a>usart2_init</STRONG> (Thumb, 184 bytes, Stack size 40 bytes, usart2.o(i.usart2_init))
<BR><BR>[Stack]<UL><LI>Max Depth = 88<LI>Call Chain = usart2_init &rArr; TIM4_Int_Init &rArr; NVIC_Init
</UL>
<BR>[Calls]<UL><LI><a href="#[ca]">&gt;&gt;</a>&nbsp;&nbsp;&nbsp;USART_Cmd
<LI><a href="#[95]">&gt;&gt;</a>&nbsp;&nbsp;&nbsp;RCC_APB2PeriphClockCmd
<LI><a href="#[97]">&gt;&gt;</a>&nbsp;&nbsp;&nbsp;GPIO_Init
<LI><a href="#[df]">&gt;&gt;</a>&nbsp;&nbsp;&nbsp;USART_Init
<LI><a href="#[f5]">&gt;&gt;</a>&nbsp;&nbsp;&nbsp;USART_ITConfig
<LI><a href="#[dc]">&gt;&gt;</a>&nbsp;&nbsp;&nbsp;USART_DeInit
<LI><a href="#[d2]">&gt;&gt;</a>&nbsp;&nbsp;&nbsp;TIM_Cmd
<LI><a href="#[d3]">&gt;&gt;</a>&nbsp;&nbsp;&nbsp;TIM4_Int_Init
<LI><a href="#[d4]">&gt;&gt;</a>&nbsp;&nbsp;&nbsp;RCC_APB1PeriphClockCmd
<LI><a href="#[d7]">&gt;&gt;</a>&nbsp;&nbsp;&nbsp;NVIC_Init
</UL>
<BR>[Called By]<UL><LI><a href="#[6d]">&gt;&gt;</a>&nbsp;&nbsp;&nbsp;main
</UL>

<P><STRONG><a name="[d]"></a>usmart_cmd_rec</STRONG> (Thumb, 144 bytes, Stack size 104 bytes, usmart.o(i.usmart_cmd_rec))
<BR><BR>[Stack]<UL><LI>Max Depth = 368<LI>Call Chain = usmart_cmd_rec &rArr; usmart_get_fparam &rArr; usmart_str2num
</UL>
<BR>[Calls]<UL><LI><a href="#[f7]">&gt;&gt;</a>&nbsp;&nbsp;&nbsp;usmart_strcmp
<LI><a href="#[f8]">&gt;&gt;</a>&nbsp;&nbsp;&nbsp;usmart_get_fparam
<LI><a href="#[f6]">&gt;&gt;</a>&nbsp;&nbsp;&nbsp;usmart_get_fname
</UL>
<BR>[Address Reference Count : 1]<UL><LI> usmart_config.o(.data)
</UL>
<P><STRONG><a name="[e]"></a>usmart_exe</STRONG> (Thumb, 514 bytes, Stack size 128 bytes, usmart.o(i.usmart_exe))
<BR><BR>[Stack]<UL><LI>Max Depth = 272 + Unknown Stack Size
<LI>Call Chain = usmart_exe &rArr; __2printf &rArr; _printf_char_file &rArr; _printf_char_common &rArr; __printf
</UL>
<BR>[Calls]<UL><LI><a href="#[73]">&gt;&gt;</a>&nbsp;&nbsp;&nbsp;__2printf
<LI><a href="#[f9]">&gt;&gt;</a>&nbsp;&nbsp;&nbsp;usmart_get_parmpos
<LI><a href="#[f6]">&gt;&gt;</a>&nbsp;&nbsp;&nbsp;usmart_get_fname
<LI><a href="#[fa]">&gt;&gt;</a>&nbsp;&nbsp;&nbsp;usmart_reset_runtime
<LI><a href="#[fb]">&gt;&gt;</a>&nbsp;&nbsp;&nbsp;usmart_get_runtime
</UL>
<BR>[Address Reference Count : 1]<UL><LI> usmart_config.o(.data)
</UL>
<P><STRONG><a name="[fd]"></a>usmart_get_aparm</STRONG> (Thumb, 158 bytes, Stack size 20 bytes, usmart_str.o(i.usmart_get_aparm))
<BR><BR>[Stack]<UL><LI>Max Depth = 20<LI>Call Chain = usmart_get_aparm
</UL>
<BR>[Called By]<UL><LI><a href="#[f8]">&gt;&gt;</a>&nbsp;&nbsp;&nbsp;usmart_get_fparam
<LI><a href="#[101]">&gt;&gt;</a>&nbsp;&nbsp;&nbsp;usmart_sys_cmd_exe
</UL>

<P><STRONG><a name="[103]"></a>usmart_get_cmdname</STRONG> (Thumb, 46 bytes, Stack size 12 bytes, usmart_str.o(i.usmart_get_cmdname))
<BR><BR>[Stack]<UL><LI>Max Depth = 12<LI>Call Chain = usmart_get_cmdname
</UL>
<BR>[Called By]<UL><LI><a href="#[101]">&gt;&gt;</a>&nbsp;&nbsp;&nbsp;usmart_sys_cmd_exe
</UL>

<P><STRONG><a name="[f6]"></a>usmart_get_fname</STRONG> (Thumb, 358 bytes, Stack size 60 bytes, usmart_str.o(i.usmart_get_fname))
<BR><BR>[Stack]<UL><LI>Max Depth = 60<LI>Call Chain = usmart_get_fname
</UL>
<BR>[Calls]<UL><LI><a href="#[fc]">&gt;&gt;</a>&nbsp;&nbsp;&nbsp;usmart_search_nextc
<LI><a href="#[f7]">&gt;&gt;</a>&nbsp;&nbsp;&nbsp;usmart_strcmp
</UL>
<BR>[Called By]<UL><LI><a href="#[101]">&gt;&gt;</a>&nbsp;&nbsp;&nbsp;usmart_sys_cmd_exe
<LI><a href="#[e]">&gt;&gt;</a>&nbsp;&nbsp;&nbsp;usmart_exe
<LI><a href="#[d]">&gt;&gt;</a>&nbsp;&nbsp;&nbsp;usmart_cmd_rec
</UL>

<P><STRONG><a name="[f8]"></a>usmart_get_fparam</STRONG> (Thumb, 208 bytes, Stack size 240 bytes, usmart_str.o(i.usmart_get_fparam))
<BR><BR>[Stack]<UL><LI>Max Depth = 264<LI>Call Chain = usmart_get_fparam &rArr; usmart_str2num
</UL>
<BR>[Calls]<UL><LI><a href="#[ff]">&gt;&gt;</a>&nbsp;&nbsp;&nbsp;usmart_strlen
<LI><a href="#[100]">&gt;&gt;</a>&nbsp;&nbsp;&nbsp;usmart_strcopy
<LI><a href="#[fe]">&gt;&gt;</a>&nbsp;&nbsp;&nbsp;usmart_str2num
<LI><a href="#[f9]">&gt;&gt;</a>&nbsp;&nbsp;&nbsp;usmart_get_parmpos
<LI><a href="#[fd]">&gt;&gt;</a>&nbsp;&nbsp;&nbsp;usmart_get_aparm
</UL>
<BR>[Called By]<UL><LI><a href="#[d]">&gt;&gt;</a>&nbsp;&nbsp;&nbsp;usmart_cmd_rec
</UL>

<P><STRONG><a name="[f9]"></a>usmart_get_parmpos</STRONG> (Thumb, 30 bytes, Stack size 8 bytes, usmart_str.o(i.usmart_get_parmpos))
<BR><BR>[Stack]<UL><LI>Max Depth = 8<LI>Call Chain = usmart_get_parmpos
</UL>
<BR>[Called By]<UL><LI><a href="#[f8]">&gt;&gt;</a>&nbsp;&nbsp;&nbsp;usmart_get_fparam
<LI><a href="#[e]">&gt;&gt;</a>&nbsp;&nbsp;&nbsp;usmart_exe
</UL>

<P><STRONG><a name="[fb]"></a>usmart_get_runtime</STRONG> (Thumb, 36 bytes, Stack size 0 bytes, usmart.o(i.usmart_get_runtime))
<BR><BR>[Called By]<UL><LI><a href="#[e]">&gt;&gt;</a>&nbsp;&nbsp;&nbsp;usmart_exe
</UL>

<P><STRONG><a name="[c]"></a>usmart_init</STRONG> (Thumb, 36 bytes, Stack size 8 bytes, usmart.o(i.usmart_init))
<BR><BR>[Stack]<UL><LI>Max Depth = 32<LI>Call Chain = usmart_init &rArr; Timer2_Init &rArr; NVIC_Init
</UL>
<BR>[Calls]<UL><LI><a href="#[d8]">&gt;&gt;</a>&nbsp;&nbsp;&nbsp;Timer2_Init
</UL>
<BR>[Address Reference Count : 1]<UL><LI> usmart_config.o(.data)
</UL>
<P><STRONG><a name="[102]"></a>usmart_pow</STRONG> (Thumb, 16 bytes, Stack size 0 bytes, usmart_str.o(i.usmart_pow))
<BR><BR>[Called By]<UL><LI><a href="#[fe]">&gt;&gt;</a>&nbsp;&nbsp;&nbsp;usmart_str2num
</UL>

<P><STRONG><a name="[fa]"></a>usmart_reset_runtime</STRONG> (Thumb, 30 bytes, Stack size 0 bytes, usmart.o(i.usmart_reset_runtime))
<BR><BR>[Called By]<UL><LI><a href="#[e]">&gt;&gt;</a>&nbsp;&nbsp;&nbsp;usmart_exe
</UL>

<P><STRONG><a name="[f]"></a>usmart_scan</STRONG> (Thumb, 94 bytes, Stack size 24 bytes, usmart.o(i.usmart_scan))
<BR><BR>[Stack]<UL><LI>Max Depth = 240 + Unknown Stack Size
<LI>Call Chain = usmart_scan &rArr; usmart_sys_cmd_exe &rArr; __2printf &rArr; _printf_char_file &rArr; _printf_char_common &rArr; __printf
</UL>
<BR>[Calls]<UL><LI><a href="#[73]">&gt;&gt;</a>&nbsp;&nbsp;&nbsp;__2printf
<LI><a href="#[101]">&gt;&gt;</a>&nbsp;&nbsp;&nbsp;usmart_sys_cmd_exe
</UL>
<BR>[Address Reference Count : 1]<UL><LI> usmart_config.o(.data)
</UL>
<P><STRONG><a name="[fc]"></a>usmart_search_nextc</STRONG> (Thumb, 16 bytes, Stack size 0 bytes, usmart_str.o(i.usmart_search_nextc))
<BR><BR>[Calls]<UL><LI><a href="#[fc]">&gt;&gt;</a>&nbsp;&nbsp;&nbsp;usmart_search_nextc
</UL>
<BR>[Called By]<UL><LI><a href="#[fc]">&gt;&gt;</a>&nbsp;&nbsp;&nbsp;usmart_search_nextc
<LI><a href="#[f6]">&gt;&gt;</a>&nbsp;&nbsp;&nbsp;usmart_get_fname
</UL>

<P><STRONG><a name="[fe]"></a>usmart_str2num</STRONG> (Thumb, 166 bytes, Stack size 24 bytes, usmart_str.o(i.usmart_str2num))
<BR><BR>[Stack]<UL><LI>Max Depth = 24<LI>Call Chain = usmart_str2num
</UL>
<BR>[Calls]<UL><LI><a href="#[102]">&gt;&gt;</a>&nbsp;&nbsp;&nbsp;usmart_pow
</UL>
<BR>[Called By]<UL><LI><a href="#[f8]">&gt;&gt;</a>&nbsp;&nbsp;&nbsp;usmart_get_fparam
<LI><a href="#[101]">&gt;&gt;</a>&nbsp;&nbsp;&nbsp;usmart_sys_cmd_exe
</UL>

<P><STRONG><a name="[f7]"></a>usmart_strcmp</STRONG> (Thumb, 24 bytes, Stack size 0 bytes, usmart_str.o(i.usmart_strcmp))
<BR><BR>[Calls]<UL><LI><a href="#[f7]">&gt;&gt;</a>&nbsp;&nbsp;&nbsp;usmart_strcmp
</UL>
<BR>[Called By]<UL><LI><a href="#[f7]">&gt;&gt;</a>&nbsp;&nbsp;&nbsp;usmart_strcmp
<LI><a href="#[f6]">&gt;&gt;</a>&nbsp;&nbsp;&nbsp;usmart_get_fname
<LI><a href="#[101]">&gt;&gt;</a>&nbsp;&nbsp;&nbsp;usmart_sys_cmd_exe
<LI><a href="#[d]">&gt;&gt;</a>&nbsp;&nbsp;&nbsp;usmart_cmd_rec
</UL>

<P><STRONG><a name="[100]"></a>usmart_strcopy</STRONG> (Thumb, 18 bytes, Stack size 0 bytes, usmart_str.o(i.usmart_strcopy))
<BR><BR>[Calls]<UL><LI><a href="#[100]">&gt;&gt;</a>&nbsp;&nbsp;&nbsp;usmart_strcopy
</UL>
<BR>[Called By]<UL><LI><a href="#[100]">&gt;&gt;</a>&nbsp;&nbsp;&nbsp;usmart_strcopy
<LI><a href="#[f8]">&gt;&gt;</a>&nbsp;&nbsp;&nbsp;usmart_get_fparam
</UL>

<P><STRONG><a name="[ff]"></a>usmart_strlen</STRONG> (Thumb, 18 bytes, Stack size 0 bytes, usmart_str.o(i.usmart_strlen))
<BR><BR>[Called By]<UL><LI><a href="#[f8]">&gt;&gt;</a>&nbsp;&nbsp;&nbsp;usmart_get_fparam
</UL>

<P><STRONG><a name="[101]"></a>usmart_sys_cmd_exe</STRONG> (Thumb, 1442 bytes, Stack size 72 bytes, usmart.o(i.usmart_sys_cmd_exe))
<BR><BR>[Stack]<UL><LI>Max Depth = 216 + Unknown Stack Size
<LI>Call Chain = usmart_sys_cmd_exe &rArr; __2printf &rArr; _printf_char_file &rArr; _printf_char_common &rArr; __printf
</UL>
<BR>[Calls]<UL><LI><a href="#[73]">&gt;&gt;</a>&nbsp;&nbsp;&nbsp;__2printf
<LI><a href="#[f7]">&gt;&gt;</a>&nbsp;&nbsp;&nbsp;usmart_strcmp
<LI><a href="#[fe]">&gt;&gt;</a>&nbsp;&nbsp;&nbsp;usmart_str2num
<LI><a href="#[f6]">&gt;&gt;</a>&nbsp;&nbsp;&nbsp;usmart_get_fname
<LI><a href="#[103]">&gt;&gt;</a>&nbsp;&nbsp;&nbsp;usmart_get_cmdname
<LI><a href="#[fd]">&gt;&gt;</a>&nbsp;&nbsp;&nbsp;usmart_get_aparm
</UL>
<BR>[Called By]<UL><LI><a href="#[f]">&gt;&gt;</a>&nbsp;&nbsp;&nbsp;usmart_scan
</UL>

<P><STRONG><a name="[7]"></a>write_addr</STRONG> (Thumb, 4 bytes, Stack size 0 bytes, usmart.o(i.write_addr))
<BR>[Address Reference Count : 1]<UL><LI> usmart_config.o(.data)
</UL><P>
<H3>
Local Symbols
</H3>
<P><STRONG><a name="[cf]"></a>SetSysClockTo72</STRONG> (Thumb, 160 bytes, Stack size 12 bytes, system_stm32f10x.o(i.SetSysClockTo72))
<BR><BR>[Stack]<UL><LI>Max Depth = 12<LI>Call Chain = SetSysClockTo72
</UL>
<BR>[Called By]<UL><LI><a href="#[56]">&gt;&gt;</a>&nbsp;&nbsp;&nbsp;SystemInit
</UL>

<P><STRONG><a name="[92]"></a>JudgeStr</STRONG> (Thumb, 98 bytes, Stack size 24 bytes, as608.o(i.JudgeStr))
<BR><BR>[Stack]<UL><LI>Max Depth = 36<LI>Call Chain = JudgeStr &rArr; strstr
</UL>
<BR>[Calls]<UL><LI><a href="#[89]">&gt;&gt;</a>&nbsp;&nbsp;&nbsp;delay_ms
<LI><a href="#[93]">&gt;&gt;</a>&nbsp;&nbsp;&nbsp;strstr
</UL>
<BR>[Called By]<UL><LI><a href="#[b]">&gt;&gt;</a>&nbsp;&nbsp;&nbsp;PS_ValidTempleteNum
<LI><a href="#[8d]">&gt;&gt;</a>&nbsp;&nbsp;&nbsp;PS_StoreChar
<LI><a href="#[8c]">&gt;&gt;</a>&nbsp;&nbsp;&nbsp;PS_RegModel
<LI><a href="#[9]">&gt;&gt;</a>&nbsp;&nbsp;&nbsp;PS_ReadSysPara
<LI><a href="#[8b]">&gt;&gt;</a>&nbsp;&nbsp;&nbsp;PS_Match
<LI><a href="#[a4]">&gt;&gt;</a>&nbsp;&nbsp;&nbsp;PS_HighSpeedSearch
<LI><a href="#[87]">&gt;&gt;</a>&nbsp;&nbsp;&nbsp;PS_GetImage
<LI><a href="#[88]">&gt;&gt;</a>&nbsp;&nbsp;&nbsp;PS_GenChar
<LI><a href="#[8f]">&gt;&gt;</a>&nbsp;&nbsp;&nbsp;PS_DeletChar
<LI><a href="#[8]">&gt;&gt;</a>&nbsp;&nbsp;&nbsp;PS_WriteReg
<LI><a href="#[a]">&gt;&gt;</a>&nbsp;&nbsp;&nbsp;PS_SetAddr
</UL>

<P><STRONG><a name="[a0]"></a>MYUSART_SendData</STRONG> (Thumb, 16 bytes, Stack size 0 bytes, as608.o(i.MYUSART_SendData))
<BR><BR>[Called By]<UL><LI><a href="#[b]">&gt;&gt;</a>&nbsp;&nbsp;&nbsp;PS_ValidTempleteNum
<LI><a href="#[8d]">&gt;&gt;</a>&nbsp;&nbsp;&nbsp;PS_StoreChar
<LI><a href="#[8c]">&gt;&gt;</a>&nbsp;&nbsp;&nbsp;PS_RegModel
<LI><a href="#[9]">&gt;&gt;</a>&nbsp;&nbsp;&nbsp;PS_ReadSysPara
<LI><a href="#[8b]">&gt;&gt;</a>&nbsp;&nbsp;&nbsp;PS_Match
<LI><a href="#[a4]">&gt;&gt;</a>&nbsp;&nbsp;&nbsp;PS_HighSpeedSearch
<LI><a href="#[a3]">&gt;&gt;</a>&nbsp;&nbsp;&nbsp;PS_HandShake
<LI><a href="#[87]">&gt;&gt;</a>&nbsp;&nbsp;&nbsp;PS_GetImage
<LI><a href="#[88]">&gt;&gt;</a>&nbsp;&nbsp;&nbsp;PS_GenChar
<LI><a href="#[8f]">&gt;&gt;</a>&nbsp;&nbsp;&nbsp;PS_DeletChar
<LI><a href="#[8]">&gt;&gt;</a>&nbsp;&nbsp;&nbsp;PS_WriteReg
<LI><a href="#[a]">&gt;&gt;</a>&nbsp;&nbsp;&nbsp;PS_SetAddr
<LI><a href="#[a1]">&gt;&gt;</a>&nbsp;&nbsp;&nbsp;SendLength
<LI><a href="#[9e]">&gt;&gt;</a>&nbsp;&nbsp;&nbsp;SendHead
<LI><a href="#[a2]">&gt;&gt;</a>&nbsp;&nbsp;&nbsp;SendCheck
<LI><a href="#[9f]">&gt;&gt;</a>&nbsp;&nbsp;&nbsp;SendAddr
</UL>

<P><STRONG><a name="[9f]"></a>SendAddr</STRONG> (Thumb, 42 bytes, Stack size 8 bytes, as608.o(i.SendAddr))
<BR><BR>[Stack]<UL><LI>Max Depth = 8<LI>Call Chain = SendAddr
</UL>
<BR>[Calls]<UL><LI><a href="#[a0]">&gt;&gt;</a>&nbsp;&nbsp;&nbsp;MYUSART_SendData
</UL>
<BR>[Called By]<UL><LI><a href="#[b]">&gt;&gt;</a>&nbsp;&nbsp;&nbsp;PS_ValidTempleteNum
<LI><a href="#[8d]">&gt;&gt;</a>&nbsp;&nbsp;&nbsp;PS_StoreChar
<LI><a href="#[8c]">&gt;&gt;</a>&nbsp;&nbsp;&nbsp;PS_RegModel
<LI><a href="#[9]">&gt;&gt;</a>&nbsp;&nbsp;&nbsp;PS_ReadSysPara
<LI><a href="#[8b]">&gt;&gt;</a>&nbsp;&nbsp;&nbsp;PS_Match
<LI><a href="#[a4]">&gt;&gt;</a>&nbsp;&nbsp;&nbsp;PS_HighSpeedSearch
<LI><a href="#[a3]">&gt;&gt;</a>&nbsp;&nbsp;&nbsp;PS_HandShake
<LI><a href="#[87]">&gt;&gt;</a>&nbsp;&nbsp;&nbsp;PS_GetImage
<LI><a href="#[88]">&gt;&gt;</a>&nbsp;&nbsp;&nbsp;PS_GenChar
<LI><a href="#[8f]">&gt;&gt;</a>&nbsp;&nbsp;&nbsp;PS_DeletChar
<LI><a href="#[8]">&gt;&gt;</a>&nbsp;&nbsp;&nbsp;PS_WriteReg
<LI><a href="#[a]">&gt;&gt;</a>&nbsp;&nbsp;&nbsp;PS_SetAddr
</UL>

<P><STRONG><a name="[a2]"></a>SendCheck</STRONG> (Thumb, 20 bytes, Stack size 8 bytes, as608.o(i.SendCheck))
<BR><BR>[Stack]<UL><LI>Max Depth = 8<LI>Call Chain = SendCheck
</UL>
<BR>[Calls]<UL><LI><a href="#[a0]">&gt;&gt;</a>&nbsp;&nbsp;&nbsp;MYUSART_SendData
</UL>
<BR>[Called By]<UL><LI><a href="#[b]">&gt;&gt;</a>&nbsp;&nbsp;&nbsp;PS_ValidTempleteNum
<LI><a href="#[8d]">&gt;&gt;</a>&nbsp;&nbsp;&nbsp;PS_StoreChar
<LI><a href="#[8c]">&gt;&gt;</a>&nbsp;&nbsp;&nbsp;PS_RegModel
<LI><a href="#[9]">&gt;&gt;</a>&nbsp;&nbsp;&nbsp;PS_ReadSysPara
<LI><a href="#[8b]">&gt;&gt;</a>&nbsp;&nbsp;&nbsp;PS_Match
<LI><a href="#[a4]">&gt;&gt;</a>&nbsp;&nbsp;&nbsp;PS_HighSpeedSearch
<LI><a href="#[87]">&gt;&gt;</a>&nbsp;&nbsp;&nbsp;PS_GetImage
<LI><a href="#[88]">&gt;&gt;</a>&nbsp;&nbsp;&nbsp;PS_GenChar
<LI><a href="#[8f]">&gt;&gt;</a>&nbsp;&nbsp;&nbsp;PS_DeletChar
<LI><a href="#[8]">&gt;&gt;</a>&nbsp;&nbsp;&nbsp;PS_WriteReg
<LI><a href="#[a]">&gt;&gt;</a>&nbsp;&nbsp;&nbsp;PS_SetAddr
</UL>

<P><STRONG><a name="[9e]"></a>SendHead</STRONG> (Thumb, 18 bytes, Stack size 8 bytes, as608.o(i.SendHead))
<BR><BR>[Stack]<UL><LI>Max Depth = 8<LI>Call Chain = SendHead
</UL>
<BR>[Calls]<UL><LI><a href="#[a0]">&gt;&gt;</a>&nbsp;&nbsp;&nbsp;MYUSART_SendData
</UL>
<BR>[Called By]<UL><LI><a href="#[b]">&gt;&gt;</a>&nbsp;&nbsp;&nbsp;PS_ValidTempleteNum
<LI><a href="#[8d]">&gt;&gt;</a>&nbsp;&nbsp;&nbsp;PS_StoreChar
<LI><a href="#[8c]">&gt;&gt;</a>&nbsp;&nbsp;&nbsp;PS_RegModel
<LI><a href="#[9]">&gt;&gt;</a>&nbsp;&nbsp;&nbsp;PS_ReadSysPara
<LI><a href="#[8b]">&gt;&gt;</a>&nbsp;&nbsp;&nbsp;PS_Match
<LI><a href="#[a4]">&gt;&gt;</a>&nbsp;&nbsp;&nbsp;PS_HighSpeedSearch
<LI><a href="#[a3]">&gt;&gt;</a>&nbsp;&nbsp;&nbsp;PS_HandShake
<LI><a href="#[87]">&gt;&gt;</a>&nbsp;&nbsp;&nbsp;PS_GetImage
<LI><a href="#[88]">&gt;&gt;</a>&nbsp;&nbsp;&nbsp;PS_GenChar
<LI><a href="#[8f]">&gt;&gt;</a>&nbsp;&nbsp;&nbsp;PS_DeletChar
<LI><a href="#[8]">&gt;&gt;</a>&nbsp;&nbsp;&nbsp;PS_WriteReg
<LI><a href="#[a]">&gt;&gt;</a>&nbsp;&nbsp;&nbsp;PS_SetAddr
</UL>

<P><STRONG><a name="[a1]"></a>SendLength</STRONG> (Thumb, 22 bytes, Stack size 8 bytes, as608.o(i.SendLength))
<BR><BR>[Stack]<UL><LI>Max Depth = 8<LI>Call Chain = SendLength
</UL>
<BR>[Calls]<UL><LI><a href="#[a0]">&gt;&gt;</a>&nbsp;&nbsp;&nbsp;MYUSART_SendData
</UL>
<BR>[Called By]<UL><LI><a href="#[b]">&gt;&gt;</a>&nbsp;&nbsp;&nbsp;PS_ValidTempleteNum
<LI><a href="#[8d]">&gt;&gt;</a>&nbsp;&nbsp;&nbsp;PS_StoreChar
<LI><a href="#[8c]">&gt;&gt;</a>&nbsp;&nbsp;&nbsp;PS_RegModel
<LI><a href="#[9]">&gt;&gt;</a>&nbsp;&nbsp;&nbsp;PS_ReadSysPara
<LI><a href="#[8b]">&gt;&gt;</a>&nbsp;&nbsp;&nbsp;PS_Match
<LI><a href="#[a4]">&gt;&gt;</a>&nbsp;&nbsp;&nbsp;PS_HighSpeedSearch
<LI><a href="#[87]">&gt;&gt;</a>&nbsp;&nbsp;&nbsp;PS_GetImage
<LI><a href="#[88]">&gt;&gt;</a>&nbsp;&nbsp;&nbsp;PS_GenChar
<LI><a href="#[8f]">&gt;&gt;</a>&nbsp;&nbsp;&nbsp;PS_DeletChar
<LI><a href="#[8]">&gt;&gt;</a>&nbsp;&nbsp;&nbsp;PS_WriteReg
<LI><a href="#[a]">&gt;&gt;</a>&nbsp;&nbsp;&nbsp;PS_SetAddr
</UL>

<P><STRONG><a name="[e1]"></a>check_fs</STRONG> (Thumb, 86 bytes, Stack size 8 bytes, ff.o(i.check_fs))
<BR><BR>[Stack]<UL><LI>Max Depth = 192<LI>Call Chain = check_fs &rArr; move_window &rArr; sync_window &rArr; disk_write &rArr; SPI_Flash_Write &rArr; SPI_Flash_Write_NoCheck &rArr; SPI_Flash_Write_Page &rArr; SPI_Flash_Wait_Busy &rArr; SPI_Flash_ReadSR &rArr; SPI1_ReadWriteByte
</UL>
<BR>[Calls]<UL><LI><a href="#[e2]">&gt;&gt;</a>&nbsp;&nbsp;&nbsp;move_window
</UL>
<BR>[Called By]<UL><LI><a href="#[eb]">&gt;&gt;</a>&nbsp;&nbsp;&nbsp;find_volume
</UL>

<P><STRONG><a name="[eb]"></a>find_volume</STRONG> (Thumb, 554 bytes, Stack size 48 bytes, ff.o(i.find_volume))
<BR><BR>[Stack]<UL><LI>Max Depth = 240<LI>Call Chain = find_volume &rArr; check_fs &rArr; move_window &rArr; sync_window &rArr; disk_write &rArr; SPI_Flash_Write &rArr; SPI_Flash_Write_NoCheck &rArr; SPI_Flash_Write_Page &rArr; SPI_Flash_Wait_Busy &rArr; SPI_Flash_ReadSR &rArr; SPI1_ReadWriteByte
</UL>
<BR>[Calls]<UL><LI><a href="#[ec]">&gt;&gt;</a>&nbsp;&nbsp;&nbsp;disk_status
<LI><a href="#[e5]">&gt;&gt;</a>&nbsp;&nbsp;&nbsp;disk_initialize
<LI><a href="#[e2]">&gt;&gt;</a>&nbsp;&nbsp;&nbsp;move_window
<LI><a href="#[ea]">&gt;&gt;</a>&nbsp;&nbsp;&nbsp;get_ldnumber
<LI><a href="#[e1]">&gt;&gt;</a>&nbsp;&nbsp;&nbsp;check_fs
</UL>
<BR>[Called By]<UL><LI><a href="#[e9]">&gt;&gt;</a>&nbsp;&nbsp;&nbsp;f_mount
</UL>

<P><STRONG><a name="[ea]"></a>get_ldnumber</STRONG> (Thumb, 60 bytes, Stack size 8 bytes, ff.o(i.get_ldnumber))
<BR><BR>[Stack]<UL><LI>Max Depth = 8<LI>Call Chain = get_ldnumber
</UL>
<BR>[Called By]<UL><LI><a href="#[e9]">&gt;&gt;</a>&nbsp;&nbsp;&nbsp;f_mount
<LI><a href="#[eb]">&gt;&gt;</a>&nbsp;&nbsp;&nbsp;find_volume
</UL>

<P><STRONG><a name="[e2]"></a>move_window</STRONG> (Thumb, 46 bytes, Stack size 16 bytes, ff.o(i.move_window))
<BR><BR>[Stack]<UL><LI>Max Depth = 184<LI>Call Chain = move_window &rArr; sync_window &rArr; disk_write &rArr; SPI_Flash_Write &rArr; SPI_Flash_Write_NoCheck &rArr; SPI_Flash_Write_Page &rArr; SPI_Flash_Wait_Busy &rArr; SPI_Flash_ReadSR &rArr; SPI1_ReadWriteByte
</UL>
<BR>[Calls]<UL><LI><a href="#[e6]">&gt;&gt;</a>&nbsp;&nbsp;&nbsp;disk_read
<LI><a href="#[f2]">&gt;&gt;</a>&nbsp;&nbsp;&nbsp;sync_window
</UL>
<BR>[Called By]<UL><LI><a href="#[eb]">&gt;&gt;</a>&nbsp;&nbsp;&nbsp;find_volume
<LI><a href="#[e1]">&gt;&gt;</a>&nbsp;&nbsp;&nbsp;check_fs
</UL>

<P><STRONG><a name="[f2]"></a>sync_window</STRONG> (Thumb, 80 bytes, Stack size 24 bytes, ff.o(i.sync_window))
<BR><BR>[Stack]<UL><LI>Max Depth = 168<LI>Call Chain = sync_window &rArr; disk_write &rArr; SPI_Flash_Write &rArr; SPI_Flash_Write_NoCheck &rArr; SPI_Flash_Write_Page &rArr; SPI_Flash_Wait_Busy &rArr; SPI_Flash_ReadSR &rArr; SPI1_ReadWriteByte
</UL>
<BR>[Calls]<UL><LI><a href="#[e7]">&gt;&gt;</a>&nbsp;&nbsp;&nbsp;disk_write
</UL>
<BR>[Called By]<UL><LI><a href="#[e2]">&gt;&gt;</a>&nbsp;&nbsp;&nbsp;move_window
</UL>

<P><STRONG><a name="[59]"></a>_printf_input_char</STRONG> (Thumb, 10 bytes, Stack size 0 bytes, _printf_char_common.o(.text))
<BR>[Address Reference Count : 1]<UL><LI> _printf_char_common.o(.text)
</UL><P>
<H3>
Undefined Global Symbols
</H3><HR></body></html>
