Component: ARM Compiler 5.06 update 7 (build 960) Tool: armlink [4d3601]

==============================================================================

Section Cross References

    main.o(.text) refers to _printf_percent.o(.ARM.Collect$$_printf_percent$$00000000) for _printf_percent
    main.o(.text) refers to _printf_d.o(.ARM.Collect$$_printf_percent$$00000009) for _printf_d
    main.o(.text) refers to _printf_dec.o(.text) for _printf_int_dec
    main.o(.text) refers to _printf_f.o(.ARM.Collect$$_printf_percent$$00000003) for _printf_f
    main.o(.text) refers to printf1.o(x$fpl$printf1) for _printf_fp_dec
    main.o(.text) refers to stm32f4xx_tim.o(.text) for TIM_GetITStatus
    main.o(.text) refers to timer.o(.text) for Read_Encoder
    main.o(.text) refers to noretval__2printf.o(.text) for __2printf
    main.o(.text) refers to dflt_clz.o(x$fpl$dflt) for __aeabi_i2d
    main.o(.text) refers to dmul.o(x$fpl$dmul) for __aeabi_dmul
    main.o(.text) refers to ddiv.o(x$fpl$ddiv) for __aeabi_ddiv
    main.o(.text) refers to d2f.o(x$fpl$d2f) for __aeabi_d2f
    main.o(.text) refers to f2d.o(x$fpl$f2d) for __aeabi_f2d
    main.o(.text) refers to misc.o(.text) for NVIC_PriorityGroupConfig
    main.o(.text) refers to delay.o(.text) for delay_init
    main.o(.text) refers to usart.o(.text) for uart_init
    main.o(.text) refers to oled.o(.text) for OLED_Init
    main.o(.text) refers to remote.o(.text) for Remote_Init
    main.o(.text) refers to pwm.o(.text) for TIM14_PWM_Init
    main.o(.text) refers to balance.o(.text) for Encoder_Init_TIM4
    main.o(.text) refers to stm32f4xx_gpio.o(.text) for GPIO_SetBits
    main.o(.text) refers to main.o(.data) for encode
    system_stm32f4xx.o(.text) refers to system_stm32f4xx.o(.data) for SystemCoreClock
    led.o(.text) refers to stm32f4xx_rcc.o(.text) for RCC_AHB1PeriphClockCmd
    led.o(.text) refers to stm32f4xx_gpio.o(.text) for GPIO_Init
    remote.o(.text) refers to stm32f4xx_rcc.o(.text) for RCC_AHB1PeriphClockCmd
    remote.o(.text) refers to stm32f4xx_gpio.o(.text) for GPIO_Init
    remote.o(.text) refers to stm32f4xx_tim.o(.text) for TIM_TimeBaseInit
    remote.o(.text) refers to misc.o(.text) for NVIC_Init
    remote.o(.text) refers to remote.o(.data) for RmtSta
    oled.o(.text) refers to stm32f4xx_gpio.o(.text) for GPIO_ResetBits
    oled.o(.text) refers to oled.o(.bss) for OLED_GRAM
    oled.o(.text) refers to oled.o(.constdata) for asc2_0806
    oled.o(.text) refers to stm32f4xx_rcc.o(.text) for RCC_AHB1PeriphClockCmd
    oled.o(.text) refers to delay.o(.text) for delay_ms
    pwm.o(.text) refers to stm32f4xx_rcc.o(.text) for RCC_APB1PeriphClockCmd
    pwm.o(.text) refers to stm32f4xx_gpio.o(.text) for GPIO_PinAFConfig
    pwm.o(.text) refers to stm32f4xx_tim.o(.text) for TIM_TimeBaseInit
    timer.o(.text) refers to stm32f4xx_rcc.o(.text) for RCC_APB1PeriphClockCmd
    timer.o(.text) refers to stm32f4xx_tim.o(.text) for TIM_TimeBaseInit
    timer.o(.text) refers to misc.o(.text) for NVIC_Init
    timer.o(.text) refers to timer.o(.data) for Encoder_Timer_Overflow
    balance.o(.text) refers to stm32f4xx_rcc.o(.text) for RCC_APB1PeriphClockCmd
    balance.o(.text) refers to stm32f4xx_gpio.o(.text) for GPIO_Init
    balance.o(.text) refers to stm32f4xx_tim.o(.text) for TIM_TimeBaseInit
    balance.o(.text) refers to misc.o(.text) for NVIC_Init
    delay.o(.text) refers to misc.o(.text) for SysTick_CLKSourceConfig
    delay.o(.text) refers to delay.o(.data) for fac_us
    usart.o(.rev16_text) refers (Special) to use_no_semi_2.o(.text) for __use_no_semihosting
    usart.o(.revsh_text) refers (Special) to use_no_semi_2.o(.text) for __use_no_semihosting
    usart.o(.text) refers (Special) to use_no_semi_2.o(.text) for __use_no_semihosting
    usart.o(.text) refers to stm32f4xx_rcc.o(.text) for RCC_AHB1PeriphClockCmd
    usart.o(.text) refers to stm32f4xx_gpio.o(.text) for GPIO_PinAFConfig
    usart.o(.text) refers to stm32f4xx_usart.o(.text) for USART_Init
    usart.o(.text) refers to misc.o(.text) for NVIC_Init
    usart.o(.text) refers to usart.o(.data) for USART_RX_STA
    usart.o(.text) refers to usart.o(.bss) for USART_RX_BUF
    usart.o(.bss) refers (Special) to use_no_semi_2.o(.text) for __use_no_semihosting
    usart.o(.data) refers (Special) to use_no_semi_2.o(.text) for __use_no_semihosting
    startup_stm32f40_41xxx.o(STACK) refers (Special) to heapauxi.o(.text) for __use_two_region_memory
    startup_stm32f40_41xxx.o(HEAP) refers (Special) to heapauxi.o(.text) for __use_two_region_memory
    startup_stm32f40_41xxx.o(RESET) refers (Special) to heapauxi.o(.text) for __use_two_region_memory
    startup_stm32f40_41xxx.o(RESET) refers to startup_stm32f40_41xxx.o(STACK) for __initial_sp
    startup_stm32f40_41xxx.o(RESET) refers to startup_stm32f40_41xxx.o(.text) for Reset_Handler
    startup_stm32f40_41xxx.o(RESET) refers to stm32f4xx_it.o(.text) for NMI_Handler
    startup_stm32f40_41xxx.o(RESET) refers to remote.o(.text) for TIM1_UP_TIM10_IRQHandler
[...]
    ../fplib/printf1.s                       0x00000000   Number         0  printf1.o ABSOLUTE
    ../fplib/usenofp.s                       0x00000000   Number         0  usenofp.o ABSOLUTE
    ../mathlib/fpclassify.c                  0x00000000   Number         0  fpclassify.o ABSOLUTE
    ..\CORE\startup_stm32f40_41xxx.s         0x00000000   Number         0  startup_stm32f40_41xxx.o ABSOLUTE
    ..\FWLIB\src\misc.c                      0x00000000   Number         0  misc.o ABSOLUTE
    ..\FWLIB\src\stm32f4xx_fsmc.c            0x00000000   Number         0  stm32f4xx_fsmc.o ABSOLUTE
    ..\FWLIB\src\stm32f4xx_gpio.c            0x00000000   Number         0  stm32f4xx_gpio.o ABSOLUTE
    ..\FWLIB\src\stm32f4xx_rcc.c             0x00000000   Number         0  stm32f4xx_rcc.o ABSOLUTE
    ..\FWLIB\src\stm32f4xx_syscfg.c          0x00000000   Number         0  stm32f4xx_syscfg.o ABSOLUTE
    ..\FWLIB\src\stm32f4xx_tim.c             0x00000000   Number         0  stm32f4xx_tim.o ABSOLUTE
    ..\FWLIB\src\stm32f4xx_usart.c           0x00000000   Number         0  stm32f4xx_usart.o ABSOLUTE
    ..\HARDWARE\Balance\Balance.c            0x00000000   Number         0  balance.o ABSOLUTE
    ..\HARDWARE\LED\led.c                    0x00000000   Number         0  led.o ABSOLUTE
    ..\HARDWARE\OLED\oled.c                  0x00000000   Number         0  oled.o ABSOLUTE
    ..\HARDWARE\PWM\pwm.c                    0x00000000   Number         0  pwm.o ABSOLUTE
    ..\HARDWARE\REMOTE\remote.c              0x00000000   Number         0  remote.o ABSOLUTE
    ..\HARDWARE\TIMER\timer.c                0x00000000   Number         0  timer.o ABSOLUTE
    ..\SYSTEM\delay\delay.c                  0x00000000   Number         0  delay.o ABSOLUTE
    ..\SYSTEM\sys\sys.c                      0x00000000   Number         0  sys.o ABSOLUTE
    ..\SYSTEM\usart\usart.c                  0x00000000   Number         0  usart.o ABSOLUTE
    ..\\FWLIB\\src\\misc.c                   0x00000000   Number         0  misc.o ABSOLUTE
    ..\\FWLIB\\src\\stm32f4xx_fsmc.c         0x00000000   Number         0  stm32f4xx_fsmc.o ABSOLUTE
    ..\\FWLIB\\src\\stm32f4xx_gpio.c         0x00000000   Number         0  stm32f4xx_gpio.o ABSOLUTE
    ..\\FWLIB\\src\\stm32f4xx_rcc.c          0x00000000   Number         0  stm32f4xx_rcc.o ABSOLUTE
    ..\\FWLIB\\src\\stm32f4xx_syscfg.c       0x00000000   Number         0  stm32f4xx_syscfg.o ABSOLUTE
    ..\\FWLIB\\src\\stm32f4xx_tim.c          0x00000000   Number         0  stm32f4xx_tim.o ABSOLUTE
    ..\\FWLIB\\src\\stm32f4xx_usart.c        0x00000000   Number         0  stm32f4xx_usart.o ABSOLUTE
    ..\\HARDWARE\\Balance\\Balance.c         0x00000000   Number         0  balance.o ABSOLUTE
    ..\\HARDWARE\\LED\\led.c                 0x00000000   Number         0  led.o ABSOLUTE
    ..\\HARDWARE\\OLED\\oled.c               0x00000000   Number         0  oled.o ABSOLUTE
    ..\\HARDWARE\\PWM\\pwm.c                 0x00000000   Number         0  pwm.o ABSOLUTE
    ..\\HARDWARE\\REMOTE\\remote.c           0x00000000   Number         0  remote.o ABSOLUTE
    ..\\HARDWARE\\TIMER\\timer.c             0x00000000   Number         0  timer.o ABSOLUTE
    ..\\SYSTEM\\delay\\delay.c               0x00000000   Number         0  delay.o ABSOLUTE
    ..\\SYSTEM\\sys\\sys.c                   0x00000000   Number         0  sys.o ABSOLUTE
    ..\\SYSTEM\\usart\\usart.c               0x00000000   Number         0  usart.o ABSOLUTE
    dc.s                                     0x00000000   Number         0  dc.o ABSOLUTE
    main.c                                   0x00000000   Number         0  main.o ABSOLUTE
    main.c                                   0x00000000   Number         0  main.o ABSOLUTE
    stm32f4xx_it.c                           0x00000000   Number         0  stm32f4xx_it.o ABSOLUTE
    stm32f4xx_it.c                           0x00000000   Number         0  stm32f4xx_it.o ABSOLUTE
    system_stm32f4xx.c                       0x00000000   Number         0  system_stm32f4xx.o ABSOLUTE
    system_stm32f4xx.c                       0x00000000   Number         0  system_stm32f4xx.o ABSOLUTE
    RESET                                    0x08000000   Section      392  startup_stm32f40_41xxx.o(RESET)
    !!!main                                  0x08000188   Section        8  __main.o(!!!main)
    !!!scatter                               0x08000190   Section       52  __scatter.o(!!!scatter)
    !!handler_copy                           0x080001c4   Section       26  __scatter_copy.o(!!handler_copy)
    !!handler_zi                             0x080001e0   Section       28  __scatter_zi.o(!!handler_zi)
    .ARM.Collect$$_printf_percent$$00000000  0x080001fc   Section        0  _printf_percent.o(.ARM.Collect$$_printf_percent$$00000000)
    .ARM.Collect$$_printf_percent$$00000003  0x080001fc   Section        6  _printf_f.o(.ARM.Collect$$_printf_percent$$00000003)
    .ARM.Collect$$_printf_percent$$00000009  0x08000202   Section        6  _printf_d.o(.ARM.Collect$$_printf_percent$$00000009)
    .ARM.Collect$$_printf_percent$$00000017  0x08000208   Section        4  _printf_percent_end.o(.ARM.Collect$$_printf_percent$$00000017)
    .ARM.Collect$$libinit$$00000000          0x0800020c   Section        2  libinit.o(.ARM.Collect$$libinit$$00000000)
    .ARM.Collect$$libinit$$00000001          0x0800020e   Section        4  libinit2.o(.ARM.Collect$$libinit$$00000001)
    .ARM.Collect$$libinit$$00000004          0x08000212   Section        0  libinit2.o(.ARM.Collect$$libinit$$00000004)
    .ARM.Collect$$libinit$$0000000A          0x08000212   Section        0  libinit2.o(.ARM.Collect$$libinit$$0000000A)
    .ARM.Collect$$libinit$$0000000C          0x08000212   Section        0  libinit2.o(.ARM.Collect$$libinit$$0000000C)
    .ARM.Collect$$libinit$$0000000E          0x08000212   Section        0  libinit2.o(.ARM.Collect$$libinit$$0000000E)
    .ARM.Collect$$libinit$$0000000F          0x08000212   Section        6  libinit2.o(.ARM.Collect$$libinit$$0000000F)
    .ARM.Collect$$libinit$$00000011          0x08000218   Section        0  libinit2.o(.ARM.Collect$$libinit$$00000011)
    .ARM.Collect$$libinit$$00000013          0x08000218   Section        0  libinit2.o(.ARM.Collect$$libinit$$00000013)
    .ARM.Collect$$libinit$$00000015          0x08000218   Section        0  libinit2.o(.ARM.Collect$$libinit$$00000015)
    .ARM.Collect$$libinit$$00000016          0x08000218   Section       10  libinit2.o(.ARM.Collect$$libinit$$00000016)
    .ARM.Collect$$libinit$$00000017          0x08000222   Section        0  libinit2.o(.ARM.Collect$$libinit$$00000017)
    .ARM.Collect$$libinit$$00000019          0x08000222   Section        0  libinit2.o(.ARM.Collect$$libinit$$00000019)
    .ARM.Collect$$libinit$$0000001B          0x08000222   Section        0  libinit2.o(.ARM.Collect$$libinit$$0000001B)
    .ARM.Collect$$libinit$$0000001D          0x08000222   Section        0  libinit2.o(.ARM.Collect$$libinit$$0000001D)
    .ARM.Collect$$libinit$$0000001F          0x08000222   Section        0  libinit2.o(.ARM.Collect$$libinit$$0000001F)
    .ARM.Collect$$libinit$$00000021          0x08000222   Section        0  libinit2.o(.ARM.Collect$$libinit$$00000021)
    .ARM.Collect$$libinit$$00000023          0x08000222   Section        0  libinit2.o(.ARM.Collect$$libinit$$00000023)
    .ARM.Collect$$libinit$$00000025          0x08000222   Section        0  libinit2.o(.ARM.Collect$$libinit$$00000025)
    .ARM.Collect$$libinit$$0000002C          0x08000222   Section        0  libinit2.o(.ARM.Collect$$libinit$$0000002C)
    .ARM.Collect$$libinit$$0000002E          0x08000222   Section        0  libinit2.o(.ARM.Collect$$libinit$$0000002E)
    .ARM.Collect$$libinit$$00000030          0x08000222   Section        0  libinit2.o(.ARM.Collect$$libinit$$00000030)
    .ARM.Collect$$libinit$$00000032          0x08000222   Section        0  libinit2.o(.ARM.Collect$$libinit$$00000032)
    .ARM.Collect$$libinit$$00000033          0x08000222   Section        2  libinit2.o(.ARM.Collect$$libinit$$00000033)
    .ARM.Collect$$libshutdown$$00000000      0x08000224   Section        2  libshutdown.o(.ARM.Collect$$libshutdown$$00000000)
    .ARM.Collect$$libshutdown$$00000002      0x08000226   Section        0  libshutdown2.o(.ARM.Collect$$libshutdown$$00000002)
    .ARM.Collect$$libshutdown$$00000004      0x08000226   Section        0  libshutdown2.o(.ARM.Collect$$libshutdown$$00000004)
    .ARM.Collect$$libshutdown$$00000006      0x08000226   Section        0  libshutdown2.o(.ARM.Collect$$libshutdown$$00000006)
    .ARM.Collect$$libshutdown$$00000009      0x08000226   Section        0  libshutdown2.o(.ARM.Collect$$libshutdown$$00000009)
    .ARM.Collect$$libshutdown$$0000000C      0x08000226   Section        0  libshutdown2.o(.ARM.Collect$$libshutdown$$0000000C)
    .ARM.Collect$$libshutdown$$0000000E      0x08000226   Section        0  libshutdown2.o(.ARM.Collect$$libshutdown$$0000000E)
    .ARM.Collect$$libshutdown$$00000011      0x08000226   Section        0  libshutdown2.o(.ARM.Collect$$libshutdown$$00000011)
    .ARM.Collect$$libshutdown$$00000012      0x08000226   Section        2  libshutdown2.o(.ARM.Collect$$libshutdown$$00000012)
    .ARM.Collect$$rtentry$$00000000          0x08000228   Section        0  __rtentry.o(.ARM.Collect$$rtentry$$00000000)
    .ARM.Collect$$rtentry$$00000002          0x08000228   Section        0  __rtentry2.o(.ARM.Collect$$rtentry$$00000002)
    .ARM.Collect$$rtentry$$00000004          0x08000228   Section        6  __rtentry4.o(.ARM.Collect$$rtentry$$00000004)
    .ARM.Collect$$rtentry$$00000009          0x0800022e   Section        0  __rtentry2.o(.ARM.Collect$$rtentry$$00000009)
    .ARM.Collect$$rtentry$$0000000A          0x0800022e   Section        4  __rtentry2.o(.ARM.Collect$$rtentry$$0000000A)
    .ARM.Collect$$rtentry$$0000000C          0x08000232   Section        0  __rtentry2.o(.ARM.Collect$$rtentry$$0000000C)
    .ARM.Collect$$rtentry$$0000000D          0x08000232   Section        8  __rtentry2.o(.ARM.Collect$$rtentry$$0000000D)
    .ARM.Collect$$rtexit$$00000000           0x0800023a   Section        2  rtexit.o(.ARM.Collect$$rtexit$$00000000)
    .ARM.Collect$$rtexit$$00000002           0x0800023c   Section        0  rtexit2.o(.ARM.Collect$$rtexit$$00000002)
    .ARM.Collect$$rtexit$$00000003           0x0800023c   Section        4  rtexit2.o(.ARM.Collect$$rtexit$$00000003)
    .ARM.Collect$$rtexit$$00000004           0x08000240   Section        6  rtexit2.o(.ARM.Collect$$rtexit$$00000004)
    .text                                    0x08000248   Section        0  main.o(.text)
    .text                                    0x080005ac   Section        0  stm32f4xx_it.o(.text)
    .text                                    0x080005c8   Section        0  system_stm32f4xx.o(.text)
    SetSysClock                              0x080005c9   Thumb Code   220  system_stm32f4xx.o(.text)
    .text                                    0x080007d8   Section        0  remote.o(.text)
    .text                                    0x08000ab8   Section        0  oled.o(.text)
    .text                                    0x080014ac   Section        0  pwm.o(.text)
    .text                                    0x080015e4   Section        0  timer.o(.text)
    .text                                    0x08001714   Section        0  balance.o(.text)
    .text                                    0x0800180c   Section        0  delay.o(.text)
    .text                                    0x08001910   Section        0  usart.o(.text)
    .text                                    0x08001a58   Section       64  startup_stm32f40_41xxx.o(.text)
    $v0                                      0x08001a58   Number         0  startup_stm32f40_41xxx.o(.text)
    .text                                    0x08001a98   Section        0  misc.o(.text)
    .text                                    0x08001b78   Section        0  stm32f4xx_gpio.o(.text)
    .text                                    0x08001e0c   Section        0  stm32f4xx_rcc.o(.text)
    .text                                    0x08002468   Section        0  stm32f4xx_usart.o(.text)
    .text                                    0x080028bc   Section        0  stm32f4xx_tim.o(.text)
    TI4_Config                               0x0800305b   Thumb Code    80  stm32f4xx_tim.o(.text)
    TI3_Config                               0x080030bd   Thumb Code    72  stm32f4xx_tim.o(.text)
    TI2_Config                               0x0800311f   Thumb Code    90  stm32f4xx_tim.o(.text)
    TI1_Config                               0x0800318b   Thumb Code    58  stm32f4xx_tim.o(.text)
    .text                                    0x0800355e   Section        2  use_no_semi_2.o(.text)
    .text                                    0x08003560   Section        0  noretval__2printf.o(.text)
    .text                                    0x08003578   Section        0  _printf_dec.o(.text)
    .text                                    0x080035f0   Section        0  __printf_wp.o(.text)
    .text                                    0x080036fe   Section        0  heapauxi.o(.text)
    .text                                    0x08003704   Section        2  use_no_semi.o(.text)
    .text                                    0x08003706   Section        0  _printf_intcommon.o(.text)
    .text                                    0x080037b8   Section        0  _printf_fp_dec.o(.text)
    _fp_digits                               0x080037bb   Thumb Code   432  _printf_fp_dec.o(.text)
    .text                                    0x08003bd8   Section        0  _printf_char_file.o(.text)
    .text                                    0x08003bfc   Section        8  rt_locale_intlibspace.o(.text)
    .text                                    0x08003c04   Section      138  lludiv10.o(.text)
    .text                                    0x08003c90   Section        0  _printf_char_common.o(.text)
    _printf_input_char                       0x08003c91   Thumb Code    10  _printf_char_common.o(.text)
    .text                                    0x08003cc0   Section        0  _printf_fp_infnan.o(.text)
    .text                                    0x08003d40   Section        0  bigflt0.o(.text)
    .text                                    0x08003e24   Section        0  ferror.o(.text)
    .text                                    0x08003e2c   Section        8  libspace.o(.text)
    .text                                    0x08003e34   Section       74  sys_stackheap_outer.o(.text)
    .text                                    0x08003e7e   Section        0  exit.o(.text)
    .text                                    0x08003e90   Section      128  strcmpv7m.o(.text)
    CL$$btod_d2e                             0x08003f10   Section       62  btod.o(CL$$btod_d2e)
    CL$$btod_d2e_denorm_low                  0x08003f4e   Section       70  btod.o(CL$$btod_d2e_denorm_low)
    CL$$btod_d2e_norm_op1                    0x08003f94   Section       96  btod.o(CL$$btod_d2e_norm_op1)
    CL$$btod_div_common                      0x08003ff4   Section      824  btod.o(CL$$btod_div_common)
    CL$$btod_e2e                             0x0800432c   Section      220  btod.o(CL$$btod_e2e)
    CL$$btod_ediv                            0x08004408   Section       42  btod.o(CL$$btod_ediv)
    CL$$btod_emul                            0x08004432   Section       42  btod.o(CL$$btod_emul)
    CL$$btod_mult_common                     0x0800445c   Section      580  btod.o(CL$$btod_mult_common)
    i.__ARM_fpclassify                       0x080046a0   Section        0  fpclassify.o(i.__ARM_fpclassify)
    i._is_digit                              0x080046d0   Section        0  __printf_wp.o(i._is_digit)
    locale$$code                             0x080046e0   Section       44  lc_numeric_c.o(locale$$code)
    x$fpl$d2f                                0x0800470c   Section       98  d2f.o(x$fpl$d2f)
    $v0                                      0x0800470c   Number         0  d2f.o(x$fpl$d2f)
    x$fpl$ddiv                               0x08004770   Section      688  ddiv.o(x$fpl$ddiv)
    $v0                                      0x08004770   Number         0  ddiv.o(x$fpl$ddiv)
    ddiv_entry                               0x08004777   Thumb Code     0  ddiv.o(x$fpl$ddiv)
    x$fpl$dflt                               0x08004a20   Section       46  dflt_clz.o(x$fpl$dflt)
    $v0                                      0x08004a20   Number         0  dflt_clz.o(x$fpl$dflt)
    x$fpl$dmul                               0x08004a50   Section      340  dmul.o(x$fpl$dmul)
    $v0                                      0x08004a50   Number         0  dmul.o(x$fpl$dmul)
    x$fpl$dnaninf                            0x08004ba4   Section      156  dnaninf.o(x$fpl$dnaninf)
    $v0                                      0x08004ba4   Number         0  dnaninf.o(x$fpl$dnaninf)
    x$fpl$dretinf                            0x08004c40   Section       12  dretinf.o(x$fpl$dretinf)
    $v0                                      0x08004c40   Number         0  dretinf.o(x$fpl$dretinf)
    x$fpl$f2d                                0x08004c4c   Section       86  f2d.o(x$fpl$f2d)
    $v0                                      0x08004c4c   Number         0  f2d.o(x$fpl$f2d)
    x$fpl$fnaninf                            0x08004ca2   Section      140  fnaninf.o(x$fpl$fnaninf)
    $v0                                      0x08004ca2   Number         0  fnaninf.o(x$fpl$fnaninf)
    x$fpl$fpinit                             0x08004d2e   Section       10  fpinit.o(x$fpl$fpinit)
    $v0                                      0x08004d2e   Number         0  fpinit.o(x$fpl$fpinit)
    x$fpl$fretinf                            0x08004d38   Section       10  fretinf.o(x$fpl$fretinf)
    $v0                                      0x08004d38   Number         0  fretinf.o(x$fpl$fretinf)
    x$fpl$printf1                            0x08004d42   Section        4  printf1.o(x$fpl$printf1)
    $v0                                      0x08004d42   Number         0  printf1.o(x$fpl$printf1)
    .constdata                               0x08004d46   Section     7696  oled.o(.constdata)
    x$fpl$usenofp                            0x08004d46   Section        0  usenofp.o(x$fpl$usenofp)
    .constdata                               0x08006b58   Section      148  bigflt0.o(.constdata)
    tenpwrs_x                                0x08006b58   Data          60  bigflt0.o(.constdata)
    tenpwrs_i                                0x08006b94   Data          64  bigflt0.o(.constdata)
    locale$$data                             0x08006c0c   Section       28  lc_numeric_c.o(locale$$data)
    __lcnum_c_name                           0x08006c10   Data           2  lc_numeric_c.o(locale$$data)
    __lcnum_c_start                          0x08006c18   Data           0  lc_numeric_c.o(locale$$data)
    __lcnum_c_point                          0x08006c24   Data           0  lc_numeric_c.o(locale$$data)
    __lcnum_c_thousands                      0x08006c26   Data           0  lc_numeric_c.o(locale$$data)
    __lcnum_c_grouping                       0x08006c27   Data           0  lc_numeric_c.o(locale$$data)
    __lcnum_c_end                            0x08006c28   Data           0  lc_numeric_c.o(locale$$data)
    .data                                    0x20000000   Section       16  main.o(.data)
    .data                                    0x20000010   Section       20  system_stm32f4xx.o(.data)
    .data                                    0x20000024   Section        9  remote.o(.data)
    .data                                    0x20000030   Section        8  timer.o(.data)
    .data                                    0x20000038   Section        4  delay.o(.data)
    fac_us                                   0x20000038   Data           1  delay.o(.data)
    fac_ms                                   0x2000003a   Data           2  delay.o(.data)
    .data                                    0x2000003c   Section        6  usart.o(.data)
    .data                                    0x20000042   Section       16  stm32f4xx_rcc.o(.data)
    APBAHBPrescTable                         0x20000042   Data          16  stm32f4xx_rcc.o(.data)
    .bss                                     0x20000054   Section     1152  oled.o(.bss)
    .bss                                     0x200004d4   Section      200  usart.o(.bss)
    .bss                                     0x2000059c   Section       96  libspace.o(.bss)
    HEAP                                     0x20000600   Section      512  startup_stm32f40_41xxx.o(HEAP)
    Heap_Mem                                 0x20000600   Data         512  startup_stm32f40_41xxx.o(HEAP)
    STACK                                    0x20000800   Section     1024  startup_stm32f40_41xxx.o(STACK)
    Stack_Mem                                0x20000800   Data        1024  startup_stm32f40_41xxx.o(STACK)
    __initial_sp                             0x20000c00   Data           0  startup_stm32f40_41xxx.o(STACK)

    Global Symbols

    Symbol Name                              Value     Ov Type        Size  Object(Section)

    BuildAttributes$$THM_ISAv4$E$P$D$K$B$S$7EM$VFPi3$EXTD16$VFPS$VFMA$PE$A:L22UL41UL21$X:L11$S22US41US21$IEEE1$IW$USESV6$~STKCKD$USESV7$~SHL$OTIME$ROPI$IEEEJ$EBA8$UX$STANDARDLIB$REQ8$PRES8$EABIv2 0x00000000   Number         0  anon$$obj.o ABSOLUTE
    __ARM_use_no_argv                        0x00000000   Number         0  main.o ABSOLUTE
    _printf_flags                            0x00000000   Number         0  printf_stubs.o ABSOLUTE
    _printf_return_value                     0x00000000   Number         0  printf_stubs.o ABSOLUTE
    _printf_sizespec                         0x00000000   Number         0  printf_stubs.o ABSOLUTE
    _printf_widthprec                        0x00000000   Number         0  printf_stubs.o ABSOLUTE
    __ARM_exceptions_init                     - Undefined Weak Reference
    __alloca_initialize                       - Undefined Weak Reference
    __arm_fini_                               - Undefined Weak Reference
    __arm_preinit_                            - Undefined Weak Reference
    __cpp_initialize__aeabi_                  - Undefined Weak Reference
    __cxa_finalize                            - Undefined Weak Reference
    __sigvec_lookup                           - Undefined Weak Reference
    _atexit_init                              - Undefined Weak Reference
    _call_atexit_fns                          - Undefined Weak Reference
    _clock_init                               - Undefined Weak Reference
    _fp_trap_init                             - Undefined Weak Reference
    _fp_trap_shutdown                         - Undefined Weak Reference
    _get_lc_collate                           - Undefined Weak Reference
    _get_lc_ctype                             - Undefined Weak Reference
    _get_lc_monetary                          - Undefined Weak Reference
    _get_lc_time                              - Undefined Weak Reference
    _getenv_init                              - Undefined Weak Reference
    _handle_redirection                       - Undefined Weak Reference
    _init_alloc                               - Undefined Weak Reference
    _init_user_alloc                          - Undefined Weak Reference
    _initio                                   - Undefined Weak Reference
    _mutex_acquire                            - Undefined Weak Reference
    _mutex_release                            - Undefined Weak Reference
    _printf_post_padding                      - Undefined Weak Reference
    _printf_pre_padding                       - Undefined Weak Reference
    _printf_truncate_signed                   - Undefined Weak Reference
    _printf_truncate_unsigned                 - Undefined Weak Reference
    _rand_init                                - Undefined Weak Reference
    _signal_finish                            - Undefined Weak Reference
    _signal_init                              - Undefined Weak Reference
    _terminate_alloc                          - Undefined Weak Reference
    _terminate_user_alloc                     - Undefined Weak Reference
    _terminateio                              - Undefined Weak Reference
    __Vectors_Size                           0x00000188   Number         0  startup_stm32f40_41xxx.o ABSOLUTE
    __Vectors                                0x08000000   Data           4  startup_stm32f40_41xxx.o(RESET)
    __Vectors_End                            0x08000188   Data           0  startup_stm32f40_41xxx.o(RESET)
    __main                                   0x08000189   Thumb Code     8  __main.o(!!!main)
    __scatterload                            0x08000191   Thumb Code     0  __scatter.o(!!!scatter)
    __scatterload_rt2                        0x08000191   Thumb Code    44  __scatter.o(!!!scatter)
    __scatterload_rt2_thumb_only             0x08000191   Thumb Code     0  __scatter.o(!!!scatter)
    __scatterload_null                       0x0800019f   Thumb Code     0  __scatter.o(!!!scatter)
    __scatterload_copy                       0x080001c5   Thumb Code    26  __scatter_copy.o(!!handler_copy)
    __scatterload_zeroinit                   0x080001e1   Thumb Code    28  __scatter_zi.o(!!handler_zi)
    _printf_f                                0x080001fd   Thumb Code     0  _printf_f.o(.ARM.Collect$$_printf_percent$$00000003)
    _printf_percent                          0x080001fd   Thumb Code     0  _printf_percent.o(.ARM.Collect$$_printf_percent$$00000000)
    _printf_d                                0x08000203   Thumb Code     0  _printf_d.o(.ARM.Collect$$_printf_percent$$00000009)
    _printf_percent_end                      0x08000209   Thumb Code     0  _printf_percent_end.o(.ARM.Collect$$_printf_percent$$00000017)
    __rt_lib_init                            0x0800020d   Thumb Code     0  libinit.o(.ARM.Collect$$libinit$$00000000)
    __rt_lib_init_fp_1                       0x0800020f   Thumb Code     0  libinit2.o(.ARM.Collect$$libinit$$00000001)
    __rt_lib_init_heap_1                     0x08000213   Thumb Code     0  libinit2.o(.ARM.Collect$$libinit$$0000000A)
    __rt_lib_init_lc_common                  0x08000213   Thumb Code     0  libinit2.o(.ARM.Collect$$libinit$$0000000F)
    __rt_lib_init_preinit_1                  0x08000213   Thumb Code     0  libinit2.o(.ARM.Collect$$libinit$$00000004)
    __rt_lib_init_rand_1                     0x08000213   Thumb Code     0  libinit2.o(.ARM.Collect$$libinit$$0000000E)
    __rt_lib_init_user_alloc_1               0x08000213   Thumb Code     0  libinit2.o(.ARM.Collect$$libinit$$0000000C)
    __rt_lib_init_lc_collate_1               0x08000219   Thumb Code     0  libinit2.o(.ARM.Collect$$libinit$$00000011)
    __rt_lib_init_lc_ctype_1                 0x08000219   Thumb Code     0  libinit2.o(.ARM.Collect$$libinit$$00000013)
    __rt_lib_init_lc_monetary_1              0x08000219   Thumb Code     0  libinit2.o(.ARM.Collect$$libinit$$00000015)
    __rt_lib_init_lc_numeric_2               0x08000219   Thumb Code     0  libinit2.o(.ARM.Collect$$libinit$$00000016)
    __rt_lib_init_alloca_1                   0x08000223   Thumb Code     0  libinit2.o(.ARM.Collect$$libinit$$0000002E)
    __rt_lib_init_argv_1                     0x08000223   Thumb Code     0  libinit2.o(.ARM.Collect$$libinit$$0000002C)
    __rt_lib_init_atexit_1                   0x08000223   Thumb Code     0  libinit2.o(.ARM.Collect$$libinit$$0000001B)
    __rt_lib_init_clock_1                    0x08000223   Thumb Code     0  libinit2.o(.ARM.Collect$$libinit$$00000021)
    __rt_lib_init_cpp_1                      0x08000223   Thumb Code     0  libinit2.o(.ARM.Collect$$libinit$$00000032)
    __rt_lib_init_exceptions_1               0x08000223   Thumb Code     0  libinit2.o(.ARM.Collect$$libinit$$00000030)
    __rt_lib_init_fp_trap_1                  0x08000223   Thumb Code     0  libinit2.o(.ARM.Collect$$libinit$$0000001F)
    __rt_lib_init_getenv_1                   0x08000223   Thumb Code     0  libinit2.o(.ARM.Collect$$libinit$$00000023)
    __rt_lib_init_lc_numeric_1               0x08000223   Thumb Code     0  libinit2.o(.ARM.Collect$$libinit$$00000017)
    __rt_lib_init_lc_time_1                  0x08000223   Thumb Code     0  libinit2.o(.ARM.Collect$$libinit$$00000019)
    __rt_lib_init_return                     0x08000223   Thumb Code     0  libinit2.o(.ARM.Collect$$libinit$$00000033)
    __rt_lib_init_signal_1                   0x08000223   Thumb Code     0  libinit2.o(.ARM.Collect$$libinit$$0000001D)
    __rt_lib_init_stdio_1                    0x08000223   Thumb Code     0  libinit2.o(.ARM.Collect$$libinit$$00000025)
    __rt_lib_shutdown                        0x08000225   Thumb Code     0  libshutdown.o(.ARM.Collect$$libshutdown$$00000000)
    __rt_lib_shutdown_cpp_1                  0x08000227   Thumb Code     0  libshutdown2.o(.ARM.Collect$$libshutdown$$00000004)
    __rt_lib_shutdown_fini_1                 0x08000227   Thumb Code     0  libshutdown2.o(.ARM.Collect$$libshutdown$$00000002)
    __rt_lib_shutdown_fp_trap_1              0x08000227   Thumb Code     0  libshutdown2.o(.ARM.Collect$$libshutdown$$00000009)
    __rt_lib_shutdown_heap_1                 0x08000227   Thumb Code     0  libshutdown2.o(.ARM.Collect$$libshutdown$$00000011)
    __rt_lib_shutdown_return                 0x08000227   Thumb Code     0  libshutdown2.o(.ARM.Collect$$libshutdown$$00000012)
    __rt_lib_shutdown_signal_1               0x08000227   Thumb Code     0  libshutdown2.o(.ARM.Collect$$libshutdown$$0000000C)
    __rt_lib_shutdown_stdio_1                0x08000227   Thumb Code     0  libshutdown2.o(.ARM.Collect$$libshutdown$$00000006)
    __rt_lib_shutdown_user_alloc_1           0x08000227   Thumb Code     0  libshutdown2.o(.ARM.Collect$$libshutdown$$0000000E)
    __rt_entry                               0x08000229   Thumb Code     0  __rtentry.o(.ARM.Collect$$rtentry$$00000000)
    __rt_entry_presh_1                       0x08000229   Thumb Code     0  __rtentry2.o(.ARM.Collect$$rtentry$$00000002)
    __rt_entry_sh                            0x08000229   Thumb Code     0  __rtentry4.o(.ARM.Collect$$rtentry$$00000004)
    __rt_entry_li                            0x0800022f   Thumb Code     0  __rtentry2.o(.ARM.Collect$$rtentry$$0000000A)
    __rt_entry_postsh_1                      0x0800022f   Thumb Code     0  __rtentry2.o(.ARM.Collect$$rtentry$$00000009)
    __rt_entry_main                          0x08000233   Thumb Code     0  __rtentry2.o(.ARM.Collect$$rtentry$$0000000D)
    __rt_entry_postli_1                      0x08000233   Thumb Code     0  __rtentry2.o(.ARM.Collect$$rtentry$$0000000C)
    __rt_exit                                0x0800023b   Thumb Code     0  rtexit.o(.ARM.Collect$$rtexit$$00000000)
    __rt_exit_ls                             0x0800023d   Thumb Code     0  rtexit2.o(.ARM.Collect$$rtexit$$00000003)
    __rt_exit_prels_1                        0x0800023d   Thumb Code     0  rtexit2.o(.ARM.Collect$$rtexit$$00000002)
    __rt_exit_exit                           0x08000241   Thumb Code     0  rtexit2.o(.ARM.Collect$$rtexit$$00000004)
    TIM5_IRQHandler                          0x08000249   Thumb Code   170  main.o(.text)
    main                                     0x080002f3   Thumb Code   486  main.o(.text)
    NMI_Handler                              0x080005ad   Thumb Code     2  stm32f4xx_it.o(.text)
    HardFault_Handler                        0x080005af   Thumb Code     4  stm32f4xx_it.o(.text)
    MemManage_Handler                        0x080005b3   Thumb Code     4  stm32f4xx_it.o(.text)
    BusFault_Handler                         0x080005b7   Thumb Code     4  stm32f4xx_it.o(.text)
    UsageFault_Handler                       0x080005bb   Thumb Code     4  stm32f4xx_it.o(.text)
    SVC_Handler                              0x080005bf   Thumb Code     2  stm32f4xx_it.o(.text)
    DebugMon_Handler                         0x080005c1   Thumb Code     2  stm32f4xx_it.o(.text)
    PendSV_Handler                           0x080005c3   Thumb Code     2  stm32f4xx_it.o(.text)
    SysTick_Handler                          0x080005c5   Thumb Code     2  stm32f4xx_it.o(.text)
    SystemInit                               0x080006a5   Thumb Code    88  system_stm32f4xx.o(.text)
    SystemCoreClockUpdate                    0x080006fd   Thumb Code   174  system_stm32f4xx.o(.text)
    Remote_Init                              0x080007d9   Thumb Code   218  remote.o(.text)
    TIM1_UP_TIM10_IRQHandler                 0x080008b3   Thumb Code   112  remote.o(.text)
    TIM1_CC_IRQHandler                       0x08000923   Thumb Code   286  remote.o(.text)
    Remote_Scan                              0x08000a41   Thumb Code    92  remote.o(.text)
    IIC_delay                                0x08000ab9   Thumb Code    16  oled.o(.text)
    I2C_Stop                                 0x08000ac9   Thumb Code    32  oled.o(.text)
    I2C_WaitAck                              0x08000ae9   Thumb Code    40  oled.o(.text)
    Send_Byte                                0x08000b11   Thumb Code    70  oled.o(.text)
    I2C_Start                                0x08000b57   Thumb Code    48  oled.o(.text)
    OLED_WR_Byte                             0x08000b87   Thumb Code    56  oled.o(.text)
    OLED_ColorTurn                           0x08000bbf   Thumb Code    28  oled.o(.text)
    OLED_DisplayTurn                         0x08000bdb   Thumb Code    44  oled.o(.text)
    OLED_DisPlay_On                          0x08000c07   Thumb Code    28  oled.o(.text)
    OLED_DisPlay_Off                         0x08000c23   Thumb Code    28  oled.o(.text)
    OLED_Refresh                             0x08000c3f   Thumb Code   100  oled.o(.text)
    OLED_Clear                               0x08000ca3   Thumb Code    42  oled.o(.text)
    OLED_DrawPoint                           0x08000ccd   Thumb Code   114  oled.o(.text)
    OLED_DrawLine                            0x08000d3f   Thumb Code   172  oled.o(.text)
    OLED_DrawCircle                          0x08000deb   Thumb Code   168  oled.o(.text)
    OLED_ShowChar                            0x08000e93   Thumb Code   310  oled.o(.text)
    OLED_ShowString                          0x08000fc9   Thumb Code    74  oled.o(.text)
    OLED_Pow                                 0x08001013   Thumb Code    22  oled.o(.text)
    OLED_ShowNum                             0x08001029   Thumb Code   140  oled.o(.text)
    OLED_ShowChinese                         0x080010b5   Thumb Code   244  oled.o(.text)
    OLED_ScrollDisplay                       0x080011a9   Thumb Code   168  oled.o(.text)
    OLED_ShowPicture                         0x08001251   Thumb Code   252  oled.o(.text)
    OLED_Init                                0x0800134d   Thumb Code   348  oled.o(.text)
    TIM14_PWM_Init                           0x080014ad   Thumb Code   150  pwm.o(.text)
    TIM13_PWM_Init                           0x08001543   Thumb Code   150  pwm.o(.text)
    TIM3_Int_Init                            0x080015e5   Thumb Code    86  timer.o(.text)
    TIM5_Int_Init                            0x0800163b   Thumb Code    86  timer.o(.text)
    TIM4_IRQHandler                          0x08001691   Thumb Code    34  timer.o(.text)
    Read_Encoder                             0x080016b3   Thumb Code    76  timer.o(.text)
    Encoder_Init_TIM4                        0x08001715   Thumb Code   240  balance.o(.text)
    delay_init                               0x0800180d   Thumb Code    52  delay.o(.text)
    delay_us                                 0x08001841   Thumb Code    72  delay.o(.text)
    delay_xms                                0x08001889   Thumb Code    72  delay.o(.text)
    delay_ms                                 0x080018d1   Thumb Code    56  delay.o(.text)
    _sys_exit                                0x08001911   Thumb Code     4  usart.o(.text)
    fputc                                    0x08001915   Thumb Code    22  usart.o(.text)
    uart_init                                0x0800192b   Thumb Code   164  usart.o(.text)
    USART1_IRQHandler                        0x080019cf   Thumb Code   122  usart.o(.text)
    Reset_Handler                            0x08001a59   Thumb Code     8  startup_stm32f40_41xxx.o(.text)
    ADC_IRQHandler                           0x08001a73   Thumb Code     0  startup_stm32f40_41xxx.o(.text)
    CAN1_RX0_IRQHandler                      0x08001a73   Thumb Code     0  startup_stm32f40_41xxx.o(.text)
    CAN1_RX1_IRQHandler                      0x08001a73   Thumb Code     0  startup_stm32f40_41xxx.o(.text)
    CAN1_SCE_IRQHandler                      0x08001a73   Thumb Code     0  startup_stm32f40_41xxx.o(.text)
    CAN1_TX_IRQHandler                       0x08001a73   Thumb Code     0  startup_stm32f40_41xxx.o(.text)
    CAN2_RX0_IRQHandler                      0x08001a73   Thumb Code     0  startup_stm32f40_41xxx.o(.text)
    CAN2_RX1_IRQHandler                      0x08001a73   Thumb Code     0  startup_stm32f40_41xxx.o(.text)
    CAN2_SCE_IRQHandler                      0x08001a73   Thumb Code     0  startup_stm32f40_41xxx.o(.text)
    CAN2_TX_IRQHandler                       0x08001a73   Thumb Code     0  startup_stm32f40_41xxx.o(.text)
    CRYP_IRQHandler                          0x08001a73   Thumb Code     0  startup_stm32f40_41xxx.o(.text)
    DCMI_IRQHandler                          0x08001a73   Thumb Code     0  startup_stm32f40_41xxx.o(.text)
    DMA1_Stream0_IRQHandler                  0x08001a73   Thumb Code     0  startup_stm32f40_41xxx.o(.text)
    DMA1_Stream1_IRQHandler                  0x08001a73   Thumb Code     0  startup_stm32f40_41xxx.o(.text)
    DMA1_Stream2_IRQHandler                  0x08001a73   Thumb Code     0  startup_stm32f40_41xxx.o(.text)
    DMA1_Stream3_IRQHandler                  0x08001a73   Thumb Code     0  startup_stm32f40_41xxx.o(.text)
    DMA1_Stream4_IRQHandler                  0x08001a73   Thumb Code     0  startup_stm32f40_41xxx.o(.text)
    DMA1_Stream5_IRQHandler                  0x08001a73   Thumb Code     0  startup_stm32f40_41xxx.o(.text)
    DMA1_Stream6_IRQHandler                  0x08001a73   Thumb Code     0  startup_stm32f40_41xxx.o(.text)
    DMA1_Stream7_IRQHandler                  0x08001a73   Thumb Code     0  startup_stm32f40_41xxx.o(.text)
    DMA2_Stream0_IRQHandler                  0x08001a73   Thumb Code     0  startup_stm32f40_41xxx.o(.text)
    DMA2_Stream1_IRQHandler                  0x08001a73   Thumb Code     0  startup_stm32f40_41xxx.o(.text)
    DMA2_Stream2_IRQHandler                  0x08001a73   Thumb Code     0  startup_stm32f40_41xxx.o(.text)
    DMA2_Stream3_IRQHandler                  0x08001a73   Thumb Code     0  startup_stm32f40_41xxx.o(.text)
    DMA2_Stream4_IRQHandler                  0x08001a73   Thumb Code     0  startup_stm32f40_41xxx.o(.text)
    DMA2_Stream5_IRQHandler                  0x08001a73   Thumb Code     0  startup_stm32f40_41xxx.o(.text)
    DMA2_Stream6_IRQHandler                  0x08001a73   Thumb Code     0  startup_stm32f40_41xxx.o(.text)
    DMA2_Stream7_IRQHandler                  0x08001a73   Thumb Code     0  startup_stm32f40_41xxx.o(.text)
    ETH_IRQHandler                           0x08001a73   Thumb Code     0  startup_stm32f40_41xxx.o(.text)
    ETH_WKUP_IRQHandler                      0x08001a73   Thumb Code     0  startup_stm32f40_41xxx.o(.text)
    EXTI0_IRQHandler                         0x08001a73   Thumb Code     0  startup_stm32f40_41xxx.o(.text)
    EXTI15_10_IRQHandler                     0x08001a73   Thumb Code     0  startup_stm32f40_41xxx.o(.text)
    EXTI1_IRQHandler                         0x08001a73   Thumb Code     0  startup_stm32f40_41xxx.o(.text)
    EXTI2_IRQHandler                         0x08001a73   Thumb Code     0  startup_stm32f40_41xxx.o(.text)
    EXTI3_IRQHandler                         0x08001a73   Thumb Code     0  startup_stm32f40_41xxx.o(.text)
    EXTI4_IRQHandler                         0x08001a73   Thumb Code     0  startup_stm32f40_41xxx.o(.text)
    EXTI9_5_IRQHandler                       0x08001a73   Thumb Code     0  startup_stm32f40_41xxx.o(.text)
    FLASH_IRQHandler                         0x08001a73   Thumb Code     0  startup_stm32f40_41xxx.o(.text)
    FPU_IRQHandler                           0x08001a73   Thumb Code     0  startup_stm32f40_41xxx.o(.text)
    FSMC_IRQHandler                          0x08001a73   Thumb Code     0  startup_stm32f40_41xxx.o(.text)
    HASH_RNG_IRQHandler                      0x08001a73   Thumb Code     0  startup_stm32f40_41xxx.o(.text)
    I2C1_ER_IRQHandler                       0x08001a73   Thumb Code     0  startup_stm32f40_41xxx.o(.text)
    I2C1_EV_IRQHandler                       0x08001a73   Thumb Code     0  startup_stm32f40_41xxx.o(.text)
    I2C2_ER_IRQHandler                       0x08001a73   Thumb Code     0  startup_stm32f40_41xxx.o(.text)
    I2C2_EV_IRQHandler                       0x08001a73   Thumb Code     0  startup_stm32f40_41xxx.o(.text)
    I2C3_ER_IRQHandler                       0x08001a73   Thumb Code     0  startup_stm32f40_41xxx.o(.text)
    I2C3_EV_IRQHandler                       0x08001a73   Thumb Code     0  startup_stm32f40_41xxx.o(.text)
    OTG_FS_IRQHandler                        0x08001a73   Thumb Code     0  startup_stm32f40_41xxx.o(.text)
    OTG_FS_WKUP_IRQHandler                   0x08001a73   Thumb Code     0  startup_stm32f40_41xxx.o(.text)
    OTG_HS_EP1_IN_IRQHandler                 0x08001a73   Thumb Code     0  startup_stm32f40_41xxx.o(.text)
    OTG_HS_EP1_OUT_IRQHandler                0x08001a73   Thumb Code     0  startup_stm32f40_41xxx.o(.text)
    OTG_HS_IRQHandler                        0x08001a73   Thumb Code     0  startup_stm32f40_41xxx.o(.text)
    OTG_HS_WKUP_IRQHandler                   0x08001a73   Thumb Code     0  startup_stm32f40_41xxx.o(.text)
    PVD_IRQHandler                           0x08001a73   Thumb Code     0  startup_stm32f40_41xxx.o(.text)
    RCC_IRQHandler                           0x08001a73   Thumb Code     0  startup_stm32f40_41xxx.o(.text)
    RTC_Alarm_IRQHandler                     0x08001a73   Thumb Code     0  startup_stm32f40_41xxx.o(.text)
    RTC_WKUP_IRQHandler                      0x08001a73   Thumb Code     0  startup_stm32f40_41xxx.o(.text)
    SDIO_IRQHandler                          0x08001a73   Thumb Code     0  startup_stm32f40_41xxx.o(.text)
    SPI1_IRQHandler                          0x08001a73   Thumb Code     0  startup_stm32f40_41xxx.o(.text)
    SPI2_IRQHandler                          0x08001a73   Thumb Code     0  startup_stm32f40_41xxx.o(.text)
    SPI3_IRQHandler                          0x08001a73   Thumb Code     0  startup_stm32f40_41xxx.o(.text)
    TAMP_STAMP_IRQHandler                    0x08001a73   Thumb Code     0  startup_stm32f40_41xxx.o(.text)
    TIM1_BRK_TIM9_IRQHandler                 0x08001a73   Thumb Code     0  startup_stm32f40_41xxx.o(.text)
    TIM1_TRG_COM_TIM11_IRQHandler            0x08001a73   Thumb Code     0  startup_stm32f40_41xxx.o(.text)
    TIM2_IRQHandler                          0x08001a73   Thumb Code     0  startup_stm32f40_41xxx.o(.text)
    TIM3_IRQHandler                          0x08001a73   Thumb Code     0  startup_stm32f40_41xxx.o(.text)
    TIM6_DAC_IRQHandler                      0x08001a73   Thumb Code     0  startup_stm32f40_41xxx.o(.text)
    TIM7_IRQHandler                          0x08001a73   Thumb Code     0  startup_stm32f40_41xxx.o(.text)
    TIM8_BRK_TIM12_IRQHandler                0x08001a73   Thumb Code     0  startup_stm32f40_41xxx.o(.text)
    TIM8_CC_IRQHandler                       0x08001a73   Thumb Code     0  startup_stm32f40_41xxx.o(.text)
    TIM8_TRG_COM_TIM14_IRQHandler            0x08001a73   Thumb Code     0  startup_stm32f40_41xxx.o(.text)
    TIM8_UP_TIM13_IRQHandler                 0x08001a73   Thumb Code     0  startup_stm32f40_41xxx.o(.text)
    UART4_IRQHandler                         0x08001a73   Thumb Code     0  startup_stm32f40_41xxx.o(.text)
    UART5_IRQHandler                         0x08001a73   Thumb Code     0  startup_stm32f40_41xxx.o(.text)
    USART2_IRQHandler                        0x08001a73   Thumb Code     0  startup_stm32f40_41xxx.o(.text)
    USART3_IRQHandler                        0x08001a73   Thumb Code     0  startup_stm32f40_41xxx.o(.text)
    USART6_IRQHandler                        0x08001a73   Thumb Code     0  startup_stm32f40_41xxx.o(.text)
    WWDG_IRQHandler                          0x08001a73   Thumb Code     0  startup_stm32f40_41xxx.o(.text)
    __user_initial_stackheap                 0x08001a75   Thumb Code     0  startup_stm32f40_41xxx.o(.text)
    NVIC_PriorityGroupConfig                 0x08001a99   Thumb Code    10  misc.o(.text)
    NVIC_Init                                0x08001aa3   Thumb Code   106  misc.o(.text)
    NVIC_SetVectorTable                      0x08001b0d   Thumb Code    14  misc.o(.text)
    NVIC_SystemLPConfig                      0x08001b1b   Thumb Code    34  misc.o(.text)
    SysTick_CLKSourceConfig                  0x08001b3d   Thumb Code    40  misc.o(.text)
    GPIO_DeInit                              0x08001b79   Thumb Code   268  stm32f4xx_gpio.o(.text)
    GPIO_Init                                0x08001c85   Thumb Code   144  stm32f4xx_gpio.o(.text)
    GPIO_StructInit                          0x08001d15   Thumb Code    18  stm32f4xx_gpio.o(.text)
    GPIO_PinLockConfig                       0x08001d27   Thumb Code    34  stm32f4xx_gpio.o(.text)
    GPIO_ReadInputDataBit                    0x08001d49   Thumb Code    18  stm32f4xx_gpio.o(.text)
    GPIO_ReadInputData                       0x08001d5b   Thumb Code     8  stm32f4xx_gpio.o(.text)
    GPIO_ReadOutputDataBit                   0x08001d63   Thumb Code    18  stm32f4xx_gpio.o(.text)
    GPIO_ReadOutputData                      0x08001d75   Thumb Code     8  stm32f4xx_gpio.o(.text)
    GPIO_SetBits                             0x08001d7d   Thumb Code     4  stm32f4xx_gpio.o(.text)
    GPIO_ResetBits                           0x08001d81   Thumb Code     4  stm32f4xx_gpio.o(.text)
    GPIO_WriteBit                            0x08001d85   Thumb Code    10  stm32f4xx_gpio.o(.text)
    GPIO_Write                               0x08001d8f   Thumb Code     4  stm32f4xx_gpio.o(.text)
    GPIO_ToggleBits                          0x08001d93   Thumb Code     8  stm32f4xx_gpio.o(.text)
    GPIO_PinAFConfig                         0x08001d9b   Thumb Code    70  stm32f4xx_gpio.o(.text)
    RCC_DeInit                               0x08001e0d   Thumb Code    82  stm32f4xx_rcc.o(.text)
    RCC_HSEConfig                            0x08001e5f   Thumb Code    14  stm32f4xx_rcc.o(.text)
    RCC_GetFlagStatus                        0x08001e6d   Thumb Code    60  stm32f4xx_rcc.o(.text)
    RCC_WaitForHSEStartUp                    0x08001ea9   Thumb Code    56  stm32f4xx_rcc.o(.text)
    RCC_AdjustHSICalibrationValue            0x08001ee1   Thumb Code    20  stm32f4xx_rcc.o(.text)
    RCC_HSICmd                               0x08001ef5   Thumb Code     6  stm32f4xx_rcc.o(.text)
    RCC_LSEConfig                            0x08001efb   Thumb Code    46  stm32f4xx_rcc.o(.text)
    RCC_LSICmd                               0x08001f29   Thumb Code     6  stm32f4xx_rcc.o(.text)
    RCC_PLLConfig                            0x08001f2f   Thumb Code    32  stm32f4xx_rcc.o(.text)
    RCC_PLLCmd                               0x08001f4f   Thumb Code     6  stm32f4xx_rcc.o(.text)
    RCC_PLLI2SConfig                         0x08001f55   Thumb Code    14  stm32f4xx_rcc.o(.text)
    RCC_PLLI2SCmd                            0x08001f63   Thumb Code     6  stm32f4xx_rcc.o(.text)
    RCC_PLLSAIConfig                         0x08001f69   Thumb Code    20  stm32f4xx_rcc.o(.text)
    RCC_PLLSAICmd                            0x08001f7d   Thumb Code     6  stm32f4xx_rcc.o(.text)
    RCC_ClockSecuritySystemCmd               0x08001f83   Thumb Code     6  stm32f4xx_rcc.o(.text)
    RCC_MCO1Config                           0x08001f89   Thumb Code    28  stm32f4xx_rcc.o(.text)
    RCC_MCO2Config                           0x08001fa5   Thumb Code    28  stm32f4xx_rcc.o(.text)
    RCC_SYSCLKConfig                         0x08001fc1   Thumb Code    20  stm32f4xx_rcc.o(.text)
    RCC_GetSYSCLKSource                      0x08001fd5   Thumb Code    12  stm32f4xx_rcc.o(.text)
    RCC_HCLKConfig                           0x08001fe1   Thumb Code    20  stm32f4xx_rcc.o(.text)
    RCC_PCLK1Config                          0x08001ff5   Thumb Code    20  stm32f4xx_rcc.o(.text)
    RCC_PCLK2Config                          0x08002009   Thumb Code    22  stm32f4xx_rcc.o(.text)
    RCC_GetClocksFreq                        0x0800201f   Thumb Code   222  stm32f4xx_rcc.o(.text)
    RCC_RTCCLKConfig                         0x080020fd   Thumb Code    54  stm32f4xx_rcc.o(.text)
    RCC_RTCCLKCmd                            0x08002133   Thumb Code     8  stm32f4xx_rcc.o(.text)
    RCC_BackupResetCmd                       0x0800213b   Thumb Code     8  stm32f4xx_rcc.o(.text)
    RCC_I2SCLKConfig                         0x08002143   Thumb Code     6  stm32f4xx_rcc.o(.text)
    RCC_SAIPLLI2SClkDivConfig                0x08002149   Thumb Code    26  stm32f4xx_rcc.o(.text)
    RCC_SAIPLLSAIClkDivConfig                0x08002163   Thumb Code    28  stm32f4xx_rcc.o(.text)
    RCC_SAIBlockACLKConfig                   0x0800217f   Thumb Code    20  stm32f4xx_rcc.o(.text)
    RCC_SAIBlockBCLKConfig                   0x08002193   Thumb Code    20  stm32f4xx_rcc.o(.text)
    RCC_LTDCCLKDivConfig                     0x080021a7   Thumb Code    20  stm32f4xx_rcc.o(.text)
    RCC_TIMCLKPresConfig                     0x080021bb   Thumb Code     6  stm32f4xx_rcc.o(.text)
    RCC_AHB1PeriphClockCmd                   0x080021c1   Thumb Code    34  stm32f4xx_rcc.o(.text)
    RCC_AHB2PeriphClockCmd                   0x080021e3   Thumb Code    78  stm32f4xx_rcc.o(.text)
    RCC_AHB3PeriphClockCmd                   0x08002231   Thumb Code    34  stm32f4xx_rcc.o(.text)
    RCC_APB1PeriphClockCmd                   0x08002253   Thumb Code    34  stm32f4xx_rcc.o(.text)
    RCC_APB2PeriphClockCmd                   0x08002275   Thumb Code    34  stm32f4xx_rcc.o(.text)
    RCC_AHB1PeriphResetCmd                   0x08002297   Thumb Code    34  stm32f4xx_rcc.o(.text)
    RCC_AHB2PeriphResetCmd                   0x080022b9   Thumb Code    34  stm32f4xx_rcc.o(.text)
    RCC_AHB3PeriphResetCmd                   0x080022db   Thumb Code    34  stm32f4xx_rcc.o(.text)
    RCC_APB1PeriphResetCmd                   0x080022fd   Thumb Code    34  stm32f4xx_rcc.o(.text)
    RCC_APB2PeriphResetCmd                   0x0800231f   Thumb Code    34  stm32f4xx_rcc.o(.text)
    RCC_AHB1PeriphClockLPModeCmd             0x08002341   Thumb Code    34  stm32f4xx_rcc.o(.text)
    RCC_AHB2PeriphClockLPModeCmd             0x08002363   Thumb Code    34  stm32f4xx_rcc.o(.text)
    RCC_AHB3PeriphClockLPModeCmd             0x08002385   Thumb Code    34  stm32f4xx_rcc.o(.text)
    RCC_APB1PeriphClockLPModeCmd             0x080023a7   Thumb Code    34  stm32f4xx_rcc.o(.text)
    RCC_APB2PeriphClockLPModeCmd             0x080023c9   Thumb Code    34  stm32f4xx_rcc.o(.text)
    RCC_LSEModeConfig                        0x080023eb   Thumb Code    40  stm32f4xx_rcc.o(.text)
    RCC_ITConfig                             0x08002413   Thumb Code    34  stm32f4xx_rcc.o(.text)
    RCC_ClearFlag                            0x08002435   Thumb Code    18  stm32f4xx_rcc.o(.text)
    RCC_GetITStatus                          0x08002447   Thumb Code    22  stm32f4xx_rcc.o(.text)
    RCC_ClearITPendingBit                    0x0800245d   Thumb Code     8  stm32f4xx_rcc.o(.text)
    USART_DeInit                             0x08002469   Thumb Code   206  stm32f4xx_usart.o(.text)
    USART_Init                               0x08002537   Thumb Code   204  stm32f4xx_usart.o(.text)
    USART_StructInit                         0x08002603   Thumb Code    24  stm32f4xx_usart.o(.text)
    USART_ClockInit                          0x0800261b   Thumb Code    32  stm32f4xx_usart.o(.text)
    USART_ClockStructInit                    0x0800263b   Thumb Code    12  stm32f4xx_usart.o(.text)
    USART_Cmd                                0x08002647   Thumb Code    24  stm32f4xx_usart.o(.text)
    USART_SetPrescaler                       0x0800265f   Thumb Code    16  stm32f4xx_usart.o(.text)
    USART_OverSampling8Cmd                   0x0800266f   Thumb Code    22  stm32f4xx_usart.o(.text)
    USART_OneBitMethodCmd                    0x08002685   Thumb Code    24  stm32f4xx_usart.o(.text)
    USART_SendData                           0x0800269d   Thumb Code     8  stm32f4xx_usart.o(.text)
    USART_ReceiveData                        0x080026a5   Thumb Code    10  stm32f4xx_usart.o(.text)
    USART_SetAddress                         0x080026af   Thumb Code    18  stm32f4xx_usart.o(.text)
    USART_ReceiverWakeUpCmd                  0x080026c1   Thumb Code    24  stm32f4xx_usart.o(.text)
    USART_WakeUpConfig                       0x080026d9   Thumb Code    18  stm32f4xx_usart.o(.text)
    USART_LINBreakDetectLengthConfig         0x080026eb   Thumb Code    18  stm32f4xx_usart.o(.text)
    USART_LINCmd                             0x080026fd   Thumb Code    24  stm32f4xx_usart.o(.text)
    USART_SendBreak                          0x08002715   Thumb Code    10  stm32f4xx_usart.o(.text)
    USART_HalfDuplexCmd                      0x0800271f   Thumb Code    24  stm32f4xx_usart.o(.text)
    USART_SetGuardTime                       0x08002737   Thumb Code    16  stm32f4xx_usart.o(.text)
    USART_SmartCardCmd                       0x08002747   Thumb Code    24  stm32f4xx_usart.o(.text)
    USART_SmartCardNACKCmd                   0x0800275f   Thumb Code    24  stm32f4xx_usart.o(.text)
    USART_IrDAConfig                         0x08002777   Thumb Code    18  stm32f4xx_usart.o(.text)
    USART_IrDACmd                            0x08002789   Thumb Code    24  stm32f4xx_usart.o(.text)
    USART_DMACmd                             0x080027a1   Thumb Code    18  stm32f4xx_usart.o(.text)
    USART_ITConfig                           0x080027b3   Thumb Code    74  stm32f4xx_usart.o(.text)
    USART_GetFlagStatus                      0x080027fd   Thumb Code    26  stm32f4xx_usart.o(.text)
    USART_ClearFlag                          0x08002817   Thumb Code    18  stm32f4xx_usart.o(.text)
    USART_GetITStatus                        0x08002829   Thumb Code   118  stm32f4xx_usart.o(.text)
    USART_ClearITPendingBit                  0x0800289f   Thumb Code    30  stm32f4xx_usart.o(.text)
    TIM_DeInit                               0x080028bd   Thumb Code   346  stm32f4xx_tim.o(.text)
    TIM_TimeBaseInit                         0x08002a17   Thumb Code   104  stm32f4xx_tim.o(.text)
    TIM_TimeBaseStructInit                   0x08002a7f   Thumb Code    18  stm32f4xx_tim.o(.text)
    TIM_PrescalerConfig                      0x08002a91   Thumb Code     6  stm32f4xx_tim.o(.text)
    TIM_CounterModeConfig                    0x08002a97   Thumb Code    18  stm32f4xx_tim.o(.text)
    TIM_SetCounter                           0x08002aa9   Thumb Code     4  stm32f4xx_tim.o(.text)
    TIM_SetAutoreload                        0x08002aad   Thumb Code     4  stm32f4xx_tim.o(.text)
    TIM_GetCounter                           0x08002ab1   Thumb Code     6  stm32f4xx_tim.o(.text)
    TIM_GetPrescaler                         0x08002ab7   Thumb Code     6  stm32f4xx_tim.o(.text)
    TIM_UpdateDisableConfig                  0x08002abd   Thumb Code    24  stm32f4xx_tim.o(.text)
    TIM_UpdateRequestConfig                  0x08002ad5   Thumb Code    24  stm32f4xx_tim.o(.text)
    TIM_ARRPreloadConfig                     0x08002aed   Thumb Code    24  stm32f4xx_tim.o(.text)
    TIM_SelectOnePulseMode                   0x08002b05   Thumb Code    18  stm32f4xx_tim.o(.text)
    TIM_SetClockDivision                     0x08002b17   Thumb Code    18  stm32f4xx_tim.o(.text)
    TIM_Cmd                                  0x08002b29   Thumb Code    24  stm32f4xx_tim.o(.text)
    TIM_OC1Init                              0x08002b41   Thumb Code   114  stm32f4xx_tim.o(.text)
    TIM_OC2Init                              0x08002bb3   Thumb Code   154  stm32f4xx_tim.o(.text)
    TIM_OC3Init                              0x08002c4d   Thumb Code   204  stm32f4xx_tim.o(.text)
    TIM_OC4Init                              0x08002d19   Thumb Code   112  stm32f4xx_tim.o(.text)
    TIM_OCStructInit                         0x08002d89   Thumb Code    20  stm32f4xx_tim.o(.text)
    TIM_SelectOCxM                           0x08002d9d   Thumb Code    86  stm32f4xx_tim.o(.text)
    TIM_SetCompare1                          0x08002df3   Thumb Code     4  stm32f4xx_tim.o(.text)
    TIM_SetCompare2                          0x08002df7   Thumb Code     4  stm32f4xx_tim.o(.text)
    TIM_SetCompare3                          0x08002dfb   Thumb Code     4  stm32f4xx_tim.o(.text)
    TIM_SetCompare4                          0x08002dff   Thumb Code     4  stm32f4xx_tim.o(.text)
    TIM_ForcedOC1Config                      0x08002e03   Thumb Code    18  stm32f4xx_tim.o(.text)
    TIM_ForcedOC2Config                      0x08002e15   Thumb Code    26  stm32f4xx_tim.o(.text)
    TIM_ForcedOC3Config                      0x08002e2f   Thumb Code    18  stm32f4xx_tim.o(.text)
    TIM_ForcedOC4Config                      0x08002e41   Thumb Code    26  stm32f4xx_tim.o(.text)
    TIM_OC1PreloadConfig                     0x08002e5b   Thumb Code    18  stm32f4xx_tim.o(.text)
    TIM_OC2PreloadConfig                     0x08002e6d   Thumb Code    26  stm32f4xx_tim.o(.text)
    TIM_OC3PreloadConfig                     0x08002e87   Thumb Code    18  stm32f4xx_tim.o(.text)
    TIM_OC4PreloadConfig                     0x08002e99   Thumb Code    26  stm32f4xx_tim.o(.text)
    TIM_OC1FastConfig                        0x08002eb3   Thumb Code    18  stm32f4xx_tim.o(.text)
    TIM_OC2FastConfig                        0x08002ec5   Thumb Code    26  stm32f4xx_tim.o(.text)
    TIM_OC3FastConfig                        0x08002edf   Thumb Code    18  stm32f4xx_tim.o(.text)
    TIM_OC4FastConfig                        0x08002ef1   Thumb Code    26  stm32f4xx_tim.o(.text)
    TIM_ClearOC1Ref                          0x08002f0b   Thumb Code    18  stm32f4xx_tim.o(.text)
    TIM_ClearOC2Ref                          0x08002f1d   Thumb Code    24  stm32f4xx_tim.o(.text)
    TIM_ClearOC3Ref                          0x08002f35   Thumb Code    18  stm32f4xx_tim.o(.text)
    TIM_ClearOC4Ref                          0x08002f47   Thumb Code    24  stm32f4xx_tim.o(.text)
    TIM_OC1PolarityConfig                    0x08002f5f   Thumb Code    18  stm32f4xx_tim.o(.text)
    TIM_OC1NPolarityConfig                   0x08002f71   Thumb Code    18  stm32f4xx_tim.o(.text)
    TIM_OC2PolarityConfig                    0x08002f83   Thumb Code    26  stm32f4xx_tim.o(.text)
    TIM_OC2NPolarityConfig                   0x08002f9d   Thumb Code    26  stm32f4xx_tim.o(.text)
    TIM_OC3PolarityConfig                    0x08002fb7   Thumb Code    26  stm32f4xx_tim.o(.text)
    TIM_OC3NPolarityConfig                   0x08002fd1   Thumb Code    26  stm32f4xx_tim.o(.text)
    TIM_OC4PolarityConfig                    0x08002feb   Thumb Code    26  stm32f4xx_tim.o(.text)
    TIM_CCxCmd                               0x08003005   Thumb Code    30  stm32f4xx_tim.o(.text)
    TIM_CCxNCmd                              0x08003023   Thumb Code    30  stm32f4xx_tim.o(.text)
    TIM_SetIC4Prescaler                      0x08003041   Thumb Code    26  stm32f4xx_tim.o(.text)
    TIM_SetIC3Prescaler                      0x080030ab   Thumb Code    18  stm32f4xx_tim.o(.text)
    TIM_SetIC2Prescaler                      0x08003105   Thumb Code    26  stm32f4xx_tim.o(.text)
    TIM_SetIC1Prescaler                      0x08003179   Thumb Code    18  stm32f4xx_tim.o(.text)
    TIM_ICInit                               0x080031c5   Thumb Code   110  stm32f4xx_tim.o(.text)
    TIM_ICStructInit                         0x08003233   Thumb Code    18  stm32f4xx_tim.o(.text)
    TIM_PWMIConfig                           0x08003245   Thumb Code   124  stm32f4xx_tim.o(.text)
    TIM_GetCapture1                          0x080032c1   Thumb Code     6  stm32f4xx_tim.o(.text)
    TIM_GetCapture2                          0x080032c7   Thumb Code     6  stm32f4xx_tim.o(.text)
    TIM_GetCapture3                          0x080032cd   Thumb Code     6  stm32f4xx_tim.o(.text)
    TIM_GetCapture4                          0x080032d3   Thumb Code     6  stm32f4xx_tim.o(.text)
    TIM_BDTRConfig                           0x080032d9   Thumb Code    32  stm32f4xx_tim.o(.text)
    TIM_BDTRStructInit                       0x080032f9   Thumb Code    18  stm32f4xx_tim.o(.text)
    TIM_CtrlPWMOutputs                       0x0800330b   Thumb Code    30  stm32f4xx_tim.o(.text)
    TIM_SelectCOM                            0x08003329   Thumb Code    24  stm32f4xx_tim.o(.text)
    TIM_CCPreloadControl                     0x08003341   Thumb Code    24  stm32f4xx_tim.o(.text)
    TIM_ITConfig                             0x08003359   Thumb Code    18  stm32f4xx_tim.o(.text)
    TIM_GenerateEvent                        0x0800336b   Thumb Code     4  stm32f4xx_tim.o(.text)
    TIM_GetFlagStatus                        0x0800336f   Thumb Code    18  stm32f4xx_tim.o(.text)
    TIM_ClearFlag                            0x08003381   Thumb Code     6  stm32f4xx_tim.o(.text)
    TIM_GetITStatus                          0x08003387   Thumb Code    34  stm32f4xx_tim.o(.text)
    TIM_ClearITPendingBit                    0x080033a9   Thumb Code     6  stm32f4xx_tim.o(.text)
    TIM_DMAConfig                            0x080033af   Thumb Code    10  stm32f4xx_tim.o(.text)
    TIM_DMACmd                               0x080033b9   Thumb Code    18  stm32f4xx_tim.o(.text)
    TIM_SelectCCDMA                          0x080033cb   Thumb Code    24  stm32f4xx_tim.o(.text)
    TIM_InternalClockConfig                  0x080033e3   Thumb Code    12  stm32f4xx_tim.o(.text)
    TIM_SelectInputTrigger                   0x080033ef   Thumb Code    18  stm32f4xx_tim.o(.text)
    TIM_ITRxExternalClockConfig              0x08003401   Thumb Code    24  stm32f4xx_tim.o(.text)
    TIM_TIxExternalClockConfig               0x08003419   Thumb Code    62  stm32f4xx_tim.o(.text)
    TIM_ETRConfig                            0x08003457   Thumb Code    28  stm32f4xx_tim.o(.text)
    TIM_ETRClockMode1Config                  0x08003473   Thumb Code    54  stm32f4xx_tim.o(.text)
    TIM_ETRClockMode2Config                  0x080034a9   Thumb Code    32  stm32f4xx_tim.o(.text)
    TIM_SelectOutputTrigger                  0x080034c9   Thumb Code    18  stm32f4xx_tim.o(.text)
    TIM_SelectSlaveMode                      0x080034db   Thumb Code    18  stm32f4xx_tim.o(.text)
    TIM_SelectMasterSlaveMode                0x080034ed   Thumb Code    18  stm32f4xx_tim.o(.text)
    TIM_EncoderInterfaceConfig               0x080034ff   Thumb Code    66  stm32f4xx_tim.o(.text)
    TIM_SelectHallSensor                     0x08003541   Thumb Code    24  stm32f4xx_tim.o(.text)
    TIM_RemapConfig                          0x08003559   Thumb Code     6  stm32f4xx_tim.o(.text)
    __use_no_semihosting                     0x0800355f   Thumb Code     2  use_no_semi_2.o(.text)
    __2printf                                0x08003561   Thumb Code    20  noretval__2printf.o(.text)
    _printf_int_dec                          0x08003579   Thumb Code   104  _printf_dec.o(.text)
    __printf                                 0x080035f1   Thumb Code   270  __printf_wp.o(.text)
    __use_two_region_memory                  0x080036ff   Thumb Code     2  heapauxi.o(.text)
    __rt_heap_escrow$2region                 0x08003701   Thumb Code     2  heapauxi.o(.text)
    __rt_heap_expand$2region                 0x08003703   Thumb Code     2  heapauxi.o(.text)
    __I$use$semihosting                      0x08003705   Thumb Code     0  use_no_semi.o(.text)
    __use_no_semihosting_swi                 0x08003705   Thumb Code     2  use_no_semi.o(.text)
    _printf_int_common                       0x08003707   Thumb Code   178  _printf_intcommon.o(.text)
    __lib_sel_fp_printf                      0x080037b9   Thumb Code     2  _printf_fp_dec.o(.text)
    _printf_fp_dec_real                      0x0800396b   Thumb Code   620  _printf_fp_dec.o(.text)
    _printf_char_file                        0x08003bd9   Thumb Code    32  _printf_char_file.o(.text)
    __rt_locale                              0x08003bfd   Thumb Code     8  rt_locale_intlibspace.o(.text)
    _ll_udiv10                               0x08003c05   Thumb Code   138  lludiv10.o(.text)
    _printf_char_common                      0x08003c9b   Thumb Code    32  _printf_char_common.o(.text)
    _printf_fp_infnan                        0x08003cc1   Thumb Code   112  _printf_fp_infnan.o(.text)
    _btod_etento                             0x08003d41   Thumb Code   224  bigflt0.o(.text)
    ferror                                   0x08003e25   Thumb Code     8  ferror.o(.text)
    __user_libspace                          0x08003e2d   Thumb Code     8  libspace.o(.text)
    __user_perproc_libspace                  0x08003e2d   Thumb Code     0  libspace.o(.text)
    __user_perthread_libspace                0x08003e2d   Thumb Code     0  libspace.o(.text)
    __user_setup_stackheap                   0x08003e35   Thumb Code    74  sys_stackheap_outer.o(.text)
    exit                                     0x08003e7f   Thumb Code    18  exit.o(.text)
    strcmp                                   0x08003e91   Thumb Code   128  strcmpv7m.o(.text)
    _btod_d2e                                0x08003f11   Thumb Code    62  btod.o(CL$$btod_d2e)
    _d2e_denorm_low                          0x08003f4f   Thumb Code    70  btod.o(CL$$btod_d2e_denorm_low)
    _d2e_norm_op1                            0x08003f95   Thumb Code    96  btod.o(CL$$btod_d2e_norm_op1)
    __btod_div_common                        0x08003ff5   Thumb Code   696  btod.o(CL$$btod_div_common)
    _e2e                                     0x0800432d   Thumb Code   220  btod.o(CL$$btod_e2e)
    _btod_ediv                               0x08004409   Thumb Code    42  btod.o(CL$$btod_ediv)
    _btod_emul                               0x08004433   Thumb Code    42  btod.o(CL$$btod_emul)
    __btod_mult_common                       0x0800445d   Thumb Code   580  btod.o(CL$$btod_mult_common)
    __ARM_fpclassify                         0x080046a1   Thumb Code    48  fpclassify.o(i.__ARM_fpclassify)
    _is_digit                                0x080046d1   Thumb Code    14  __printf_wp.o(i._is_digit)
    _get_lc_numeric                          0x080046e1   Thumb Code    44  lc_numeric_c.o(locale$$code)
    __aeabi_d2f                              0x0800470d   Thumb Code     0  d2f.o(x$fpl$d2f)
    _d2f                                     0x0800470d   Thumb Code    98  d2f.o(x$fpl$d2f)
    __aeabi_ddiv                             0x08004771   Thumb Code     0  ddiv.o(x$fpl$ddiv)
    _ddiv                                    0x08004771   Thumb Code   552  ddiv.o(x$fpl$ddiv)
    __aeabi_i2d                              0x08004a21   Thumb Code     0  dflt_clz.o(x$fpl$dflt)
    _dflt                                    0x08004a21   Thumb Code    46  dflt_clz.o(x$fpl$dflt)
    __aeabi_dmul                             0x08004a51   Thumb Code     0  dmul.o(x$fpl$dmul)
    _dmul                                    0x08004a51   Thumb Code   332  dmul.o(x$fpl$dmul)
    __fpl_dnaninf                            0x08004ba5   Thumb Code   156  dnaninf.o(x$fpl$dnaninf)
    __fpl_dretinf                            0x08004c41   Thumb Code    12  dretinf.o(x$fpl$dretinf)
    __aeabi_f2d                              0x08004c4d   Thumb Code     0  f2d.o(x$fpl$f2d)
    _f2d                                     0x08004c4d   Thumb Code    86  f2d.o(x$fpl$f2d)
    __fpl_fnaninf                            0x08004ca3   Thumb Code   140  fnaninf.o(x$fpl$fnaninf)
    _fp_init                                 0x08004d2f   Thumb Code    10  fpinit.o(x$fpl$fpinit)
    __fplib_config_fpu_vfp                   0x08004d37   Thumb Code     0  fpinit.o(x$fpl$fpinit)
    __fplib_config_pureend_doubles           0x08004d37   Thumb Code     0  fpinit.o(x$fpl$fpinit)
    __fpl_fretinf                            0x08004d39   Thumb Code    10  fretinf.o(x$fpl$fretinf)
    _printf_fp_dec                           0x08004d43   Thumb Code     4  printf1.o(x$fpl$printf1)
    __I$use$fp                               0x08004d46   Number         0  usenofp.o(x$fpl$usenofp)
    asc2_0806                                0x08004d46   Data         552  oled.o(.constdata)
    asc2_1206                                0x08004f6e   Data        1140  oled.o(.constdata)
    asc2_1608                                0x080053e2   Data        1520  oled.o(.constdata)
    asc2_2412                                0x080059d2   Data        3420  oled.o(.constdata)
    Hzk1                                     0x0800672e   Data         352  oled.o(.constdata)
    Hzk2                                     0x0800688e   Data          72  oled.o(.constdata)
    Hzk3                                     0x080068d6   Data         128  oled.o(.constdata)
    Hzk4                                     0x08006956   Data         512  oled.o(.constdata)
    Region$$Table$$Base                      0x08006bec   Number         0  anon$$obj.o(Region$$Table)
    Region$$Table$$Limit                     0x08006c0c   Number         0  anon$$obj.o(Region$$Table)
    encode                                   0x20000000   Data           4  main.o(.data)
    speed                                    0x20000004   Data           4  main.o(.data)
    t                                        0x20000008   Data           4  main.o(.data)
    sum                                      0x2000000c   Data           4  main.o(.data)
    SystemCoreClock                          0x20000010   Data           4  system_stm32f4xx.o(.data)
    AHBPrescTable                            0x20000014   Data          16  system_stm32f4xx.o(.data)
    RmtSta                                   0x20000024   Data           1  remote.o(.data)
    Dval                                     0x20000026   Data           2  remote.o(.data)
    RmtRec                                   0x20000028   Data           4  remote.o(.data)
    RmtCnt                                   0x2000002c   Data           1  remote.o(.data)
    Encoder_Timer_Overflow                   0x20000030   Data           2  timer.o(.data)
    Previous_Count                           0x20000034   Data           4  timer.o(.data)
    __stdout                                 0x2000003c   Data           4  usart.o(.data)
    USART_RX_STA                             0x20000040   Data           2  usart.o(.data)
    OLED_GRAM                                0x20000054   Data        1152  oled.o(.bss)
    USART_RX_BUF                             0x200004d4   Data         200  usart.o(.bss)
    __libspace_start                         0x2000059c   Data          96  libspace.o(.bss)
    __temporary_stack_top$libspace           0x200005fc   Data           0  libspace.o(.bss)



==============================================================================

Memory Map of the image

  Image Entry point : 0x08000189

  Load Region LR_IROM1 (Base: 0x08000000, Size: 0x00006c7c, Max: 0x00100000, ABSOLUTE)

    Execution Region ER_IROM1 (Exec base: 0x08000000, Load base: 0x08000000, Size: 0x00006c28, Max: 0x00100000, ABSOLUTE)

    Exec Addr    Load Addr    Size         Type   Attr      Idx    E Section Name        Object

    0x08000000   0x08000000   0x00000188   Data   RO          458    RESET               startup_stm32f40_41xxx.o
    0x08000188   0x08000188   0x00000008   Code   RO          645  * !!!main             c_w.l(__main.o)
    0x08000190   0x08000190   0x00000034   Code   RO          887    !!!scatter          c_w.l(__scatter.o)
    0x080001c4   0x080001c4   0x0000001a   Code   RO          889    !!handler_copy      c_w.l(__scatter_copy.o)
    0x080001de   0x080001de   0x00000002   PAD
    0x080001e0   0x080001e0   0x0000001c   Code   RO          891    !!handler_zi        c_w.l(__scatter_zi.o)
    0x080001fc   0x080001fc   0x00000000   Code   RO          642    .ARM.Collect$$_printf_percent$$00000000  c_w.l(_printf_percent.o)
    0x080001fc   0x080001fc   0x00000006   Code   RO          641    .ARM.Collect$$_printf_percent$$00000003  c_w.l(_printf_f.o)
    0x08000202   0x08000202   0x00000006   Code   RO          640    .ARM.Collect$$_printf_percent$$00000009  c_w.l(_printf_d.o)
    0x08000208   0x08000208   0x00000004   Code   RO          674    .ARM.Collect$$_printf_percent$$00000017  c_w.l(_printf_percent_end.o)
    0x0800020c   0x0800020c   0x00000002   Code   RO          762    .ARM.Collect$$libinit$$00000000  c_w.l(libinit.o)
    0x0800020e   0x0800020e   0x00000004   Code   RO          763    .ARM.Collect$$libinit$$00000001  c_w.l(libinit2.o)
    0x08000212   0x08000212   0x00000000   Code   RO          766    .ARM.Collect$$libinit$$00000004  c_w.l(libinit2.o)
    0x08000212   0x08000212   0x00000000   Code   RO          769    .ARM.Collect$$libinit$$0000000A  c_w.l(libinit2.o)
    0x08000212   0x08000212   0x00000000   Code   RO          771    .ARM.Collect$$libinit$$0000000C  c_w.l(libinit2.o)
    0x08000212   0x08000212   0x00000000   Code   RO          773    .ARM.Collect$$libinit$$0000000E  c_w.l(libinit2.o)
    0x08000212   0x08000212   0x00000006   Code   RO          774    .ARM.Collect$$libinit$$0000000F  c_w.l(libinit2.o)
    0x08000218   0x08000218   0x00000000   Code   RO          776    .ARM.Collect$$libinit$$00000011  c_w.l(libinit2.o)
    0x08000218   0x08000218   0x00000000   Code   RO          778    .ARM.Collect$$libinit$$00000013  c_w.l(libinit2.o)
    0x08000218   0x08000218   0x00000000   Code   RO          780    .ARM.Collect$$libinit$$00000015  c_w.l(libinit2.o)
    0x08000218   0x08000218   0x0000000a   Code   RO          781    .ARM.Collect$$libinit$$00000016  c_w.l(libinit2.o)
    0x08000222   0x08000222   0x00000000   Code   RO          782    .ARM.Collect$$libinit$$00000017  c_w.l(libinit2.o)
    0x08000222   0x08000222   0x00000000   Code   RO          784    .ARM.Collect$$libinit$$00000019  c_w.l(libinit2.o)
    0x08000222   0x08000222   0x00000000   Code   RO          786    .ARM.Collect$$libinit$$0000001B  c_w.l(libinit2.o)
    0x08000222   0x08000222   0x00000000   Code   RO          788    .ARM.Collect$$libinit$$0000001D  c_w.l(libinit2.o)
    0x08000222   0x08000222   0x00000000   Code   RO          790    .ARM.Collect$$libinit$$0000001F  c_w.l(libinit2.o)
    0x08000222   0x08000222   0x00000000   Code   RO          792    .ARM.Collect$$libinit$$00000021  c_w.l(libinit2.o)
    0x08000222   0x08000222   0x00000000   Code   RO          794    .ARM.Collect$$libinit$$00000023  c_w.l(libinit2.o)
    0x08000222   0x08000222   0x00000000   Code   RO          796    .ARM.Collect$$libinit$$00000025  c_w.l(libinit2.o)
    0x08000222   0x08000222   0x00000000   Code   RO          800    .ARM.Collect$$libinit$$0000002C  c_w.l(libinit2.o)
    0x08000222   0x08000222   0x00000000   Code   RO          802    .ARM.Collect$$libinit$$0000002E  c_w.l(libinit2.o)
    0x08000222   0x08000222   0x00000000   Code   RO          804    .ARM.Collect$$libinit$$00000030  c_w.l(libinit2.o)
    0x08000222   0x08000222   0x00000000   Code   RO          806    .ARM.Collect$$libinit$$00000032  c_w.l(libinit2.o)
    0x08000222   0x08000222   0x00000002   Code   RO          807    .ARM.Collect$$libinit$$00000033  c_w.l(libinit2.o)
    0x08000224   0x08000224   0x00000002   Code   RO          835    .ARM.Collect$$libshutdown$$00000000  c_w.l(libshutdown.o)
    0x08000226   0x08000226   0x00000000   Code   RO          844    .ARM.Collect$$libshutdown$$00000002  c_w.l(libshutdown2.o)
    0x08000226   0x08000226   0x00000000   Code   RO          846    .ARM.Collect$$libshutdown$$00000004  c_w.l(libshutdown2.o)
    0x08000226   0x08000226   0x00000000   Code   RO          848    .ARM.Collect$$libshutdown$$00000006  c_w.l(libshutdown2.o)
    0x08000226   0x08000226   0x00000000   Code   RO          851    .ARM.Collect$$libshutdown$$00000009  c_w.l(libshutdown2.o)
    0x08000226   0x08000226   0x00000000   Code   RO          854    .ARM.Collect$$libshutdown$$0000000C  c_w.l(libshutdown2.o)
    0x08000226   0x08000226   0x00000000   Code   RO          856    .ARM.Collect$$libshutdown$$0000000E  c_w.l(libshutdown2.o)
    0x08000226   0x08000226   0x00000000   Code   RO          859    .ARM.Collect$$libshutdown$$00000011  c_w.l(libshutdown2.o)
    0x08000226   0x08000226   0x00000002   Code   RO          860    .ARM.Collect$$libshutdown$$00000012  c_w.l(libshutdown2.o)
    0x08000228   0x08000228   0x00000000   Code   RO          667    .ARM.Collect$$rtentry$$00000000  c_w.l(__rtentry.o)
    0x08000228   0x08000228   0x00000000   Code   RO          685    .ARM.Collect$$rtentry$$00000002  c_w.l(__rtentry2.o)
    0x08000228   0x08000228   0x00000006   Code   RO          697    .ARM.Collect$$rtentry$$00000004  c_w.l(__rtentry4.o)
    0x0800022e   0x0800022e   0x00000000   Code   RO          687    .ARM.Collect$$rtentry$$00000009  c_w.l(__rtentry2.o)
    0x0800022e   0x0800022e   0x00000004   Code   RO          688    .ARM.Collect$$rtentry$$0000000A  c_w.l(__rtentry2.o)
    0x08000232   0x08000232   0x00000000   Code   RO          690    .ARM.Collect$$rtentry$$0000000C  c_w.l(__rtentry2.o)
    0x08000232   0x08000232   0x00000008   Code   RO          691    .ARM.Collect$$rtentry$$0000000D  c_w.l(__rtentry2.o)
    0x0800023a   0x0800023a   0x00000002   Code   RO          808    .ARM.Collect$$rtexit$$00000000  c_w.l(rtexit.o)
    0x0800023c   0x0800023c   0x00000000   Code   RO          815    .ARM.Collect$$rtexit$$00000002  c_w.l(rtexit2.o)
    0x0800023c   0x0800023c   0x00000004   Code   RO          816    .ARM.Collect$$rtexit$$00000003  c_w.l(rtexit2.o)
    0x08000240   0x08000240   0x00000006   Code   RO          817    .ARM.Collect$$rtexit$$00000004  c_w.l(rtexit2.o)
    0x08000246   0x08000246   0x00000002   PAD
    0x08000248   0x08000248   0x00000364   Code   RO            3    .text               main.o
    0x080005ac   0x080005ac   0x0000001a   Code   RO          170    .text               stm32f4xx_it.o
    0x080005c6   0x080005c6   0x00000002   PAD
    0x080005c8   0x080005c8   0x00000210   Code   RO          219    .text               system_stm32f4xx.o
    0x080007d8   0x080007d8   0x000002e0   Code   RO          265    .text               remote.o
    0x08000ab8   0x08000ab8   0x000009f4   Code   RO          291    .text               oled.o
    0x080014ac   0x080014ac   0x00000138   Code   RO          321    .text               pwm.o
    0x080015e4   0x080015e4   0x00000130   Code   RO          341    .text               timer.o
    0x08001714   0x08001714   0x000000f8   Code   RO          367    .text               balance.o
    0x0800180c   0x0800180c   0x00000104   Code   RO          387    .text               delay.o
    0x08001910   0x08001910   0x00000148   Code   RO          427    .text               usart.o
    0x08001a58   0x08001a58   0x00000040   Code   RO          459    .text               startup_stm32f40_41xxx.o
    0x08001a98   0x08001a98   0x000000e0   Code   RO          465    .text               misc.o
    0x08001b78   0x08001b78   0x00000294   Code   RO          485    .text               stm32f4xx_gpio.o
    0x08001e0c   0x08001e0c   0x0000065c   Code   RO          528    .text               stm32f4xx_rcc.o
    0x08002468   0x08002468   0x00000454   Code   RO          570    .text               stm32f4xx_usart.o
    0x080028bc   0x080028bc   0x00000ca2   Code   RO          590    .text               stm32f4xx_tim.o
    0x0800355e   0x0800355e   0x00000002   Code   RO          610    .text               c_w.l(use_no_semi_2.o)
    0x08003560   0x08003560   0x00000018   Code   RO          614    .text               c_w.l(noretval__2printf.o)
    0x08003578   0x08003578   0x00000078   Code   RO          618    .text               c_w.l(_printf_dec.o)
    0x080035f0   0x080035f0   0x0000010e   Code   RO          628    .text               c_w.l(__printf_wp.o)
    0x080036fe   0x080036fe   0x00000006   Code   RO          643    .text               c_w.l(heapauxi.o)
    0x08003704   0x08003704   0x00000002   Code   RO          665    .text               c_w.l(use_no_semi.o)
    0x08003706   0x08003706   0x000000b2   Code   RO          668    .text               c_w.l(_printf_intcommon.o)
    0x080037b8   0x080037b8   0x0000041e   Code   RO          670    .text               c_w.l(_printf_fp_dec.o)
    0x08003bd6   0x08003bd6   0x00000002   PAD
    0x08003bd8   0x08003bd8   0x00000024   Code   RO          672    .text               c_w.l(_printf_char_file.o)
    0x08003bfc   0x08003bfc   0x00000008   Code   RO          702    .text               c_w.l(rt_locale_intlibspace.o)
    0x08003c04   0x08003c04   0x0000008a   Code   RO          704    .text               c_w.l(lludiv10.o)
    0x08003c8e   0x08003c8e   0x00000002   PAD
    0x08003c90   0x08003c90   0x00000030   Code   RO          706    .text               c_w.l(_printf_char_common.o)
    0x08003cc0   0x08003cc0   0x00000080   Code   RO          708    .text               c_w.l(_printf_fp_infnan.o)
    0x08003d40   0x08003d40   0x000000e4   Code   RO          710    .text               c_w.l(bigflt0.o)
    0x08003e24   0x08003e24   0x00000008   Code   RO          735    .text               c_w.l(ferror.o)
    0x08003e2c   0x08003e2c   0x00000008   Code   RO          746    .text               c_w.l(libspace.o)
    0x08003e34   0x08003e34   0x0000004a   Code   RO          749    .text               c_w.l(sys_stackheap_outer.o)
    0x08003e7e   0x08003e7e   0x00000012   Code   RO          753    .text               c_w.l(exit.o)
    0x08003e90   0x08003e90   0x00000080   Code   RO          755    .text               c_w.l(strcmpv7m.o)
    0x08003f10   0x08003f10   0x0000003e   Code   RO          713    CL$$btod_d2e        c_w.l(btod.o)
    0x08003f4e   0x08003f4e   0x00000046   Code   RO          715    CL$$btod_d2e_denorm_low  c_w.l(btod.o)
    0x08003f94   0x08003f94   0x00000060   Code   RO          714    CL$$btod_d2e_norm_op1  c_w.l(btod.o)
    0x08003ff4   0x08003ff4   0x00000338   Code   RO          723    CL$$btod_div_common  c_w.l(btod.o)
    0x0800432c   0x0800432c   0x000000dc   Code   RO          720    CL$$btod_e2e        c_w.l(btod.o)
    0x08004408   0x08004408   0x0000002a   Code   RO          717    CL$$btod_ediv       c_w.l(btod.o)
    0x08004432   0x08004432   0x0000002a   Code   RO          716    CL$$btod_emul       c_w.l(btod.o)
    0x0800445c   0x0800445c   0x00000244   Code   RO          722    CL$$btod_mult_common  c_w.l(btod.o)
    0x080046a0   0x080046a0   0x00000030   Code   RO          744    i.__ARM_fpclassify  m_wm.l(fpclassify.o)
    0x080046d0   0x080046d0   0x0000000e   Code   RO          630    i._is_digit         c_w.l(__printf_wp.o)
    0x080046de   0x080046de   0x00000002   PAD
    0x080046e0   0x080046e0   0x0000002c   Code   RO          740    locale$$code        c_w.l(lc_numeric_c.o)
    0x0800470c   0x0800470c   0x00000062   Code   RO          647    x$fpl$d2f           fz_wm.l(d2f.o)
    0x0800476e   0x0800476e   0x00000002   PAD
    0x08004770   0x08004770   0x000002b0   Code   RO          650    x$fpl$ddiv          fz_wm.l(ddiv.o)
    0x08004a20   0x08004a20   0x0000002e   Code   RO          654    x$fpl$dflt          fz_wm.l(dflt_clz.o)
    0x08004a4e   0x08004a4e   0x00000002   PAD
    0x08004a50   0x08004a50   0x00000154   Code   RO          659    x$fpl$dmul          fz_wm.l(dmul.o)
    0x08004ba4   0x08004ba4   0x0000009c   Code   RO          675    x$fpl$dnaninf       fz_wm.l(dnaninf.o)
    0x08004c40   0x08004c40   0x0000000c   Code   RO          677    x$fpl$dretinf       fz_wm.l(dretinf.o)
    0x08004c4c   0x08004c4c   0x00000056   Code   RO          661    x$fpl$f2d           fz_wm.l(f2d.o)
    0x08004ca2   0x08004ca2   0x0000008c   Code   RO          679    x$fpl$fnaninf       fz_wm.l(fnaninf.o)
    0x08004d2e   0x08004d2e   0x0000000a   Code   RO          812    x$fpl$fpinit        fz_wm.l(fpinit.o)
    0x08004d38   0x08004d38   0x0000000a   Code   RO          681    x$fpl$fretinf       fz_wm.l(fretinf.o)
    0x08004d42   0x08004d42   0x00000004   Code   RO          663    x$fpl$printf1       fz_wm.l(printf1.o)
    0x08004d46   0x08004d46   0x00000000   Code   RO          683    x$fpl$usenofp       fz_wm.l(usenofp.o)
    0x08004d46   0x08004d46   0x00001e10   Data   RO          293    .constdata          oled.o
    0x08006b56   0x08006b56   0x00000002   PAD
    0x08006b58   0x08006b58   0x00000094   Data   RO          711    .constdata          c_w.l(bigflt0.o)
    0x08006bec   0x08006bec   0x00000020   Data   RO          885    Region$$Table       anon$$obj.o
    0x08006c0c   0x08006c0c   0x0000001c   Data   RO          739    locale$$data        c_w.l(lc_numeric_c.o)


    Execution Region RW_IRAM1 (Exec base: 0x20000000, Load base: 0x08006c28, Size: 0x00000c00, Max: 0x00020000, ABSOLUTE)

    Exec Addr    Load Addr    Size         Type   Attr      Idx    E Section Name        Object

    0x20000000   0x08006c28   0x00000010   Data   RW            4    .data               main.o
    0x20000010   0x08006c38   0x00000014   Data   RW          220    .data               system_stm32f4xx.o
    0x20000024   0x08006c4c   0x00000009   Data   RW          266    .data               remote.o
    0x2000002d   0x08006c55   0x00000003   PAD
    0x20000030   0x08006c58   0x00000008   Data   RW          342    .data               timer.o
    0x20000038   0x08006c60   0x00000004   Data   RW          388    .data               delay.o
    0x2000003c   0x08006c64   0x00000006   Data   RW          429    .data               usart.o
    0x20000042   0x08006c6a   0x00000010   Data   RW          529    .data               stm32f4xx_rcc.o
    0x20000052   0x08006c7a   0x00000002   PAD
    0x20000054        -       0x00000480   Zero   RW          292    .bss                oled.o
    0x200004d4        -       0x000000c8   Zero   RW          428    .bss                usart.o
    0x2000059c        -       0x00000060   Zero   RW          747    .bss                c_w.l(libspace.o)
    0x200005fc   0x08006c7a   0x00000004   PAD
    0x20000600        -       0x00000200   Zero   RW          457    HEAP                startup_stm32f40_41xxx.o
    0x20000800        -       0x00000400   Zero   RW          456    STACK               startup_stm32f40_41xxx.o


==============================================================================

Image component sizes


      Code (inc. data)   RO Data    RW Data    ZI Data      Debug   Object Name

       248          8          0          0          0        904   balance.o
       260          8          0          4          0       1497   delay.o
       868        212          0         16          0     283424   main.o
       224         20          0          0          0       1833   misc.o
      2548         50       7696          0       1152       9439   oled.o
       312         12          0          0          0       1204   pwm.o
       736         28          0          9          0       1886   remote.o
        64         26        392          0       1536        840   startup_stm32f40_41xxx.o
       660         44          0          0          0       4177   stm32f4xx_gpio.o
        26          0          0          0          0       1230   stm32f4xx_it.o
      1628         52          0         16          0      13056   stm32f4xx_rcc.o
      3234         60          0          0          0      23032   stm32f4xx_tim.o
      1108         34          0          0          0       7900   stm32f4xx_usart.o
       528         46          0         20          0       1803   system_stm32f4xx.o
       304         22          0          8          0       1699   timer.o
       328         16          0          6        200       3318   usart.o

    ----------------------------------------------------------------------
     13078        638       8122         84       2888     357242   Object Totals
         0          0         32          0          0          0   (incl. Generated)
         2          0          2          5          0          0   (incl. Padding)

    ----------------------------------------------------------------------

      Code (inc. data)   RO Data    RW Data    ZI Data      Debug   Library Member Name

         8          0          0          0          0         68   __main.o
       284          0          0          0          0        156   __printf_wp.o
         0          0          0          0          0          0   __rtentry.o
        12          0          0          0          0          0   __rtentry2.o
         6          0          0          0          0          0   __rtentry4.o
        52          8          0          0          0          0   __scatter.o
        26          0          0          0          0          0   __scatter_copy.o
        28          0          0          0          0          0   __scatter_zi.o
        48          6          0          0          0         96   _printf_char_common.o
        36          4          0          0          0         80   _printf_char_file.o
         6          0          0          0          0          0   _printf_d.o
       120         16          0          0          0         92   _printf_dec.o
         6          0          0          0          0          0   _printf_f.o
      1054          0          0          0          0        216   _printf_fp_dec.o
       128         16          0          0          0         84   _printf_fp_infnan.o
       178          0          0          0          0         88   _printf_intcommon.o
         0          0          0          0          0          0   _printf_percent.o
         4          0          0          0          0          0   _printf_percent_end.o
       228          4        148          0          0         96   bigflt0.o
      1936        128          0          0          0        672   btod.o
        18          0          0          0          0         80   exit.o
         8          0          0          0          0         68   ferror.o
         6          0          0          0          0        152   heapauxi.o
        44         10         28          0          0         76   lc_numeric_c.o
         2          0          0          0          0          0   libinit.o
        22          0          0          0          0          0   libinit2.o
         2          0          0          0          0          0   libshutdown.o
         2          0          0          0          0          0   libshutdown2.o
         8          4          0          0         96         68   libspace.o
       138          0          0          0          0         80   lludiv10.o
        24          4          0          0          0         84   noretval__2printf.o
         8          4          0          0          0         68   rt_locale_intlibspace.o
         2          0          0          0          0          0   rtexit.o
        10          0          0          0          0          0   rtexit2.o
       128          0          0          0          0         68   strcmpv7m.o
        74          0          0          0          0         80   sys_stackheap_outer.o
         2          0          0          0          0         68   use_no_semi.o
         2          0          0          0          0         68   use_no_semi_2.o
        98          4          0          0          0        140   d2f.o
       688        140          0          0          0        256   ddiv.o
        46          0          0          0          0        116   dflt_clz.o
       340         12          0          0          0        152   dmul.o
       156          4          0          0          0        140   dnaninf.o
        12          0          0          0          0        116   dretinf.o
        86          4          0          0          0        132   f2d.o
       140          4          0          0          0        132   fnaninf.o
        10          0          0          0          0        116   fpinit.o
        10          0          0          0          0        116   fretinf.o
         4          0          0          0          0        116   printf1.o
         0          0          0          0          0          0   usenofp.o
        48          0          0          0          0        124   fpclassify.o

    ----------------------------------------------------------------------
      6312        372        176          0        100       4264   Library Totals
        14          0          0          0          4          0   (incl. Padding)

    ----------------------------------------------------------------------

      Code (inc. data)   RO Data    RW Data    ZI Data      Debug   Library Name

      4660        204        176          0         96       2608   c_w.l
      1590        168          0          0          0       1532   fz_wm.l
        48          0          0          0          0        124   m_wm.l

    ----------------------------------------------------------------------
      6312        372        176          0        100       4264   Library Totals

    ----------------------------------------------------------------------

==============================================================================


      Code (inc. data)   RO Data    RW Data    ZI Data      Debug   

     19390       1010       8298         84       2988     356102   Grand Totals
     19390       1010       8298         84       2988     356102   ELF Image Totals
     19390       1010       8298         84          0          0   ROM Totals

==============================================================================

    Total RO  Size (Code + RO Data)                27688 (  27.04kB)
    Total RW  Size (RW Data + ZI Data)              3072 (   3.00kB)
    Total ROM Size (Code + RO Data + RW Data)      27772 (  27.12kB)

==============================================================================

