<html>
<body>
<pre>
<h1>礦ision Build Log</h1>
<h2>Tool Versions:</h2>
IDE-Version: μVision V5.25.3.0
Copyright (C) 2018 ARM Ltd and ARM Germany GmbH. All rights reserved.
License Information: 王 永泰, 123, LIC=47GU5-G2MF7-306NC-7214A-XMR39-7I9G4
 
Tool Versions:
Toolchain:       MDK-ARM Plus  Version: 5.36.0.0
Toolchain Path:  F:\MDK\ARM\ARMCC\Bin
C Compiler:      Armcc.exe V5.06 update 7 (build 960)
Assembler:       Armasm.exe V5.06 update 7 (build 960)
Linker/Locator:  ArmLink.exe V5.06 update 7 (build 960)
Library Manager: ArmAr.exe V5.06 update 7 (build 960)
Hex Converter:   FromElf.exe V5.06 update 7 (build 960)
CPU DLL:         SARMCM3.DLL V5.36.0.0
Dialog DLL:      DCM.DLL V1.17.3.0
Target DLL:      UL2CM3.DLL V1.164.0.0
Dialog DLL:      TCM.DLL V1.53.0.0
 
<h2>Project:</h2>
C:\Users\dell\Desktop\小项目\Motor_Master\USER\OV7725.uvprojx
Project File Date:  01/12/2023

<h2>Output:</h2>
*** Using Compiler 'V5.06 update 7 (build 960)', folder: 'F:\MDK\ARM\ARMCC\Bin'
Build target 'OV7725'
compiling main.c...
main.c(132): warning:  #177-D: variable "t"  was declared but never referenced
  	u8 t;
main.c(133): warning:  #177-D: variable "sendmask"  was declared but never referenced
  	u8 sendmask=0;
main.c(134): warning:  #177-D: variable "sendcnt"  was declared but never referenced
  	u8 sendcnt=0;
main.c(135): warning:  #177-D: variable "sendbuf"  was declared but never referenced
  	u8 sendbuf[20];	  
main.c(140): warning:  #177-D: variable "i"  was declared but never referenced
  	u8 i,j;
main.c(140): warning:  #177-D: variable "j"  was declared but never referenced
  	u8 i,j;
main.c: 6 warnings, 0 errors
linking...
Program Size: Code=21240 RO-data=6656 RW-data=144 ZI-data=25000  
FromELF: creating hex file...
"..\OBJ\OV7670.axf" - 0 Error(s), 6 Warning(s).

<h2>Software Packages used:</h2>

Package Vendor: Keil
                http://www.keil.com/pack/Keil.STM32F1xx_DFP.2.3.0.pack
                Keil.STM32F1xx_DFP.2.3.0
                STMicroelectronics STM32F1 Series Device Support, Drivers and Examples

<h2>Collection of Component include folders:</h2>
  .\RTE\_OV7725
  F:\MDK\packs\Keil\STM32F1xx_DFP\2.3.0\Device\Include

<h2>Collection of Component Files used:</h2>
Build Time Elapsed:  00:00:01
</pre>
</body>
</html>
