<html>
<body>
<pre>
<h1>µVision Build Log</h1>
<h2>Tool Versions:</h2>
IDE-Version: ¶ÃVision V5.25.3.0
Copyright (C) 2018 ARM Ltd and ARM Germany GmbH. All rights reserved.
License Information: Õı ”¿Ã©, 123, LIC=47GU5-G2MF7-306NC-7214A-XMR39-7I9G4
 
Tool Versions:
Toolchain:       MDK-ARM Plus  Version: 5.36.0.0
Toolchain Path:  F:\MDK\ARM\ARMCC\Bin
C Compiler:      Armcc.exe V5.06 update 7 (build 960)
Assembler:       Armasm.exe V5.06 update 7 (build 960)
Linker/Locator:  ArmLink.exe V5.06 update 7 (build 960)
Library Manager: ArmAr.exe V5.06 update 7 (build 960)
Hex Converter:   FromElf.exe V5.06 update 7 (build 960)
CPU DLL:         SARMCM3.DLL V5.36.0.0
Dialog DLL:      DARMSTM.DLL V1.68.0.0
Target DLL:      STLink\ST-LINKIII-KEIL_SWO.dll V3.0.9.0
Dialog DLL:      TARMSTM.DLL V1.66.0.0
 
<h2>Project:</h2>
C:\Users\dell\Desktop\Motor_slave_1\USER\PWM.uvprojx
Project File Date:  01/04/2023

<h2>Output:</h2>
*** Using Compiler 'V5.06 update 7 (build 960)', folder: 'F:\MDK\ARM\ARMCC\Bin'
Rebuild target 'PWM'
compiling led.c...
compiling stm32f10x_it.c...
compiling key.c...
compiling main.c...
..\HARDWARE\SPI\spi.h(14): warning:  #47-D: incompatible redefinition of macro "EN1"  (declared at line 16 of "..\HARDWARE\MOTOR\Motor.h")
  #define EN1 	PBout(0) = 1
main.c: 1 warning, 0 errors
compiling Motor.c...
compiling timer.c...
compiling system_stm32f10x.c...
assembling startup_stm32f10x_hd.s...
compiling delay.c...
compiling PID.c...
compiling spi.c...
compiling usart.c...
compiling core_cm3.c...
compiling sys.c...
compiling misc.c...
compiling stm32f10x_gpio.c...
compiling stm32f10x_rcc.c...
compiling stm32f10x_exti.c...
compiling stm32f10x_usart.c...
compiling stm32f10x_tim.c...
compiling stm32f10x_spi.c...
linking...
Program Size: Code=11488 RO-data=336 RW-data=56 ZI-data=1856  
FromELF: creating hex file...
"..\OBJ\PWM.axf" - 0 Error(s), 1 Warning(s).

<h2>Software Packages used:</h2>

Package Vendor: Keil
                http://www.keil.com/pack/Keil.STM32F1xx_DFP.2.3.0.pack
                Keil.STM32F1xx_DFP.2.3.0
                STMicroelectronics STM32F1 Series Device Support, Drivers and Examples

<h2>Collection of Component include folders:</h2>
  .\RTE\_PWM
  F:\MDK\packs\Keil\STM32F1xx_DFP\2.3.0\Device\Include

<h2>Collection of Component Files used:</h2>
Build Time Elapsed:  00:00:03
</pre>
</body>
</html>
